Component: Arm Compiler for Embedded 6.18 Tool: armlink [5e4cc100]

==============================================================================

Section Cross References

    startup_stm32f103xe.o(STACK) refers (Special) to heapauxi.o(.text) for __use_two_region_memory
    startup_stm32f103xe.o(HEAP) refers (Special) to heapauxi.o(.text) for __use_two_region_memory
    startup_stm32f103xe.o(RESET) refers (Special) to heapauxi.o(.text) for __use_two_region_memory
    startup_stm32f103xe.o(RESET) refers to startup_stm32f103xe.o(STACK) for __initial_sp
    startup_stm32f103xe.o(RESET) refers to startup_stm32f103xe.o(.text) for Reset_Handler
    startup_stm32f103xe.o(RESET) refers to stm32f1xx_it.o(.text.NMI_Handler) for NMI_Handler
    startup_stm32f103xe.o(RESET) refers to stm32f1xx_it.o(.text.HardFault_Handler) for HardFault_Handler
    startup_stm32f103xe.o(RESET) refers to stm32f1xx_it.o(.text.MemManage_Handler) for MemManage_Handler
    startup_stm32f103xe.o(RESET) refers to stm32f1xx_it.o(.text.BusFault_Handler) for BusFault_Handler
    startup_stm32f103xe.o(RESET) refers to stm32f1xx_it.o(.text.UsageFault_Handler) for UsageFault_Handler
    startup_stm32f103xe.o(RESET) refers to stm32f1xx_it.o(.text.SVC_Handler) for SVC_Handler
    startup_stm32f103xe.o(RESET) refers to stm32f1xx_it.o(.text.DebugMon_Handler) for DebugMon_Handler
    startup_stm32f103xe.o(RESET) refers to stm32f1xx_it.o(.text.PendSV_Handler) for PendSV_Handler
    startup_stm32f103xe.o(RESET) refers to stm32f1xx_it.o(.text.SysTick_Handler) for SysTick_Handler
    startup_stm32f103xe.o(RESET) refers to stm32f1xx_it.o(.text.DMA1_Channel5_IRQHandler) for DMA1_Channel5_IRQHandler
    startup_stm32f103xe.o(RESET) refers to stm32f1xx_it.o(.text.USART1_IRQHandler) for USART1_IRQHandler
    startup_stm32f103xe.o(RESET) refers to stm32f1xx_it.o(.text.USART2_IRQHandler) for USART2_IRQHandler
    startup_stm32f103xe.o(.text) refers (Special) to heapauxi.o(.text) for __use_two_region_memory
    startup_stm32f103xe.o(.text) refers to system_stm32f1xx.o(.text.SystemInit) for SystemInit
    startup_stm32f103xe.o(.text) refers to __main.o(!!!main) for __main
    startup_stm32f103xe.o(.text) refers to startup_stm32f103xe.o(HEAP) for Heap_Mem
    startup_stm32f103xe.o(.text) refers to startup_stm32f103xe.o(STACK) for Stack_Mem
    jy62.o(.text.jy62_Init) refers to jy62.o(.bss.jy62_huart) for jy62_huart
    jy62.o(.text.jy62_Init) refers to jy62.o(.bss.jy62Receive) for jy62Receive
    jy62.o(.text.jy62_Init) refers to stm32f1xx_hal_uart.o(.text.HAL_UART_Receive_DMA) for HAL_UART_Receive_DMA
    jy62.o(.ARM.exidx.text.jy62_Init) refers to jy62.o(.text.jy62_Init) for [Anonymous Symbol]
    jy62.o(.text.jy62MessageRecord) refers to jy62.o(.bss.jy62Receive) for jy62Receive
    jy62.o(.text.jy62MessageRecord) refers to jy62.o(.bss.jy62Message) for jy62Message
    jy62.o(.text.jy62MessageRecord) refers to jy62.o(.text.Decode) for Decode
    jy62.o(.text.jy62MessageRecord) refers to jy62.o(.bss.jy62_huart) for jy62_huart
    jy62.o(.text.jy62MessageRecord) refers to stm32f1xx_hal_uart.o(.text.HAL_UART_Receive_DMA) for HAL_UART_Receive_DMA
    jy62.o(.ARM.exidx.text.jy62MessageRecord) refers to jy62.o(.text.jy62MessageRecord) for [Anonymous Symbol]
    jy62.o(.text.SetBaud) refers to jy62.o(.data..L_MergedGlobals) for .L_MergedGlobals
    jy62.o(.text.SetBaud) refers to jy62.o(.bss.jy62_huart) for jy62_huart
    jy62.o(.text.SetBaud) refers to stm32f1xx_hal_uart.o(.text.HAL_UART_Transmit) for HAL_UART_Transmit
    jy62.o(.ARM.exidx.text.SetBaud) refers to jy62.o(.text.SetBaud) for [Anonymous Symbol]
    jy62.o(.text.SetHorizontal) refers to jy62.o(.bss.jy62_huart) for jy62_huart
    jy62.o(.text.SetHorizontal) refers to jy62.o(.data.setHorizontal) for setHorizontal
    jy62.o(.text.SetHorizontal) refers to stm32f1xx_hal_uart.o(.text.HAL_UART_Transmit) for HAL_UART_Transmit
    jy62.o(.ARM.exidx.text.SetHorizontal) refers to jy62.o(.text.SetHorizontal) for [Anonymous Symbol]
    jy62.o(.text.SetVertical) refers to jy62.o(.bss.jy62_huart) for jy62_huart
    jy62.o(.text.SetVertical) refers to jy62.o(.data.setVertical) for setVertical
    jy62.o(.text.SetVertical) refers to stm32f1xx_hal_uart.o(.text.HAL_UART_Transmit) for HAL_UART_Transmit
    jy62.o(.ARM.exidx.text.SetVertical) refers to jy62.o(.text.SetVertical) for [Anonymous Symbol]
    jy62.o(.text.InitAngle) refers to jy62.o(.bss.jy62_huart) for jy62_huart
    jy62.o(.text.InitAngle) refers to jy62.o(.data.initAngle) for initAngle
    jy62.o(.text.InitAngle) refers to stm32f1xx_hal_uart.o(.text.HAL_UART_Transmit) for HAL_UART_Transmit
    jy62.o(.ARM.exidx.text.InitAngle) refers to jy62.o(.text.InitAngle) for [Anonymous Symbol]
    jy62.o(.text.Calibrate) refers to jy62.o(.bss.jy62_huart) for jy62_huart
    jy62.o(.text.Calibrate) refers to jy62.o(.data.calibrateAcce) for calibrateAcce
    jy62.o(.text.Calibrate) refers to stm32f1xx_hal_uart.o(.text.HAL_UART_Transmit) for HAL_UART_Transmit
[...]
    RESET                                    0x08000000   Section      304  startup_stm32f103xe.o(RESET)
    !!!main                                  0x08000130   Section        8  __main.o(!!!main)
    !!!scatter                               0x08000138   Section       52  __scatter.o(!!!scatter)
    !!handler_copy                           0x0800016c   Section       26  __scatter_copy.o(!!handler_copy)
    !!handler_zi                             0x08000188   Section       28  __scatter_zi.o(!!handler_zi)
    .ARM.Collect$$_printf_percent$$00000000  0x080001a4   Section        0  _printf_percent.o(.ARM.Collect$$_printf_percent$$00000000)
    .ARM.Collect$$_printf_percent$$00000001  0x080001a4   Section        6  _printf_n.o(.ARM.Collect$$_printf_percent$$00000001)
    .ARM.Collect$$_printf_percent$$00000002  0x080001aa   Section        6  _printf_p.o(.ARM.Collect$$_printf_percent$$00000002)
    .ARM.Collect$$_printf_percent$$00000003  0x080001b0   Section        6  _printf_f.o(.ARM.Collect$$_printf_percent$$00000003)
    .ARM.Collect$$_printf_percent$$00000004  0x080001b6   Section        6  _printf_e.o(.ARM.Collect$$_printf_percent$$00000004)
    .ARM.Collect$$_printf_percent$$00000005  0x080001bc   Section        6  _printf_g.o(.ARM.Collect$$_printf_percent$$00000005)
    .ARM.Collect$$_printf_percent$$00000006  0x080001c2   Section        6  _printf_a.o(.ARM.Collect$$_printf_percent$$00000006)
    .ARM.Collect$$_printf_percent$$00000007  0x080001c8   Section       10  _printf_ll.o(.ARM.Collect$$_printf_percent$$00000007)
    .ARM.Collect$$_printf_percent$$00000008  0x080001d2   Section        6  _printf_i.o(.ARM.Collect$$_printf_percent$$00000008)
    .ARM.Collect$$_printf_percent$$00000009  0x080001d8   Section        6  _printf_d.o(.ARM.Collect$$_printf_percent$$00000009)
    .ARM.Collect$$_printf_percent$$0000000A  0x080001de   Section        6  _printf_u.o(.ARM.Collect$$_printf_percent$$0000000A)
    .ARM.Collect$$_printf_percent$$0000000B  0x080001e4   Section        6  _printf_o.o(.ARM.Collect$$_printf_percent$$0000000B)
    .ARM.Collect$$_printf_percent$$0000000C  0x080001ea   Section        6  _printf_x.o(.ARM.Collect$$_printf_percent$$0000000C)
    .ARM.Collect$$_printf_percent$$0000000D  0x080001f0   Section        6  _printf_lli.o(.ARM.Collect$$_printf_percent$$0000000D)
    .ARM.Collect$$_printf_percent$$0000000E  0x080001f6   Section        6  _printf_lld.o(.ARM.Collect$$_printf_percent$$0000000E)
    .ARM.Collect$$_printf_percent$$0000000F  0x080001fc   Section        6  _printf_llu.o(.ARM.Collect$$_printf_percent$$0000000F)
    .ARM.Collect$$_printf_percent$$00000010  0x08000202   Section        6  _printf_llo.o(.ARM.Collect$$_printf_percent$$00000010)
    .ARM.Collect$$_printf_percent$$00000011  0x08000208   Section        6  _printf_llx.o(.ARM.Collect$$_printf_percent$$00000011)
    .ARM.Collect$$_printf_percent$$00000012  0x0800020e   Section       10  _printf_l.o(.ARM.Collect$$_printf_percent$$00000012)
    .ARM.Collect$$_printf_percent$$00000013  0x08000218   Section        6  _printf_c.o(.ARM.Collect$$_printf_percent$$00000013)
    .ARM.Collect$$_printf_percent$$00000014  0x0800021e   Section        6  _printf_s.o(.ARM.Collect$$_printf_percent$$00000014)
    .ARM.Collect$$_printf_percent$$00000015  0x08000224   Section        6  _printf_lc.o(.ARM.Collect$$_printf_percent$$00000015)
    .ARM.Collect$$_printf_percent$$00000016  0x0800022a   Section        6  _printf_ls.o(.ARM.Collect$$_printf_percent$$00000016)
    .ARM.Collect$$_printf_percent$$00000017  0x08000230   Section        4  _printf_percent_end.o(.ARM.Collect$$_printf_percent$$00000017)
    .ARM.Collect$$libinit$$00000000          0x08000234   Section        2  libinit.o(.ARM.Collect$$libinit$$00000000)
    .ARM.Collect$$libinit$$00000002          0x08000236   Section        0  libinit2.o(.ARM.Collect$$libinit$$00000002)
    .ARM.Collect$$libinit$$00000004          0x08000236   Section        0  libinit2.o(.ARM.Collect$$libinit$$00000004)
    .ARM.Collect$$libinit$$00000006          0x08000236   Section        0  libinit2.o(.ARM.Collect$$libinit$$00000006)
    .ARM.Collect$$libinit$$0000000C          0x08000236   Section        0  libinit2.o(.ARM.Collect$$libinit$$0000000C)
    .ARM.Collect$$libinit$$0000000E          0x08000236   Section        0  libinit2.o(.ARM.Collect$$libinit$$0000000E)
    .ARM.Collect$$libinit$$0000000F          0x08000236   Section        4  libinit2.o(.ARM.Collect$$libinit$$0000000F)
    .ARM.Collect$$libinit$$00000010          0x0800023a   Section        0  libinit2.o(.ARM.Collect$$libinit$$00000010)
    .ARM.Collect$$libinit$$00000011          0x0800023a   Section        6  libinit2.o(.ARM.Collect$$libinit$$00000011)
    .ARM.Collect$$libinit$$00000013          0x08000240   Section        0  libinit2.o(.ARM.Collect$$libinit$$00000013)
    .ARM.Collect$$libinit$$00000014          0x08000240   Section       12  libinit2.o(.ARM.Collect$$libinit$$00000014)
    .ARM.Collect$$libinit$$00000015          0x0800024c   Section        0  libinit2.o(.ARM.Collect$$libinit$$00000015)
    .ARM.Collect$$libinit$$00000017          0x0800024c   Section        0  libinit2.o(.ARM.Collect$$libinit$$00000017)
    .ARM.Collect$$libinit$$00000018          0x0800024c   Section       10  libinit2.o(.ARM.Collect$$libinit$$00000018)
    .ARM.Collect$$libinit$$00000019          0x08000256   Section        0  libinit2.o(.ARM.Collect$$libinit$$00000019)
    .ARM.Collect$$libinit$$0000001B          0x08000256   Section        0  libinit2.o(.ARM.Collect$$libinit$$0000001B)
    .ARM.Collect$$libinit$$0000001D          0x08000256   Section        0  libinit2.o(.ARM.Collect$$libinit$$0000001D)
    .ARM.Collect$$libinit$$0000001F          0x08000256   Section        0  libinit2.o(.ARM.Collect$$libinit$$0000001F)
    .ARM.Collect$$libinit$$00000021          0x08000256   Section        0  libinit2.o(.ARM.Collect$$libinit$$00000021)
    .ARM.Collect$$libinit$$00000023          0x08000256   Section        0  libinit2.o(.ARM.Collect$$libinit$$00000023)
    .ARM.Collect$$libinit$$00000025          0x08000256   Section        0  libinit2.o(.ARM.Collect$$libinit$$00000025)
    .ARM.Collect$$libinit$$00000027          0x08000256   Section        0  libinit2.o(.ARM.Collect$$libinit$$00000027)
    .ARM.Collect$$libinit$$0000002E          0x08000256   Section        0  libinit2.o(.ARM.Collect$$libinit$$0000002E)
    .ARM.Collect$$libinit$$00000030          0x08000256   Section        0  libinit2.o(.ARM.Collect$$libinit$$00000030)
    .ARM.Collect$$libinit$$00000032          0x08000256   Section        0  libinit2.o(.ARM.Collect$$libinit$$00000032)
    .ARM.Collect$$libinit$$00000034          0x08000256   Section        0  libinit2.o(.ARM.Collect$$libinit$$00000034)
    .ARM.Collect$$libinit$$00000035          0x08000256   Section        2  libinit2.o(.ARM.Collect$$libinit$$00000035)
    .ARM.Collect$$libshutdown$$00000000      0x08000258   Section        2  libshutdown.o(.ARM.Collect$$libshutdown$$00000000)
    .ARM.Collect$$libshutdown$$00000002      0x0800025a   Section        0  libshutdown2.o(.ARM.Collect$$libshutdown$$00000002)
    .ARM.Collect$$libshutdown$$00000004      0x0800025a   Section        0  libshutdown2.o(.ARM.Collect$$libshutdown$$00000004)
    .ARM.Collect$$libshutdown$$00000007      0x0800025a   Section        0  libshutdown2.o(.ARM.Collect$$libshutdown$$00000007)
    .ARM.Collect$$libshutdown$$0000000A      0x0800025a   Section        0  libshutdown2.o(.ARM.Collect$$libshutdown$$0000000A)
    .ARM.Collect$$libshutdown$$0000000C      0x0800025a   Section        0  libshutdown2.o(.ARM.Collect$$libshutdown$$0000000C)
    .ARM.Collect$$libshutdown$$0000000F      0x0800025a   Section        0  libshutdown2.o(.ARM.Collect$$libshutdown$$0000000F)
    .ARM.Collect$$libshutdown$$00000010      0x0800025a   Section        2  libshutdown2.o(.ARM.Collect$$libshutdown$$00000010)
    .ARM.Collect$$rtentry$$00000000          0x0800025c   Section        0  __rtentry.o(.ARM.Collect$$rtentry$$00000000)
    .ARM.Collect$$rtentry$$00000002          0x0800025c   Section        0  __rtentry2.o(.ARM.Collect$$rtentry$$00000002)
    .ARM.Collect$$rtentry$$00000004          0x0800025c   Section        6  __rtentry4.o(.ARM.Collect$$rtentry$$00000004)
    .ARM.Collect$$rtentry$$00000009          0x08000262   Section        0  __rtentry2.o(.ARM.Collect$$rtentry$$00000009)
    .ARM.Collect$$rtentry$$0000000A          0x08000262   Section        4  __rtentry2.o(.ARM.Collect$$rtentry$$0000000A)
    .ARM.Collect$$rtentry$$0000000C          0x08000266   Section        0  __rtentry2.o(.ARM.Collect$$rtentry$$0000000C)
    .ARM.Collect$$rtentry$$0000000D          0x08000266   Section        8  __rtentry2.o(.ARM.Collect$$rtentry$$0000000D)
    .ARM.Collect$$rtexit$$00000000           0x0800026e   Section        2  rtexit.o(.ARM.Collect$$rtexit$$00000000)
    .ARM.Collect$$rtexit$$00000002           0x08000270   Section        0  rtexit2.o(.ARM.Collect$$rtexit$$00000002)
    .ARM.Collect$$rtexit$$00000003           0x08000270   Section        4  rtexit2.o(.ARM.Collect$$rtexit$$00000003)
    .ARM.Collect$$rtexit$$00000004           0x08000274   Section        6  rtexit2.o(.ARM.Collect$$rtexit$$00000004)
    .emb_text                                0x0800027c   Section       52  rand.o(.emb_text)
    .text                                    0x080002b0   Section       64  startup_stm32f103xe.o(.text)
    .text                                    0x080002f0   Section        0  vsprintf.o(.text)
    .text                                    0x08000314   Section        0  rand.o(.text)
    .text                                    0x08000350   Section        0  strlen.o(.text)
    .text                                    0x0800038e   Section        0  heapauxi.o(.text)
    .text                                    0x08000394   Section        0  _printf_pad.o(.text)
    .text                                    0x080003e2   Section        0  _printf_truncate.o(.text)
    .text                                    0x08000406   Section        0  _printf_str.o(.text)
    .text                                    0x08000458   Section        0  _printf_dec.o(.text)
    .text                                    0x080004d0   Section        0  _printf_charcount.o(.text)
    _printf_input_char                       0x080004f9   Thumb Code    10  _printf_char_common.o(.text)
    .text                                    0x080004f8   Section        0  _printf_char_common.o(.text)
    .text                                    0x08000528   Section        0  _sputc.o(.text)
    .text                                    0x08000534   Section        0  _printf_wctomb.o(.text)
    .text                                    0x080005f0   Section        0  _printf_longlong_dec.o(.text)
    _printf_longlong_oct_internal            0x0800066d   Thumb Code     0  _printf_oct_int_ll.o(.text)
    .text                                    0x0800066c   Section        0  _printf_oct_int_ll.o(.text)
    _printf_hex_common                       0x080006dd   Thumb Code     0  _printf_hex_int_ll_ptr.o(.text)
    .text                                    0x080006dc   Section        0  _printf_hex_int_ll_ptr.o(.text)
    .text                                    0x08000770   Section        0  __printf_flags_ss_wp.o(.text)
    .text                                    0x080008f8   Section      138  lludiv10.o(.text)
    .text                                    0x08000982   Section        0  _printf_intcommon.o(.text)
    _fp_digits                               0x08000a35   Thumb Code   432  _printf_fp_dec.o(.text)
    .text                                    0x08000a34   Section        0  _printf_fp_dec.o(.text)
    .text                                    0x08000e50   Section        0  _printf_fp_hex.o(.text)
    .text                                    0x0800114c   Section        0  _printf_char.o(.text)
    .text                                    0x08001178   Section        0  _printf_wchar.o(.text)
    .text                                    0x080011a4   Section        0  _c16rtomb.o(.text)
    .text                                    0x080011ec   Section       74  sys_stackheap_outer.o(.text)
    .text                                    0x08001238   Section       16  rt_ctype_table.o(.text)
    .text                                    0x08001248   Section        8  rt_locale_intlibspace.o(.text)
    .text                                    0x08001250   Section        0  _printf_fp_infnan.o(.text)
    .text                                    0x080012d0   Section        0  bigflt0.o(.text)
    .text                                    0x080013b4   Section        0  exit.o(.text)
    .text                                    0x080013c8   Section        8  libspace.o(.text)
    .text                                    0x080013d0   Section      128  strcmpv7m.o(.text)
    .text                                    0x08001450   Section        2  use_no_semi.o(.text)
    .text                                    0x08001452   Section        0  indicate_semi.o(.text)
    .text                                    0x08001454   Section        0  sys_exit.o(.text)
    [Anonymous Symbol]                       0x08001460   Section        0  stm32f1xx_it.o(.text.BusFault_Handler)
    [Anonymous Symbol]                       0x08001464   Section        0  stm32f1xx_it.o(.text.DMA1_Channel5_IRQHandler)
    [Anonymous Symbol]                       0x08001470   Section        0  stm32f1xx_it.o(.text.DebugMon_Handler)
    [Anonymous Symbol]                       0x08001474   Section        0  main.o(.text.Error_Handler)
    [Anonymous Symbol]                       0x08001480   Section        0  stm32f1xx_hal_dma.o(.text.HAL_DMA_Abort)
    [Anonymous Symbol]                       0x080014c8   Section        0  stm32f1xx_hal_dma.o(.text.HAL_DMA_Abort_IT)
    [Anonymous Symbol]                       0x080015f0   Section        0  stm32f1xx_hal_dma.o(.text.HAL_DMA_IRQHandler)
    [Anonymous Symbol]                       0x08001888   Section        0  stm32f1xx_hal_dma.o(.text.HAL_DMA_Init)
    [Anonymous Symbol]                       0x08001918   Section        0  stm32f1xx_hal_dma.o(.text.HAL_DMA_Start_IT)
    [Anonymous Symbol]                       0x080019b4   Section        0  stm32f1xx_hal.o(.text.HAL_Delay)
    [Anonymous Symbol]                       0x080019dc   Section        0  stm32f1xx_hal_gpio.o(.text.HAL_GPIO_Init)
    [Anonymous Symbol]                       0x08001be0   Section        0  stm32f1xx_hal_gpio.o(.text.HAL_GPIO_WritePin)
    [Anonymous Symbol]                       0x08001bec   Section        0  stm32f1xx_hal.o(.text.HAL_GetTick)
    [Anonymous Symbol]                       0x08001bf8   Section        0  stm32f1xx_hal.o(.text.HAL_IncTick)
    [Anonymous Symbol]                       0x08001c14   Section        0  stm32f1xx_hal.o(.text.HAL_Init)
    [Anonymous Symbol]                       0x08001c3c   Section        0  stm32f1xx_hal.o(.text.HAL_InitTick)
    [Anonymous Symbol]                       0x08001c84   Section        0  stm32f1xx_hal_msp.o(.text.HAL_MspInit)
    [Anonymous Symbol]                       0x08001cc8   Section        0  stm32f1xx_hal_cortex.o(.text.HAL_NVIC_EnableIRQ)
    [Anonymous Symbol]                       0x08001ce8   Section        0  stm32f1xx_hal_cortex.o(.text.HAL_NVIC_SetPriority)
    [Anonymous Symbol]                       0x08001d40   Section        0  stm32f1xx_hal_cortex.o(.text.HAL_NVIC_SetPriorityGrouping)
    [Anonymous Symbol]                       0x08001d60   Section        0  stm32f1xx_hal_rcc.o(.text.HAL_RCC_ClockConfig)
    [Anonymous Symbol]                       0x08001f20   Section        0  stm32f1xx_hal_rcc.o(.text.HAL_RCC_GetPCLK1Freq)
    [Anonymous Symbol]                       0x08001f48   Section        0  stm32f1xx_hal_rcc.o(.text.HAL_RCC_GetPCLK2Freq)
    [Anonymous Symbol]                       0x08001f70   Section        0  stm32f1xx_hal_rcc.o(.text.HAL_RCC_OscConfig)
    [Anonymous Symbol]                       0x08002324   Section        0  stm32f1xx_hal_cortex.o(.text.HAL_SYSTICK_Config)
    [Anonymous Symbol]                       0x08002350   Section        0  stm32f1xx_hal_uart.o(.text.HAL_UARTEx_RxEventCallback)
    [Anonymous Symbol]                       0x08002354   Section        0  stm32f1xx_hal_uart.o(.text.HAL_UART_ErrorCallback)
    [Anonymous Symbol]                       0x08002358   Section        0  stm32f1xx_hal_uart.o(.text.HAL_UART_IRQHandler)
    [Anonymous Symbol]                       0x080025c4   Section        0  stm32f1xx_hal_uart.o(.text.HAL_UART_Init)
    [Anonymous Symbol]                       0x080026a0   Section        0  usart.o(.text.HAL_UART_MspInit)
    [Anonymous Symbol]                       0x080027f4   Section        0  stm32f1xx_hal_uart.o(.text.HAL_UART_Receive_DMA)
    [Anonymous Symbol]                       0x08002898   Section        0  usart.o(.text.HAL_UART_RxCpltCallback)
    [Anonymous Symbol]                       0x080028f0   Section        0  stm32f1xx_hal_uart.o(.text.HAL_UART_RxHalfCpltCallback)
    [Anonymous Symbol]                       0x080028f4   Section        0  stm32f1xx_hal_uart.o(.text.HAL_UART_Transmit)
    [Anonymous Symbol]                       0x08002aa4   Section        0  stm32f1xx_hal_uart.o(.text.HAL_UART_TxCpltCallback)
    [Anonymous Symbol]                       0x08002aa8   Section        0  stm32f1xx_it.o(.text.HardFault_Handler)
    [Anonymous Symbol]                       0x08002aac   Section        0  dma.o(.text.MX_DMA_Init)
    [Anonymous Symbol]                       0x08002ae0   Section        0  gpio.o(.text.MX_GPIO_Init)
    [Anonymous Symbol]                       0x08002b54   Section        0  usart.o(.text.MX_USART1_UART_Init)
    [Anonymous Symbol]                       0x08002b90   Section        0  usart.o(.text.MX_USART2_UART_Init)
    [Anonymous Symbol]                       0x08002bcc   Section        0  stm32f1xx_it.o(.text.MemManage_Handler)
    [Anonymous Symbol]                       0x08002bd0   Section        0  stm32f1xx_it.o(.text.NMI_Handler)
    [Anonymous Symbol]                       0x08002bd4   Section        0  stm32f1xx_it.o(.text.PendSV_Handler)
    [Anonymous Symbol]                       0x08002bd8   Section        0  stm32f1xx_it.o(.text.SVC_Handler)
    [Anonymous Symbol]                       0x08002bdc   Section        0  stm32f1xx_it.o(.text.SysTick_Handler)
    [Anonymous Symbol]                       0x08002be0   Section        0  system_stm32f1xx.o(.text.SystemInit)
    UART_DMAAbortOnError                     0x08002be5   Thumb Code    12  stm32f1xx_hal_uart.o(.text.UART_DMAAbortOnError)
    [Anonymous Symbol]                       0x08002be4   Section        0  stm32f1xx_hal_uart.o(.text.UART_DMAAbortOnError)
    UART_DMAError                            0x08002bf1   Thumb Code   108  stm32f1xx_hal_uart.o(.text.UART_DMAError)
    [Anonymous Symbol]                       0x08002bf0   Section        0  stm32f1xx_hal_uart.o(.text.UART_DMAError)
    UART_DMAReceiveCplt                      0x08002c5d   Thumb Code    76  stm32f1xx_hal_uart.o(.text.UART_DMAReceiveCplt)
    [Anonymous Symbol]                       0x08002c5c   Section        0  stm32f1xx_hal_uart.o(.text.UART_DMAReceiveCplt)
    UART_DMARxHalfCplt                       0x08002ca9   Thumb Code    20  stm32f1xx_hal_uart.o(.text.UART_DMARxHalfCplt)
    [Anonymous Symbol]                       0x08002ca8   Section        0  stm32f1xx_hal_uart.o(.text.UART_DMARxHalfCplt)
    UART_Receive_IT                          0x08002cbd   Thumb Code   182  stm32f1xx_hal_uart.o(.text.UART_Receive_IT)
    [Anonymous Symbol]                       0x08002cbc   Section        0  stm32f1xx_hal_uart.o(.text.UART_Receive_IT)
    [Anonymous Symbol]                       0x08002d74   Section        0  stm32f1xx_it.o(.text.USART1_IRQHandler)
    [Anonymous Symbol]                       0x08002d80   Section        0  stm32f1xx_it.o(.text.USART2_IRQHandler)
    [Anonymous Symbol]                       0x08002d8c   Section        0  stm32f1xx_it.o(.text.UsageFault_Handler)
    [Anonymous Symbol]                       0x08002d90   Section        0  main.o(.text.main)
    [Anonymous Symbol]                       0x08002ee8   Section        0  usart.o(.text.u2_printf)
    CL$$btod_d2e                             0x08002f26   Section       62  btod.o(CL$$btod_d2e)
    CL$$btod_d2e_denorm_low                  0x08002f64   Section       70  btod.o(CL$$btod_d2e_denorm_low)
    CL$$btod_d2e_norm_op1                    0x08002faa   Section       96  btod.o(CL$$btod_d2e_norm_op1)
    CL$$btod_div_common                      0x0800300c   Section      824  btod.o(CL$$btod_div_common)
    CL$$btod_e2e                             0x08003344   Section      220  btod.o(CL$$btod_e2e)
    CL$$btod_ediv                            0x08003420   Section       42  btod.o(CL$$btod_ediv)
    CL$$btod_emul                            0x0800344a   Section       42  btod.o(CL$$btod_emul)
    CL$$btod_mult_common                     0x08003474   Section      580  btod.o(CL$$btod_mult_common)
    i.__ARM_fpclassify                       0x080036b8   Section        0  fpclassify.o(i.__ARM_fpclassify)
    i._is_digit                              0x080036e0   Section        0  __printf_wp.o(i._is_digit)
    locale$$code                             0x080036f0   Section       44  lc_numeric_c.o(locale$$code)
    locale$$code                             0x0800371c   Section       44  lc_ctype_c.o(locale$$code)
    x$fpl$printf1                            0x08003748   Section        4  printf1.o(x$fpl$printf1)
    x$fpl$printf2                            0x0800374c   Section        4  printf2.o(x$fpl$printf2)
    initial_mbstate                          0x08003750   Data           8  _printf_wctomb.o(.constdata)
    .constdata                               0x08003750   Section        8  _printf_wctomb.o(.constdata)
    x$fpl$usenofp                            0x08003750   Section        0  usenofp.o(x$fpl$usenofp)
    uc_hextab                                0x08003758   Data          20  _printf_hex_int_ll_ptr.o(.constdata)
    .constdata                               0x08003758   Section       40  _printf_hex_int_ll_ptr.o(.constdata)
    lc_hextab                                0x0800376c   Data          20  _printf_hex_int_ll_ptr.o(.constdata)
    maptable                                 0x08003780   Data          17  __printf_flags_ss_wp.o(.constdata)
    .constdata                               0x08003780   Section       17  __printf_flags_ss_wp.o(.constdata)
    lc_hextab                                0x08003791   Data          19  _printf_fp_hex.o(.constdata)
    .constdata                               0x08003791   Section       38  _printf_fp_hex.o(.constdata)
    uc_hextab                                0x080037a4   Data          19  _printf_fp_hex.o(.constdata)
    tenpwrs_x                                0x080037b8   Data          60  bigflt0.o(.constdata)
    .constdata                               0x080037b8   Section      148  bigflt0.o(.constdata)
    tenpwrs_i                                0x080037f4   Data          64  bigflt0.o(.constdata)
    .L__const.HAL_RCC_GetSysClockFreq.aPredivFactorTable 0x0800384c   Data           2  stm32f1xx_hal_rcc.o(.rodata..L__const.HAL_RCC_GetSysClockFreq.aPredivFactorTable)
    .L__const.HAL_RCC_GetSysClockFreq.aPLLMULFactorTable 0x08003866   Data          16  stm32f1xx_hal_rcc.o(.rodata.cst16)
    locale$$data                             0x08003898   Section       28  lc_numeric_c.o(locale$$data)
    __lcnum_c_name                           0x0800389c   Data           2  lc_numeric_c.o(locale$$data)
    __lcnum_c_start                          0x080038a4   Data           0  lc_numeric_c.o(locale$$data)
    __lcnum_c_point                          0x080038b0   Data           0  lc_numeric_c.o(locale$$data)
    __lcnum_c_thousands                      0x080038b2   Data           0  lc_numeric_c.o(locale$$data)
    __lcnum_c_grouping                       0x080038b3   Data           0  lc_numeric_c.o(locale$$data)
    __lcnum_c_end                            0x080038b4   Data           0  lc_numeric_c.o(locale$$data)
    locale$$data                             0x080038b4   Section      272  lc_ctype_c.o(locale$$data)
    __lcctype_c_name                         0x080038b8   Data           2  lc_ctype_c.o(locale$$data)
    __lcctype_c_start                        0x080038c0   Data           0  lc_ctype_c.o(locale$$data)
    __lcctype_c_end                          0x080039c4   Data           0  lc_ctype_c.o(locale$$data)
    .L_MergedGlobals                         0x20000000   Data           8  stm32f1xx_hal.o(.data..L_MergedGlobals)
    [Anonymous Symbol]                       0x20000000   Section        0  stm32f1xx_hal.o(.data..L_MergedGlobals)
    .bss                                     0x20000010   Section      228  rand.o(.bss)
    .bss                                     0x200000f4   Section       96  libspace.o(.bss)
    Heap_Mem                                 0x20000230   Data         512  startup_stm32f103xe.o(HEAP)
    HEAP                                     0x20000230   Section      512  startup_stm32f103xe.o(HEAP)
    Stack_Mem                                0x20000430   Data        1024  startup_stm32f103xe.o(STACK)
    STACK                                    0x20000430   Section     1024  startup_stm32f103xe.o(STACK)
    __initial_sp                             0x20000830   Data           0  startup_stm32f103xe.o(STACK)

    Global Symbols

    Symbol Name                              Value     Ov Type        Size  Object(Section)

    BuildAttributes$$THM_ISAv4$P$D$K$B$S$PE$A:L22UL41UL21$X:L11$S22US41US21$IEEE1$IW$~IW$USESV6$~STKCKD$USESV7$~SHL$OTIME$ROPI$IEEEJ$EBA8$UX$STANDARDLIB$REQ8$PRES8$EABIv2 0x00000000   Number         0  anon$$obj.o ABSOLUTE
    __fp_init_empty                          0x00000000   Number         0  fpinit_empty.o ABSOLUTE
    _printf_flags                            0x00000000   Number         0  printf_stubs.o ABSOLUTE
    _printf_return_value                     0x00000000   Number         0  printf_stubs.o ABSOLUTE
    _printf_sizespec                         0x00000000   Number         0  printf_stubs.o ABSOLUTE
    _printf_widthprec                        0x00000000   Number         0  printf_stubs.o ABSOLUTE
    __ARM_exceptions_init                     - Undefined Weak Reference
    __alloca_initialize                       - Undefined Weak Reference
    __arm_preinit_                            - Undefined Weak Reference
    __arm_relocate_pie_                       - Undefined Weak Reference
    __cpp_initialize__aeabi_                  - Undefined Weak Reference
    __cxa_finalize                            - Undefined Weak Reference
    __sigvec_lookup                           - Undefined Weak Reference
    _atexit_init                              - Undefined Weak Reference
    _call_atexit_fns                          - Undefined Weak Reference
    _clock_init                               - Undefined Weak Reference
    _fp_trap_init                             - Undefined Weak Reference
    _fp_trap_shutdown                         - Undefined Weak Reference
    _get_lc_collate                           - Undefined Weak Reference
    _get_lc_monetary                          - Undefined Weak Reference
    _get_lc_time                              - Undefined Weak Reference
    _getenv_init                              - Undefined Weak Reference
    _handle_redirection                       - Undefined Weak Reference
    _init_alloc                               - Undefined Weak Reference
    _init_user_alloc                          - Undefined Weak Reference
    _initio                                   - Undefined Weak Reference
    _printf_mbtowc                            - Undefined Weak Reference
    _printf_wc                                - Undefined Weak Reference
    _signal_finish                            - Undefined Weak Reference
    _signal_init                              - Undefined Weak Reference
    _terminate_alloc                          - Undefined Weak Reference
    _terminate_user_alloc                     - Undefined Weak Reference
    _terminateio                              - Undefined Weak Reference
    __Vectors_Size                           0x00000130   Number         0  startup_stm32f103xe.o ABSOLUTE
    __Vectors                                0x08000000   Data           4  startup_stm32f103xe.o(RESET)
    __Vectors_End                            0x08000130   Data           0  startup_stm32f103xe.o(RESET)
    __main                                   0x08000131   Thumb Code     8  __main.o(!!!main)
    __scatterload                            0x08000139   Thumb Code     0  __scatter.o(!!!scatter)
    __scatterload_rt2                        0x08000139   Thumb Code    44  __scatter.o(!!!scatter)
    __scatterload_rt2_thumb_only             0x08000139   Thumb Code     0  __scatter.o(!!!scatter)
    __scatterload_null                       0x08000147   Thumb Code     0  __scatter.o(!!!scatter)
    __scatterload_copy                       0x0800016d   Thumb Code    26  __scatter_copy.o(!!handler_copy)
    __scatterload_zeroinit                   0x08000189   Thumb Code    28  __scatter_zi.o(!!handler_zi)
    _printf_n                                0x080001a5   Thumb Code     0  _printf_n.o(.ARM.Collect$$_printf_percent$$00000001)
    _printf_percent                          0x080001a5   Thumb Code     0  _printf_percent.o(.ARM.Collect$$_printf_percent$$00000000)
    _printf_p                                0x080001ab   Thumb Code     0  _printf_p.o(.ARM.Collect$$_printf_percent$$00000002)
    _printf_f                                0x080001b1   Thumb Code     0  _printf_f.o(.ARM.Collect$$_printf_percent$$00000003)
    _printf_e                                0x080001b7   Thumb Code     0  _printf_e.o(.ARM.Collect$$_printf_percent$$00000004)
    _printf_g                                0x080001bd   Thumb Code     0  _printf_g.o(.ARM.Collect$$_printf_percent$$00000005)
    _printf_a                                0x080001c3   Thumb Code     0  _printf_a.o(.ARM.Collect$$_printf_percent$$00000006)
    _printf_ll                               0x080001c9   Thumb Code     0  _printf_ll.o(.ARM.Collect$$_printf_percent$$00000007)
    _printf_i                                0x080001d3   Thumb Code     0  _printf_i.o(.ARM.Collect$$_printf_percent$$00000008)
    _printf_d                                0x080001d9   Thumb Code     0  _printf_d.o(.ARM.Collect$$_printf_percent$$00000009)
    _printf_u                                0x080001df   Thumb Code     0  _printf_u.o(.ARM.Collect$$_printf_percent$$0000000A)
    _printf_o                                0x080001e5   Thumb Code     0  _printf_o.o(.ARM.Collect$$_printf_percent$$0000000B)
    _printf_x                                0x080001eb   Thumb Code     0  _printf_x.o(.ARM.Collect$$_printf_percent$$0000000C)
    _printf_lli                              0x080001f1   Thumb Code     0  _printf_lli.o(.ARM.Collect$$_printf_percent$$0000000D)
    _printf_lld                              0x080001f7   Thumb Code     0  _printf_lld.o(.ARM.Collect$$_printf_percent$$0000000E)
    _printf_llu                              0x080001fd   Thumb Code     0  _printf_llu.o(.ARM.Collect$$_printf_percent$$0000000F)
    _printf_llo                              0x08000203   Thumb Code     0  _printf_llo.o(.ARM.Collect$$_printf_percent$$00000010)
    _printf_llx                              0x08000209   Thumb Code     0  _printf_llx.o(.ARM.Collect$$_printf_percent$$00000011)
    _printf_l                                0x0800020f   Thumb Code     0  _printf_l.o(.ARM.Collect$$_printf_percent$$00000012)
    _printf_c                                0x08000219   Thumb Code     0  _printf_c.o(.ARM.Collect$$_printf_percent$$00000013)
    _printf_s                                0x0800021f   Thumb Code     0  _printf_s.o(.ARM.Collect$$_printf_percent$$00000014)
    _printf_lc                               0x08000225   Thumb Code     0  _printf_lc.o(.ARM.Collect$$_printf_percent$$00000015)
    _printf_ls                               0x0800022b   Thumb Code     0  _printf_ls.o(.ARM.Collect$$_printf_percent$$00000016)
    _printf_percent_end                      0x08000231   Thumb Code     0  _printf_percent_end.o(.ARM.Collect$$_printf_percent$$00000017)
    __rt_lib_init                            0x08000235   Thumb Code     0  libinit.o(.ARM.Collect$$libinit$$00000000)
    __rt_lib_init_fp_1                       0x08000237   Thumb Code     0  libinit2.o(.ARM.Collect$$libinit$$00000002)
    __rt_lib_init_heap_1                     0x08000237   Thumb Code     0  libinit2.o(.ARM.Collect$$libinit$$0000000C)
    __rt_lib_init_preinit_1                  0x08000237   Thumb Code     0  libinit2.o(.ARM.Collect$$libinit$$00000006)
    __rt_lib_init_rand_2                     0x08000237   Thumb Code     0  libinit2.o(.ARM.Collect$$libinit$$0000000F)
    __rt_lib_init_relocate_pie_1             0x08000237   Thumb Code     0  libinit2.o(.ARM.Collect$$libinit$$00000004)
    __rt_lib_init_user_alloc_1               0x08000237   Thumb Code     0  libinit2.o(.ARM.Collect$$libinit$$0000000E)
    __rt_lib_init_lc_common                  0x0800023b   Thumb Code     0  libinit2.o(.ARM.Collect$$libinit$$00000011)
    __rt_lib_init_rand_1                     0x0800023b   Thumb Code     0  libinit2.o(.ARM.Collect$$libinit$$00000010)
    __rt_lib_init_lc_collate_1               0x08000241   Thumb Code     0  libinit2.o(.ARM.Collect$$libinit$$00000013)
    __rt_lib_init_lc_ctype_2                 0x08000241   Thumb Code     0  libinit2.o(.ARM.Collect$$libinit$$00000014)
    __rt_lib_init_lc_ctype_1                 0x0800024d   Thumb Code     0  libinit2.o(.ARM.Collect$$libinit$$00000015)
    __rt_lib_init_lc_monetary_1              0x0800024d   Thumb Code     0  libinit2.o(.ARM.Collect$$libinit$$00000017)
    __rt_lib_init_lc_numeric_2               0x0800024d   Thumb Code     0  libinit2.o(.ARM.Collect$$libinit$$00000018)
    __rt_lib_init_alloca_1                   0x08000257   Thumb Code     0  libinit2.o(.ARM.Collect$$libinit$$00000030)
    __rt_lib_init_argv_1                     0x08000257   Thumb Code     0  libinit2.o(.ARM.Collect$$libinit$$0000002E)
    __rt_lib_init_atexit_1                   0x08000257   Thumb Code     0  libinit2.o(.ARM.Collect$$libinit$$0000001D)
    __rt_lib_init_clock_1                    0x08000257   Thumb Code     0  libinit2.o(.ARM.Collect$$libinit$$00000023)
    __rt_lib_init_cpp_1                      0x08000257   Thumb Code     0  libinit2.o(.ARM.Collect$$libinit$$00000034)
    __rt_lib_init_exceptions_1               0x08000257   Thumb Code     0  libinit2.o(.ARM.Collect$$libinit$$00000032)
    __rt_lib_init_fp_trap_1                  0x08000257   Thumb Code     0  libinit2.o(.ARM.Collect$$libinit$$00000021)
    __rt_lib_init_getenv_1                   0x08000257   Thumb Code     0  libinit2.o(.ARM.Collect$$libinit$$00000025)
    __rt_lib_init_lc_numeric_1               0x08000257   Thumb Code     0  libinit2.o(.ARM.Collect$$libinit$$00000019)
    __rt_lib_init_lc_time_1                  0x08000257   Thumb Code     0  libinit2.o(.ARM.Collect$$libinit$$0000001B)
    __rt_lib_init_return                     0x08000257   Thumb Code     0  libinit2.o(.ARM.Collect$$libinit$$00000035)
    __rt_lib_init_signal_1                   0x08000257   Thumb Code     0  libinit2.o(.ARM.Collect$$libinit$$0000001F)
    __rt_lib_init_stdio_1                    0x08000257   Thumb Code     0  libinit2.o(.ARM.Collect$$libinit$$00000027)
    __rt_lib_shutdown                        0x08000259   Thumb Code     0  libshutdown.o(.ARM.Collect$$libshutdown$$00000000)
    __rt_lib_shutdown_cpp_1                  0x0800025b   Thumb Code     0  libshutdown2.o(.ARM.Collect$$libshutdown$$00000002)
    __rt_lib_shutdown_fp_trap_1              0x0800025b   Thumb Code     0  libshutdown2.o(.ARM.Collect$$libshutdown$$00000007)
    __rt_lib_shutdown_heap_1                 0x0800025b   Thumb Code     0  libshutdown2.o(.ARM.Collect$$libshutdown$$0000000F)
    __rt_lib_shutdown_return                 0x0800025b   Thumb Code     0  libshutdown2.o(.ARM.Collect$$libshutdown$$00000010)
    __rt_lib_shutdown_signal_1               0x0800025b   Thumb Code     0  libshutdown2.o(.ARM.Collect$$libshutdown$$0000000A)
    __rt_lib_shutdown_stdio_1                0x0800025b   Thumb Code     0  libshutdown2.o(.ARM.Collect$$libshutdown$$00000004)
    __rt_lib_shutdown_user_alloc_1           0x0800025b   Thumb Code     0  libshutdown2.o(.ARM.Collect$$libshutdown$$0000000C)
    __rt_entry                               0x0800025d   Thumb Code     0  __rtentry.o(.ARM.Collect$$rtentry$$00000000)
    __rt_entry_presh_1                       0x0800025d   Thumb Code     0  __rtentry2.o(.ARM.Collect$$rtentry$$00000002)
    __rt_entry_sh                            0x0800025d   Thumb Code     0  __rtentry4.o(.ARM.Collect$$rtentry$$00000004)
    __rt_entry_li                            0x08000263   Thumb Code     0  __rtentry2.o(.ARM.Collect$$rtentry$$0000000A)
    __rt_entry_postsh_1                      0x08000263   Thumb Code     0  __rtentry2.o(.ARM.Collect$$rtentry$$00000009)
    __rt_entry_main                          0x08000267   Thumb Code     0  __rtentry2.o(.ARM.Collect$$rtentry$$0000000D)
    __rt_entry_postli_1                      0x08000267   Thumb Code     0  __rtentry2.o(.ARM.Collect$$rtentry$$0000000C)
    __rt_exit                                0x0800026f   Thumb Code     0  rtexit.o(.ARM.Collect$$rtexit$$00000000)
    __rt_exit_ls                             0x08000271   Thumb Code     0  rtexit2.o(.ARM.Collect$$rtexit$$00000003)
    __rt_exit_prels_1                        0x08000271   Thumb Code     0  rtexit2.o(.ARM.Collect$$rtexit$$00000002)
    __rt_exit_exit                           0x08000275   Thumb Code     0  rtexit2.o(.ARM.Collect$$rtexit$$00000004)
    rand                                     0x0800027d   Thumb Code    48  rand.o(.emb_text)
    Reset_Handler                            0x080002b1   Thumb Code     8  startup_stm32f103xe.o(.text)
    ADC1_2_IRQHandler                        0x080002cb   Thumb Code     0  startup_stm32f103xe.o(.text)
    ADC3_IRQHandler                          0x080002cb   Thumb Code     0  startup_stm32f103xe.o(.text)
    CAN1_RX1_IRQHandler                      0x080002cb   Thumb Code     0  startup_stm32f103xe.o(.text)
    CAN1_SCE_IRQHandler                      0x080002cb   Thumb Code     0  startup_stm32f103xe.o(.text)
    DMA1_Channel1_IRQHandler                 0x080002cb   Thumb Code     0  startup_stm32f103xe.o(.text)
    DMA1_Channel2_IRQHandler                 0x080002cb   Thumb Code     0  startup_stm32f103xe.o(.text)
    DMA1_Channel3_IRQHandler                 0x080002cb   Thumb Code     0  startup_stm32f103xe.o(.text)
    DMA1_Channel4_IRQHandler                 0x080002cb   Thumb Code     0  startup_stm32f103xe.o(.text)
    DMA1_Channel6_IRQHandler                 0x080002cb   Thumb Code     0  startup_stm32f103xe.o(.text)
    DMA1_Channel7_IRQHandler                 0x080002cb   Thumb Code     0  startup_stm32f103xe.o(.text)
    DMA2_Channel1_IRQHandler                 0x080002cb   Thumb Code     0  startup_stm32f103xe.o(.text)
    DMA2_Channel2_IRQHandler                 0x080002cb   Thumb Code     0  startup_stm32f103xe.o(.text)
    DMA2_Channel3_IRQHandler                 0x080002cb   Thumb Code     0  startup_stm32f103xe.o(.text)
    DMA2_Channel4_5_IRQHandler               0x080002cb   Thumb Code     0  startup_stm32f103xe.o(.text)
    EXTI0_IRQHandler                         0x080002cb   Thumb Code     0  startup_stm32f103xe.o(.text)
    EXTI15_10_IRQHandler                     0x080002cb   Thumb Code     0  startup_stm32f103xe.o(.text)
    EXTI1_IRQHandler                         0x080002cb   Thumb Code     0  startup_stm32f103xe.o(.text)
    EXTI2_IRQHandler                         0x080002cb   Thumb Code     0  startup_stm32f103xe.o(.text)
    EXTI3_IRQHandler                         0x080002cb   Thumb Code     0  startup_stm32f103xe.o(.text)
    EXTI4_IRQHandler                         0x080002cb   Thumb Code     0  startup_stm32f103xe.o(.text)
    EXTI9_5_IRQHandler                       0x080002cb   Thumb Code     0  startup_stm32f103xe.o(.text)
    FLASH_IRQHandler                         0x080002cb   Thumb Code     0  startup_stm32f103xe.o(.text)
    FSMC_IRQHandler                          0x080002cb   Thumb Code     0  startup_stm32f103xe.o(.text)
    I2C1_ER_IRQHandler                       0x080002cb   Thumb Code     0  startup_stm32f103xe.o(.text)
    I2C1_EV_IRQHandler                       0x080002cb   Thumb Code     0  startup_stm32f103xe.o(.text)
    I2C2_ER_IRQHandler                       0x080002cb   Thumb Code     0  startup_stm32f103xe.o(.text)
    I2C2_EV_IRQHandler                       0x080002cb   Thumb Code     0  startup_stm32f103xe.o(.text)
    PVD_IRQHandler                           0x080002cb   Thumb Code     0  startup_stm32f103xe.o(.text)
    RCC_IRQHandler                           0x080002cb   Thumb Code     0  startup_stm32f103xe.o(.text)
    RTC_Alarm_IRQHandler                     0x080002cb   Thumb Code     0  startup_stm32f103xe.o(.text)
    RTC_IRQHandler                           0x080002cb   Thumb Code     0  startup_stm32f103xe.o(.text)
    SDIO_IRQHandler                          0x080002cb   Thumb Code     0  startup_stm32f103xe.o(.text)
    SPI1_IRQHandler                          0x080002cb   Thumb Code     0  startup_stm32f103xe.o(.text)
    SPI2_IRQHandler                          0x080002cb   Thumb Code     0  startup_stm32f103xe.o(.text)
    SPI3_IRQHandler                          0x080002cb   Thumb Code     0  startup_stm32f103xe.o(.text)
    TAMPER_IRQHandler                        0x080002cb   Thumb Code     0  startup_stm32f103xe.o(.text)
    TIM1_BRK_IRQHandler                      0x080002cb   Thumb Code     0  startup_stm32f103xe.o(.text)
    TIM1_CC_IRQHandler                       0x080002cb   Thumb Code     0  startup_stm32f103xe.o(.text)
    TIM1_TRG_COM_IRQHandler                  0x080002cb   Thumb Code     0  startup_stm32f103xe.o(.text)
    TIM1_UP_IRQHandler                       0x080002cb   Thumb Code     0  startup_stm32f103xe.o(.text)
    TIM2_IRQHandler                          0x080002cb   Thumb Code     0  startup_stm32f103xe.o(.text)
    TIM3_IRQHandler                          0x080002cb   Thumb Code     0  startup_stm32f103xe.o(.text)
    TIM4_IRQHandler                          0x080002cb   Thumb Code     0  startup_stm32f103xe.o(.text)
    TIM5_IRQHandler                          0x080002cb   Thumb Code     0  startup_stm32f103xe.o(.text)
    TIM6_IRQHandler                          0x080002cb   Thumb Code     0  startup_stm32f103xe.o(.text)
    TIM7_IRQHandler                          0x080002cb   Thumb Code     0  startup_stm32f103xe.o(.text)
    TIM8_BRK_IRQHandler                      0x080002cb   Thumb Code     0  startup_stm32f103xe.o(.text)
    TIM8_CC_IRQHandler                       0x080002cb   Thumb Code     0  startup_stm32f103xe.o(.text)
    TIM8_TRG_COM_IRQHandler                  0x080002cb   Thumb Code     0  startup_stm32f103xe.o(.text)
    TIM8_UP_IRQHandler                       0x080002cb   Thumb Code     0  startup_stm32f103xe.o(.text)
    UART4_IRQHandler                         0x080002cb   Thumb Code     0  startup_stm32f103xe.o(.text)
    UART5_IRQHandler                         0x080002cb   Thumb Code     0  startup_stm32f103xe.o(.text)
    USART3_IRQHandler                        0x080002cb   Thumb Code     0  startup_stm32f103xe.o(.text)
    USBWakeUp_IRQHandler                     0x080002cb   Thumb Code     0  startup_stm32f103xe.o(.text)
    USB_HP_CAN1_TX_IRQHandler                0x080002cb   Thumb Code     0  startup_stm32f103xe.o(.text)
    USB_LP_CAN1_RX0_IRQHandler               0x080002cb   Thumb Code     0  startup_stm32f103xe.o(.text)
    WWDG_IRQHandler                          0x080002cb   Thumb Code     0  startup_stm32f103xe.o(.text)
    __user_initial_stackheap                 0x080002cd   Thumb Code     0  startup_stm32f103xe.o(.text)
    vsprintf                                 0x080002f1   Thumb Code    32  vsprintf.o(.text)
    srand                                    0x08000315   Thumb Code    42  rand.o(.text)
    _rand_init                               0x0800033f   Thumb Code     4  rand.o(.text)
    strlen                                   0x08000351   Thumb Code    62  strlen.o(.text)
    __use_two_region_memory                  0x0800038f   Thumb Code     2  heapauxi.o(.text)
    __rt_heap_escrow$2region                 0x08000391   Thumb Code     2  heapauxi.o(.text)
    __rt_heap_expand$2region                 0x08000393   Thumb Code     2  heapauxi.o(.text)
    _printf_pre_padding                      0x08000395   Thumb Code    44  _printf_pad.o(.text)
    _printf_post_padding                     0x080003c1   Thumb Code    34  _printf_pad.o(.text)
    _printf_truncate_signed                  0x080003e3   Thumb Code    18  _printf_truncate.o(.text)
    _printf_truncate_unsigned                0x080003f5   Thumb Code    18  _printf_truncate.o(.text)
    _printf_str                              0x08000407   Thumb Code    82  _printf_str.o(.text)
    _printf_int_dec                          0x08000459   Thumb Code   104  _printf_dec.o(.text)
    _printf_charcount                        0x080004d1   Thumb Code    40  _printf_charcount.o(.text)
    _printf_char_common                      0x08000503   Thumb Code    32  _printf_char_common.o(.text)
    _sputc                                   0x08000529   Thumb Code    10  _sputc.o(.text)
    _printf_wctomb                           0x08000535   Thumb Code   182  _printf_wctomb.o(.text)
    _printf_longlong_dec                     0x080005f1   Thumb Code   108  _printf_longlong_dec.o(.text)
    _printf_longlong_oct                     0x0800066d   Thumb Code    68  _printf_oct_int_ll.o(.text)
    _printf_int_oct                          0x080006b1   Thumb Code    24  _printf_oct_int_ll.o(.text)
    _printf_ll_oct                           0x080006c9   Thumb Code    12  _printf_oct_int_ll.o(.text)
    _printf_longlong_hex                     0x080006dd   Thumb Code    86  _printf_hex_int_ll_ptr.o(.text)
    _printf_int_hex                          0x08000733   Thumb Code    28  _printf_hex_int_ll_ptr.o(.text)
    _printf_ll_hex                           0x0800074f   Thumb Code    12  _printf_hex_int_ll_ptr.o(.text)
    _printf_hex_ptr                          0x0800075b   Thumb Code    18  _printf_hex_int_ll_ptr.o(.text)
    __printf                                 0x08000771   Thumb Code   388  __printf_flags_ss_wp.o(.text)
    _ll_udiv10                               0x080008f9   Thumb Code   138  lludiv10.o(.text)
    _printf_int_common                       0x08000983   Thumb Code   178  _printf_intcommon.o(.text)
    _printf_fp_dec_real                      0x08000be5   Thumb Code   620  _printf_fp_dec.o(.text)
    _printf_fp_hex_real                      0x08000e51   Thumb Code   756  _printf_fp_hex.o(.text)
    _printf_cs_common                        0x0800114d   Thumb Code    20  _printf_char.o(.text)
    _printf_char                             0x08001161   Thumb Code    16  _printf_char.o(.text)
    _printf_string                           0x08001171   Thumb Code     8  _printf_char.o(.text)
    _printf_lcs_common                       0x08001179   Thumb Code    20  _printf_wchar.o(.text)
    _printf_wchar                            0x0800118d   Thumb Code    16  _printf_wchar.o(.text)
    _printf_wstring                          0x0800119d   Thumb Code     8  _printf_wchar.o(.text)
    _c16rtomb                                0x080011a5   Thumb Code    72  _c16rtomb.o(.text)
    _wcrtomb                                 0x080011a5   Thumb Code     0  _c16rtomb.o(.text)
    __user_setup_stackheap                   0x080011ed   Thumb Code    74  sys_stackheap_outer.o(.text)
    __rt_ctype_table                         0x08001239   Thumb Code    16  rt_ctype_table.o(.text)
    __rt_locale                              0x08001249   Thumb Code     8  rt_locale_intlibspace.o(.text)
    _printf_fp_infnan                        0x08001251   Thumb Code   112  _printf_fp_infnan.o(.text)
    _btod_etento                             0x080012d1   Thumb Code   224  bigflt0.o(.text)
    exit                                     0x080013b5   Thumb Code    18  exit.o(.text)
    __user_libspace                          0x080013c9   Thumb Code     8  libspace.o(.text)
    __user_perproc_libspace                  0x080013c9   Thumb Code     0  libspace.o(.text)
    __user_perthread_libspace                0x080013c9   Thumb Code     0  libspace.o(.text)
    strcmp                                   0x080013d1   Thumb Code   128  strcmpv7m.o(.text)
    __I$use$semihosting                      0x08001451   Thumb Code     0  use_no_semi.o(.text)
    __use_no_semihosting_swi                 0x08001451   Thumb Code     2  use_no_semi.o(.text)
    __semihosting_library_function           0x08001453   Thumb Code     0  indicate_semi.o(.text)
    _sys_exit                                0x08001455   Thumb Code     8  sys_exit.o(.text)
    BusFault_Handler                         0x08001461   Thumb Code     2  stm32f1xx_it.o(.text.BusFault_Handler)
    DMA1_Channel5_IRQHandler                 0x08001465   Thumb Code    12  stm32f1xx_it.o(.text.DMA1_Channel5_IRQHandler)
    DebugMon_Handler                         0x08001471   Thumb Code     2  stm32f1xx_it.o(.text.DebugMon_Handler)
    Error_Handler                            0x08001475   Thumb Code    10  main.o(.text.Error_Handler)
    HAL_DMA_Abort                            0x08001481   Thumb Code    70  stm32f1xx_hal_dma.o(.text.HAL_DMA_Abort)
    HAL_DMA_Abort_IT                         0x080014c9   Thumb Code   294  stm32f1xx_hal_dma.o(.text.HAL_DMA_Abort_IT)
    HAL_DMA_IRQHandler                       0x080015f1   Thumb Code   662  stm32f1xx_hal_dma.o(.text.HAL_DMA_IRQHandler)
    HAL_DMA_Init                             0x08001889   Thumb Code   142  stm32f1xx_hal_dma.o(.text.HAL_DMA_Init)
    HAL_DMA_Start_IT                         0x08001919   Thumb Code   156  stm32f1xx_hal_dma.o(.text.HAL_DMA_Start_IT)
    HAL_Delay                                0x080019b5   Thumb Code    40  stm32f1xx_hal.o(.text.HAL_Delay)
    HAL_GPIO_Init                            0x080019dd   Thumb Code   514  stm32f1xx_hal_gpio.o(.text.HAL_GPIO_Init)
    HAL_GPIO_WritePin                        0x08001be1   Thumb Code    10  stm32f1xx_hal_gpio.o(.text.HAL_GPIO_WritePin)
    HAL_GetTick                              0x08001bed   Thumb Code    12  stm32f1xx_hal.o(.text.HAL_GetTick)
    HAL_IncTick                              0x08001bf9   Thumb Code    26  stm32f1xx_hal.o(.text.HAL_IncTick)
    HAL_Init                                 0x08001c15   Thumb Code    38  stm32f1xx_hal.o(.text.HAL_Init)
    HAL_InitTick                             0x08001c3d   Thumb Code    72  stm32f1xx_hal.o(.text.HAL_InitTick)
    HAL_MspInit                              0x08001c85   Thumb Code    66  stm32f1xx_hal_msp.o(.text.HAL_MspInit)
    HAL_NVIC_EnableIRQ                       0x08001cc9   Thumb Code    32  stm32f1xx_hal_cortex.o(.text.HAL_NVIC_EnableIRQ)
    HAL_NVIC_SetPriority                     0x08001ce9   Thumb Code    86  stm32f1xx_hal_cortex.o(.text.HAL_NVIC_SetPriority)
    HAL_NVIC_SetPriorityGrouping             0x08001d41   Thumb Code    32  stm32f1xx_hal_cortex.o(.text.HAL_NVIC_SetPriorityGrouping)
    HAL_RCC_ClockConfig                      0x08001d61   Thumb Code   446  stm32f1xx_hal_rcc.o(.text.HAL_RCC_ClockConfig)
    HAL_RCC_GetPCLK1Freq                     0x08001f21   Thumb Code    38  stm32f1xx_hal_rcc.o(.text.HAL_RCC_GetPCLK1Freq)
    HAL_RCC_GetPCLK2Freq                     0x08001f49   Thumb Code    38  stm32f1xx_hal_rcc.o(.text.HAL_RCC_GetPCLK2Freq)
    HAL_RCC_OscConfig                        0x08001f71   Thumb Code   948  stm32f1xx_hal_rcc.o(.text.HAL_RCC_OscConfig)
    HAL_SYSTICK_Config                       0x08002325   Thumb Code    44  stm32f1xx_hal_cortex.o(.text.HAL_SYSTICK_Config)
    HAL_UARTEx_RxEventCallback               0x08002351   Thumb Code     2  stm32f1xx_hal_uart.o(.text.HAL_UARTEx_RxEventCallback)
    HAL_UART_ErrorCallback                   0x08002355   Thumb Code     2  stm32f1xx_hal_uart.o(.text.HAL_UART_ErrorCallback)
    HAL_UART_IRQHandler                      0x08002359   Thumb Code   620  stm32f1xx_hal_uart.o(.text.HAL_UART_IRQHandler)
    HAL_UART_Init                            0x080025c5   Thumb Code   220  stm32f1xx_hal_uart.o(.text.HAL_UART_Init)
    HAL_UART_MspInit                         0x080026a1   Thumb Code   338  usart.o(.text.HAL_UART_MspInit)
    HAL_UART_Receive_DMA                     0x080027f5   Thumb Code   164  stm32f1xx_hal_uart.o(.text.HAL_UART_Receive_DMA)
    HAL_UART_RxCpltCallback                  0x08002899   Thumb Code    64  usart.o(.text.HAL_UART_RxCpltCallback)
    HAL_UART_RxHalfCpltCallback              0x080028f1   Thumb Code     2  stm32f1xx_hal_uart.o(.text.HAL_UART_RxHalfCpltCallback)
    HAL_UART_Transmit                        0x080028f5   Thumb Code   432  stm32f1xx_hal_uart.o(.text.HAL_UART_Transmit)
    HAL_UART_TxCpltCallback                  0x08002aa5   Thumb Code     2  stm32f1xx_hal_uart.o(.text.HAL_UART_TxCpltCallback)
    HardFault_Handler                        0x08002aa9   Thumb Code     2  stm32f1xx_it.o(.text.HardFault_Handler)
    MX_DMA_Init                              0x08002aad   Thumb Code    52  dma.o(.text.MX_DMA_Init)
    MX_GPIO_Init                             0x08002ae1   Thumb Code   116  gpio.o(.text.MX_GPIO_Init)
    MX_USART1_UART_Init                      0x08002b55   Thumb Code    60  usart.o(.text.MX_USART1_UART_Init)
    MX_USART2_UART_Init                      0x08002b91   Thumb Code    60  usart.o(.text.MX_USART2_UART_Init)
    MemManage_Handler                        0x08002bcd   Thumb Code     2  stm32f1xx_it.o(.text.MemManage_Handler)
    NMI_Handler                              0x08002bd1   Thumb Code     2  stm32f1xx_it.o(.text.NMI_Handler)
    PendSV_Handler                           0x08002bd5   Thumb Code     2  stm32f1xx_it.o(.text.PendSV_Handler)
    SVC_Handler                              0x08002bd9   Thumb Code     2  stm32f1xx_it.o(.text.SVC_Handler)
    SysTick_Handler                          0x08002bdd   Thumb Code     4  stm32f1xx_it.o(.text.SysTick_Handler)
    SystemInit                               0x08002be1   Thumb Code     2  system_stm32f1xx.o(.text.SystemInit)
    USART1_IRQHandler                        0x08002d75   Thumb Code    12  stm32f1xx_it.o(.text.USART1_IRQHandler)
    USART2_IRQHandler                        0x08002d81   Thumb Code    12  stm32f1xx_it.o(.text.USART2_IRQHandler)
    UsageFault_Handler                       0x08002d8d   Thumb Code     2  stm32f1xx_it.o(.text.UsageFault_Handler)
    main                                     0x08002d91   Thumb Code   312  main.o(.text.main)
    u2_printf                                0x08002ee9   Thumb Code    62  usart.o(.text.u2_printf)
    _btod_d2e                                0x08002f27   Thumb Code    62  btod.o(CL$$btod_d2e)
    _d2e_denorm_low                          0x08002f65   Thumb Code    70  btod.o(CL$$btod_d2e_denorm_low)
    _d2e_norm_op1                            0x08002fab   Thumb Code    96  btod.o(CL$$btod_d2e_norm_op1)
    __btod_div_common                        0x0800300d   Thumb Code   696  btod.o(CL$$btod_div_common)
    _e2e                                     0x08003345   Thumb Code   220  btod.o(CL$$btod_e2e)
    _btod_ediv                               0x08003421   Thumb Code    42  btod.o(CL$$btod_ediv)
    _btod_emul                               0x0800344b   Thumb Code    42  btod.o(CL$$btod_emul)
    __btod_mult_common                       0x08003475   Thumb Code   580  btod.o(CL$$btod_mult_common)
    __ARM_fpclassify                         0x080036b9   Thumb Code    40  fpclassify.o(i.__ARM_fpclassify)
    _is_digit                                0x080036e1   Thumb Code    14  __printf_wp.o(i._is_digit)
    _get_lc_numeric                          0x080036f1   Thumb Code    44  lc_numeric_c.o(locale$$code)
    _get_lc_ctype                            0x0800371d   Thumb Code    44  lc_ctype_c.o(locale$$code)
    _printf_fp_dec                           0x08003749   Thumb Code     4  printf1.o(x$fpl$printf1)
    _printf_fp_hex                           0x0800374d   Thumb Code     4  printf2.o(x$fpl$printf2)
    __I$use$fp                               0x08003750   Number         0  usenofp.o(x$fpl$usenofp)
    AHBPrescTable                            0x0800384e   Data          16  system_stm32f1xx.o(.rodata.AHBPrescTable)
    APBPrescTable                            0x0800385e   Data           8  system_stm32f1xx.o(.rodata.APBPrescTable)
    Region$$Table$$Base                      0x08003878   Number         0  anon$$obj.o(Region$$Table)
    Region$$Table$$Limit                     0x08003898   Number         0  anon$$obj.o(Region$$Table)
    __ctype                                  0x080038c1   Data           0  lc_ctype_c.o(locale$$data)
    uwTickFreq                               0x20000000   Data           1  stm32f1xx_hal.o(.data..L_MergedGlobals)
    uwTickPrio                               0x20000004   Data           4  stm32f1xx_hal.o(.data..L_MergedGlobals)
    SystemCoreClock                          0x20000008   Data           4  system_stm32f1xx.o(.data.SystemCoreClock)
    _random_number_data                      0x20000010   Data         228  rand.o(.bss)
    __libspace_start                         0x200000f4   Data          96  libspace.o(.bss)
    __temporary_stack_top$libspace           0x20000154   Data           0  libspace.o(.bss)
    hdma_usart1_rx                           0x20000154   Data          68  usart.o(.bss.hdma_usart1_rx)
    huart1                                   0x20000198   Data          68  usart.o(.bss.huart1)
    huart2                                   0x200001dc   Data          68  usart.o(.bss.huart2)
    u2_RX_Buf                                0x20000220   Data          10  main.o(.bss.u2_RX_Buf)
    uwTick                                   0x2000022c   Data           4  stm32f1xx_hal.o(.bss.uwTick)



==============================================================================

Memory Map of the image

  Image Entry point : 0x08000131

  Load Region LR_IROM1 (Base: 0x08000000, Size: 0x000039d8, Max: 0x00040000, ABSOLUTE)

    Execution Region ER_IROM1 (Exec base: 0x08000000, Load base: 0x08000000, Size: 0x000039c4, Max: 0x00040000, ABSOLUTE)

    Exec Addr    Load Addr    Size         Type   Attr      Idx    E Section Name        Object

    0x08000000   0x08000000   0x00000130   Data   RO            3    RESET               startup_stm32f103xe.o
    0x08000130   0x08000130   0x00000008   Code   RO          668  * !!!main             c_w.l(__main.o)
    0x08000138   0x08000138   0x00000034   Code   RO         1039    !!!scatter          c_w.l(__scatter.o)
    0x0800016c   0x0800016c   0x0000001a   Code   RO         1041    !!handler_copy      c_w.l(__scatter_copy.o)
    0x08000186   0x08000186   0x00000002   PAD
    0x08000188   0x08000188   0x0000001c   Code   RO         1043    !!handler_zi        c_w.l(__scatter_zi.o)
    0x080001a4   0x080001a4   0x00000000   Code   RO          778    .ARM.Collect$$_printf_percent$$00000000  c_w.l(_printf_percent.o)
    0x080001a4   0x080001a4   0x00000006   Code   RO          767    .ARM.Collect$$_printf_percent$$00000001  c_w.l(_printf_n.o)
    0x080001aa   0x080001aa   0x00000006   Code   RO          769    .ARM.Collect$$_printf_percent$$00000002  c_w.l(_printf_p.o)
    0x080001b0   0x080001b0   0x00000006   Code   RO          774    .ARM.Collect$$_printf_percent$$00000003  c_w.l(_printf_f.o)
    0x080001b6   0x080001b6   0x00000006   Code   RO          775    .ARM.Collect$$_printf_percent$$00000004  c_w.l(_printf_e.o)
    0x080001bc   0x080001bc   0x00000006   Code   RO          776    .ARM.Collect$$_printf_percent$$00000005  c_w.l(_printf_g.o)
    0x080001c2   0x080001c2   0x00000006   Code   RO          777    .ARM.Collect$$_printf_percent$$00000006  c_w.l(_printf_a.o)
    0x080001c8   0x080001c8   0x0000000a   Code   RO          782    .ARM.Collect$$_printf_percent$$00000007  c_w.l(_printf_ll.o)
    0x080001d2   0x080001d2   0x00000006   Code   RO          771    .ARM.Collect$$_printf_percent$$00000008  c_w.l(_printf_i.o)
    0x080001d8   0x080001d8   0x00000006   Code   RO          772    .ARM.Collect$$_printf_percent$$00000009  c_w.l(_printf_d.o)
    0x080001de   0x080001de   0x00000006   Code   RO          773    .ARM.Collect$$_printf_percent$$0000000A  c_w.l(_printf_u.o)
    0x080001e4   0x080001e4   0x00000006   Code   RO          770    .ARM.Collect$$_printf_percent$$0000000B  c_w.l(_printf_o.o)
    0x080001ea   0x080001ea   0x00000006   Code   RO          768    .ARM.Collect$$_printf_percent$$0000000C  c_w.l(_printf_x.o)
    0x080001f0   0x080001f0   0x00000006   Code   RO          779    .ARM.Collect$$_printf_percent$$0000000D  c_w.l(_printf_lli.o)
    0x080001f6   0x080001f6   0x00000006   Code   RO          780    .ARM.Collect$$_printf_percent$$0000000E  c_w.l(_printf_lld.o)
    0x080001fc   0x080001fc   0x00000006   Code   RO          781    .ARM.Collect$$_printf_percent$$0000000F  c_w.l(_printf_llu.o)
    0x08000202   0x08000202   0x00000006   Code   RO          786    .ARM.Collect$$_printf_percent$$00000010  c_w.l(_printf_llo.o)
    0x08000208   0x08000208   0x00000006   Code   RO          787    .ARM.Collect$$_printf_percent$$00000011  c_w.l(_printf_llx.o)
    0x0800020e   0x0800020e   0x0000000a   Code   RO          783    .ARM.Collect$$_printf_percent$$00000012  c_w.l(_printf_l.o)
    0x08000218   0x08000218   0x00000006   Code   RO          765    .ARM.Collect$$_printf_percent$$00000013  c_w.l(_printf_c.o)
    0x0800021e   0x0800021e   0x00000006   Code   RO          766    .ARM.Collect$$_printf_percent$$00000014  c_w.l(_printf_s.o)
    0x08000224   0x08000224   0x00000006   Code   RO          784    .ARM.Collect$$_printf_percent$$00000015  c_w.l(_printf_lc.o)
    0x0800022a   0x0800022a   0x00000006   Code   RO          785    .ARM.Collect$$_printf_percent$$00000016  c_w.l(_printf_ls.o)
    0x08000230   0x08000230   0x00000004   Code   RO          884    .ARM.Collect$$_printf_percent$$00000017  c_w.l(_printf_percent_end.o)
    0x08000234   0x08000234   0x00000002   Code   RO          943    .ARM.Collect$$libinit$$00000000  c_w.l(libinit.o)
    0x08000236   0x08000236   0x00000000   Code   RO          789    .ARM.Collect$$libinit$$00000002  c_w.l(libinit2.o)
    0x08000236   0x08000236   0x00000000   Code   RO          791    .ARM.Collect$$libinit$$00000004  c_w.l(libinit2.o)
    0x08000236   0x08000236   0x00000000   Code   RO          793    .ARM.Collect$$libinit$$00000006  c_w.l(libinit2.o)
    0x08000236   0x08000236   0x00000000   Code   RO          796    .ARM.Collect$$libinit$$0000000C  c_w.l(libinit2.o)
    0x08000236   0x08000236   0x00000000   Code   RO          798    .ARM.Collect$$libinit$$0000000E  c_w.l(libinit2.o)
    0x08000236   0x08000236   0x00000004   Code   RO          799    .ARM.Collect$$libinit$$0000000F  c_w.l(libinit2.o)
    0x0800023a   0x0800023a   0x00000000   Code   RO          800    .ARM.Collect$$libinit$$00000010  c_w.l(libinit2.o)
    0x0800023a   0x0800023a   0x00000006   Code   RO          801    .ARM.Collect$$libinit$$00000011  c_w.l(libinit2.o)
    0x08000240   0x08000240   0x00000000   Code   RO          803    .ARM.Collect$$libinit$$00000013  c_w.l(libinit2.o)
    0x08000240   0x08000240   0x0000000c   Code   RO          804    .ARM.Collect$$libinit$$00000014  c_w.l(libinit2.o)
    0x0800024c   0x0800024c   0x00000000   Code   RO          805    .ARM.Collect$$libinit$$00000015  c_w.l(libinit2.o)
    0x0800024c   0x0800024c   0x00000000   Code   RO          807    .ARM.Collect$$libinit$$00000017  c_w.l(libinit2.o)
    0x0800024c   0x0800024c   0x0000000a   Code   RO          808    .ARM.Collect$$libinit$$00000018  c_w.l(libinit2.o)
    0x08000256   0x08000256   0x00000000   Code   RO          809    .ARM.Collect$$libinit$$00000019  c_w.l(libinit2.o)
    0x08000256   0x08000256   0x00000000   Code   RO          811    .ARM.Collect$$libinit$$0000001B  c_w.l(libinit2.o)
    0x08000256   0x08000256   0x00000000   Code   RO          813    .ARM.Collect$$libinit$$0000001D  c_w.l(libinit2.o)
    0x08000256   0x08000256   0x00000000   Code   RO          815    .ARM.Collect$$libinit$$0000001F  c_w.l(libinit2.o)
    0x08000256   0x08000256   0x00000000   Code   RO          817    .ARM.Collect$$libinit$$00000021  c_w.l(libinit2.o)
    0x08000256   0x08000256   0x00000000   Code   RO          819    .ARM.Collect$$libinit$$00000023  c_w.l(libinit2.o)
    0x08000256   0x08000256   0x00000000   Code   RO          821    .ARM.Collect$$libinit$$00000025  c_w.l(libinit2.o)
    0x08000256   0x08000256   0x00000000   Code   RO          823    .ARM.Collect$$libinit$$00000027  c_w.l(libinit2.o)
    0x08000256   0x08000256   0x00000000   Code   RO          827    .ARM.Collect$$libinit$$0000002E  c_w.l(libinit2.o)
    0x08000256   0x08000256   0x00000000   Code   RO          829    .ARM.Collect$$libinit$$00000030  c_w.l(libinit2.o)
    0x08000256   0x08000256   0x00000000   Code   RO          831    .ARM.Collect$$libinit$$00000032  c_w.l(libinit2.o)
    0x08000256   0x08000256   0x00000000   Code   RO          833    .ARM.Collect$$libinit$$00000034  c_w.l(libinit2.o)
    0x08000256   0x08000256   0x00000002   Code   RO          834    .ARM.Collect$$libinit$$00000035  c_w.l(libinit2.o)
    0x08000258   0x08000258   0x00000002   Code   RO          998    .ARM.Collect$$libshutdown$$00000000  c_w.l(libshutdown.o)
    0x0800025a   0x0800025a   0x00000000   Code   RO         1006    .ARM.Collect$$libshutdown$$00000002  c_w.l(libshutdown2.o)
    0x0800025a   0x0800025a   0x00000000   Code   RO         1008    .ARM.Collect$$libshutdown$$00000004  c_w.l(libshutdown2.o)
    0x0800025a   0x0800025a   0x00000000   Code   RO         1011    .ARM.Collect$$libshutdown$$00000007  c_w.l(libshutdown2.o)
    0x0800025a   0x0800025a   0x00000000   Code   RO         1014    .ARM.Collect$$libshutdown$$0000000A  c_w.l(libshutdown2.o)
    0x0800025a   0x0800025a   0x00000000   Code   RO         1016    .ARM.Collect$$libshutdown$$0000000C  c_w.l(libshutdown2.o)
    0x0800025a   0x0800025a   0x00000000   Code   RO         1019    .ARM.Collect$$libshutdown$$0000000F  c_w.l(libshutdown2.o)
    0x0800025a   0x0800025a   0x00000002   Code   RO         1020    .ARM.Collect$$libshutdown$$00000010  c_w.l(libshutdown2.o)
    0x0800025c   0x0800025c   0x00000000   Code   RO          696    .ARM.Collect$$rtentry$$00000000  c_w.l(__rtentry.o)
    0x0800025c   0x0800025c   0x00000000   Code   RO          853    .ARM.Collect$$rtentry$$00000002  c_w.l(__rtentry2.o)
    0x0800025c   0x0800025c   0x00000006   Code   RO          865    .ARM.Collect$$rtentry$$00000004  c_w.l(__rtentry4.o)
    0x08000262   0x08000262   0x00000000   Code   RO          855    .ARM.Collect$$rtentry$$00000009  c_w.l(__rtentry2.o)
    0x08000262   0x08000262   0x00000004   Code   RO          856    .ARM.Collect$$rtentry$$0000000A  c_w.l(__rtentry2.o)
    0x08000266   0x08000266   0x00000000   Code   RO          858    .ARM.Collect$$rtentry$$0000000C  c_w.l(__rtentry2.o)
    0x08000266   0x08000266   0x00000008   Code   RO          859    .ARM.Collect$$rtentry$$0000000D  c_w.l(__rtentry2.o)
    0x0800026e   0x0800026e   0x00000002   Code   RO          955    .ARM.Collect$$rtexit$$00000000  c_w.l(rtexit.o)
    0x08000270   0x08000270   0x00000000   Code   RO          974    .ARM.Collect$$rtexit$$00000002  c_w.l(rtexit2.o)
    0x08000270   0x08000270   0x00000004   Code   RO          975    .ARM.Collect$$rtexit$$00000003  c_w.l(rtexit2.o)
    0x08000274   0x08000274   0x00000006   Code   RO          976    .ARM.Collect$$rtexit$$00000004  c_w.l(rtexit2.o)
    0x0800027a   0x0800027a   0x00000002   PAD
    0x0800027c   0x0800027c   0x00000034   Code   RO          659    .emb_text           c_w.l(rand.o)
    0x080002b0   0x080002b0   0x00000040   Code   RO            4    .text               startup_stm32f103xe.o
    0x080002f0   0x080002f0   0x00000024   Code   RO          657    .text               c_w.l(vsprintf.o)
    0x08000314   0x08000314   0x0000003c   Code   RO          660    .text               c_w.l(rand.o)
    0x08000350   0x08000350   0x0000003e   Code   RO          664    .text               c_w.l(strlen.o)
    0x0800038e   0x0800038e   0x00000006   Code   RO          666    .text               c_w.l(heapauxi.o)
    0x08000394   0x08000394   0x0000004e   Code   RO          699    .text               c_w.l(_printf_pad.o)
    0x080003e2   0x080003e2   0x00000024   Code   RO          701    .text               c_w.l(_printf_truncate.o)
    0x08000406   0x08000406   0x00000052   Code   RO          703    .text               c_w.l(_printf_str.o)
    0x08000458   0x08000458   0x00000078   Code   RO          705    .text               c_w.l(_printf_dec.o)
    0x080004d0   0x080004d0   0x00000028   Code   RO          707    .text               c_w.l(_printf_charcount.o)
    0x080004f8   0x080004f8   0x00000030   Code   RO          709    .text               c_w.l(_printf_char_common.o)
    0x08000528   0x08000528   0x0000000a   Code   RO          711    .text               c_w.l(_sputc.o)
    0x08000532   0x08000532   0x00000002   PAD
    0x08000534   0x08000534   0x000000bc   Code   RO          713    .text               c_w.l(_printf_wctomb.o)
    0x080005f0   0x080005f0   0x0000007c   Code   RO          716    .text               c_w.l(_printf_longlong_dec.o)
    0x0800066c   0x0800066c   0x00000070   Code   RO          722    .text               c_w.l(_printf_oct_int_ll.o)
    0x080006dc   0x080006dc   0x00000094   Code   RO          742    .text               c_w.l(_printf_hex_int_ll_ptr.o)
    0x08000770   0x08000770   0x00000188   Code   RO          762    .text               c_w.l(__printf_flags_ss_wp.o)
    0x080008f8   0x080008f8   0x0000008a   Code   RO          867    .text               c_w.l(lludiv10.o)
    0x08000982   0x08000982   0x000000b2   Code   RO          869    .text               c_w.l(_printf_intcommon.o)
    0x08000a34   0x08000a34   0x0000041c   Code   RO          871    .text               c_w.l(_printf_fp_dec.o)
    0x08000e50   0x08000e50   0x000002fc   Code   RO          875    .text               c_w.l(_printf_fp_hex.o)
    0x0800114c   0x0800114c   0x0000002c   Code   RO          880    .text               c_w.l(_printf_char.o)
    0x08001178   0x08001178   0x0000002c   Code   RO          882    .text               c_w.l(_printf_wchar.o)
    0x080011a4   0x080011a4   0x00000048   Code   RO          885    .text               c_w.l(_c16rtomb.o)
    0x080011ec   0x080011ec   0x0000004a   Code   RO          891    .text               c_w.l(sys_stackheap_outer.o)
    0x08001236   0x08001236   0x00000002   PAD
    0x08001238   0x08001238   0x00000010   Code   RO          893    .text               c_w.l(rt_ctype_table.o)
    0x08001248   0x08001248   0x00000008   Code   RO          898    .text               c_w.l(rt_locale_intlibspace.o)
    0x08001250   0x08001250   0x00000080   Code   RO          900    .text               c_w.l(_printf_fp_infnan.o)
    0x080012d0   0x080012d0   0x000000e4   Code   RO          902    .text               c_w.l(bigflt0.o)
    0x080013b4   0x080013b4   0x00000012   Code   RO          932    .text               c_w.l(exit.o)
    0x080013c6   0x080013c6   0x00000002   PAD
    0x080013c8   0x080013c8   0x00000008   Code   RO          952    .text               c_w.l(libspace.o)
    0x080013d0   0x080013d0   0x00000080   Code   RO          968    .text               c_w.l(strcmpv7m.o)
    0x08001450   0x08001450   0x00000002   Code   RO          970    .text               c_w.l(use_no_semi.o)
    0x08001452   0x08001452   0x00000000   Code   RO          972    .text               c_w.l(indicate_semi.o)
    0x08001452   0x08001452   0x00000002   PAD
    0x08001454   0x08001454   0x0000000c   Code   RO          988    .text               c_w.l(sys_exit.o)
    0x08001460   0x08001460   0x00000002   Code   RO          140    .text.BusFault_Handler  stm32f1xx_it.o
    0x08001462   0x08001462   0x00000002   PAD
    0x08001464   0x08001464   0x0000000c   Code   RO          152    .text.DMA1_Channel5_IRQHandler  stm32f1xx_it.o
    0x08001470   0x08001470   0x00000002   Code   RO          146    .text.DebugMon_Handler  stm32f1xx_it.o
    0x08001472   0x08001472   0x00000002   PAD
    0x08001474   0x08001474   0x0000000a   Code   RO           80    .text.Error_Handler  main.o
    0x0800147e   0x0800147e   0x00000002   PAD
    0x08001480   0x08001480   0x00000046   Code   RO          452    .text.HAL_DMA_Abort  stm32f1xx_hal_dma.o
    0x080014c6   0x080014c6   0x00000002   PAD
    0x080014c8   0x080014c8   0x00000126   Code   RO          454    .text.HAL_DMA_Abort_IT  stm32f1xx_hal_dma.o
    0x080015ee   0x080015ee   0x00000002   PAD
    0x080015f0   0x080015f0   0x00000296   Code   RO          458    .text.HAL_DMA_IRQHandler  stm32f1xx_hal_dma.o
    0x08001886   0x08001886   0x00000002   PAD
    0x08001888   0x08001888   0x0000008e   Code   RO          444    .text.HAL_DMA_Init  stm32f1xx_hal_dma.o
    0x08001916   0x08001916   0x00000002   PAD
    0x08001918   0x08001918   0x0000009c   Code   RO          450    .text.HAL_DMA_Start_IT  stm32f1xx_hal_dma.o
    0x080019b4   0x080019b4   0x00000028   Code   RO          328    .text.HAL_Delay     stm32f1xx_hal.o
    0x080019dc   0x080019dc   0x00000202   Code   RO          420    .text.HAL_GPIO_Init  stm32f1xx_hal_gpio.o
    0x08001bde   0x08001bde   0x00000002   PAD
    0x08001be0   0x08001be0   0x0000000a   Code   RO          426    .text.HAL_GPIO_WritePin  stm32f1xx_hal_gpio.o
    0x08001bea   0x08001bea   0x00000002   PAD
    0x08001bec   0x08001bec   0x0000000c   Code   RO          320    .text.HAL_GetTick   stm32f1xx_hal.o
    0x08001bf8   0x08001bf8   0x0000001a   Code   RO          318    .text.HAL_IncTick   stm32f1xx_hal.o
    0x08001c12   0x08001c12   0x00000002   PAD
    0x08001c14   0x08001c14   0x00000026   Code   RO          308    .text.HAL_Init      stm32f1xx_hal.o
    0x08001c3a   0x08001c3a   0x00000002   PAD
    0x08001c3c   0x08001c3c   0x00000048   Code   RO          310    .text.HAL_InitTick  stm32f1xx_hal.o
    0x08001c84   0x08001c84   0x00000042   Code   RO          165    .text.HAL_MspInit   stm32f1xx_hal_msp.o
    0x08001cc6   0x08001cc6   0x00000002   PAD
    0x08001cc8   0x08001cc8   0x00000020   Code   RO          480    .text.HAL_NVIC_EnableIRQ  stm32f1xx_hal_cortex.o
    0x08001ce8   0x08001ce8   0x00000056   Code   RO          478    .text.HAL_NVIC_SetPriority  stm32f1xx_hal_cortex.o
    0x08001d3e   0x08001d3e   0x00000002   PAD
    0x08001d40   0x08001d40   0x00000020   Code   RO          476    .text.HAL_NVIC_SetPriorityGrouping  stm32f1xx_hal_cortex.o
    0x08001d60   0x08001d60   0x000001be   Code   RO          372    .text.HAL_RCC_ClockConfig  stm32f1xx_hal_rcc.o
    0x08001f1e   0x08001f1e   0x00000002   PAD
    0x08001f20   0x08001f20   0x00000026   Code   RO          384    .text.HAL_RCC_GetPCLK1Freq  stm32f1xx_hal_rcc.o
    0x08001f46   0x08001f46   0x00000002   PAD
    0x08001f48   0x08001f48   0x00000026   Code   RO          386    .text.HAL_RCC_GetPCLK2Freq  stm32f1xx_hal_rcc.o
    0x08001f6e   0x08001f6e   0x00000002   PAD
    0x08001f70   0x08001f70   0x000003b4   Code   RO          370    .text.HAL_RCC_OscConfig  stm32f1xx_hal_rcc.o
    0x08002324   0x08002324   0x0000002c   Code   RO          488    .text.HAL_SYSTICK_Config  stm32f1xx_hal_cortex.o
    0x08002350   0x08002350   0x00000002   Code   RO          272    .text.HAL_UARTEx_RxEventCallback  stm32f1xx_hal_uart.o
    0x08002352   0x08002352   0x00000002   PAD
    0x08002354   0x08002354   0x00000002   Code   RO          270    .text.HAL_UART_ErrorCallback  stm32f1xx_hal_uart.o
    0x08002356   0x08002356   0x00000002   PAD
    0x08002358   0x08002358   0x0000026c   Code   RO          264    .text.HAL_UART_IRQHandler  stm32f1xx_hal_uart.o
    0x080025c4   0x080025c4   0x000000dc   Code   RO          190    .text.HAL_UART_Init  stm32f1xx_hal_uart.o
    0x080026a0   0x080026a0   0x00000152   Code   RO          115    .text.HAL_UART_MspInit  usart.o
    0x080027f2   0x080027f2   0x00000002   PAD
    0x080027f4   0x080027f4   0x000000a4   Code   RO          222    .text.HAL_UART_Receive_DMA  stm32f1xx_hal_uart.o
    0x08002898   0x08002898   0x00000058   Code   RO          119    .text.HAL_UART_RxCpltCallback  usart.o
    0x080028f0   0x080028f0   0x00000002   Code   RO          280    .text.HAL_UART_RxHalfCpltCallback  stm32f1xx_hal_uart.o
    0x080028f2   0x080028f2   0x00000002   PAD
    0x080028f4   0x080028f4   0x000001b0   Code   RO          204    .text.HAL_UART_Transmit  stm32f1xx_hal_uart.o
    0x08002aa4   0x08002aa4   0x00000002   Code   RO          274    .text.HAL_UART_TxCpltCallback  stm32f1xx_hal_uart.o
    0x08002aa6   0x08002aa6   0x00000002   PAD
    0x08002aa8   0x08002aa8   0x00000002   Code   RO          136    .text.HardFault_Handler  stm32f1xx_it.o
    0x08002aaa   0x08002aaa   0x00000002   PAD
    0x08002aac   0x08002aac   0x00000034   Code   RO          102    .text.MX_DMA_Init   dma.o
    0x08002ae0   0x08002ae0   0x00000074   Code   RO           93    .text.MX_GPIO_Init  gpio.o
    0x08002b54   0x08002b54   0x0000003c   Code   RO          111    .text.MX_USART1_UART_Init  usart.o
    0x08002b90   0x08002b90   0x0000003c   Code   RO          113    .text.MX_USART2_UART_Init  usart.o
    0x08002bcc   0x08002bcc   0x00000002   Code   RO          138    .text.MemManage_Handler  stm32f1xx_it.o
    0x08002bce   0x08002bce   0x00000002   PAD
    0x08002bd0   0x08002bd0   0x00000002   Code   RO          134    .text.NMI_Handler   stm32f1xx_it.o
    0x08002bd2   0x08002bd2   0x00000002   PAD
    0x08002bd4   0x08002bd4   0x00000002   Code   RO          148    .text.PendSV_Handler  stm32f1xx_it.o
    0x08002bd6   0x08002bd6   0x00000002   PAD
    0x08002bd8   0x08002bd8   0x00000002   Code   RO          144    .text.SVC_Handler   stm32f1xx_it.o
    0x08002bda   0x08002bda   0x00000002   PAD
    0x08002bdc   0x08002bdc   0x00000004   Code   RO          150    .text.SysTick_Handler  stm32f1xx_it.o
    0x08002be0   0x08002be0   0x00000002   Code   RO          641    .text.SystemInit    system_stm32f1xx.o
    0x08002be2   0x08002be2   0x00000002   PAD
    0x08002be4   0x08002be4   0x0000000c   Code   RO          268    .text.UART_DMAAbortOnError  stm32f1xx_hal_uart.o
    0x08002bf0   0x08002bf0   0x0000006c   Code   RO          220    .text.UART_DMAError  stm32f1xx_hal_uart.o
    0x08002c5c   0x08002c5c   0x0000004c   Code   RO          296    .text.UART_DMAReceiveCplt  stm32f1xx_hal_uart.o
    0x08002ca8   0x08002ca8   0x00000014   Code   RO          298    .text.UART_DMARxHalfCplt  stm32f1xx_hal_uart.o
    0x08002cbc   0x08002cbc   0x000000b6   Code   RO          266    .text.UART_Receive_IT  stm32f1xx_hal_uart.o
    0x08002d72   0x08002d72   0x00000002   PAD
    0x08002d74   0x08002d74   0x0000000c   Code   RO          154    .text.USART1_IRQHandler  stm32f1xx_it.o
    0x08002d80   0x08002d80   0x0000000c   Code   RO          156    .text.USART2_IRQHandler  stm32f1xx_it.o
    0x08002d8c   0x08002d8c   0x00000002   Code   RO          142    .text.UsageFault_Handler  stm32f1xx_it.o
    0x08002d8e   0x08002d8e   0x00000002   PAD
    0x08002d90   0x08002d90   0x00000158   Code   RO           76    .text.main          main.o
    0x08002ee8   0x08002ee8   0x0000003e   Code   RO          121    .text.u2_printf     usart.o
    0x08002f26   0x08002f26   0x0000003e   Code   RO          905    CL$$btod_d2e        c_w.l(btod.o)
    0x08002f64   0x08002f64   0x00000046   Code   RO          907    CL$$btod_d2e_denorm_low  c_w.l(btod.o)
    0x08002faa   0x08002faa   0x00000060   Code   RO          906    CL$$btod_d2e_norm_op1  c_w.l(btod.o)
    0x0800300a   0x0800300a   0x00000002   PAD
    0x0800300c   0x0800300c   0x00000338   Code   RO          915    CL$$btod_div_common  c_w.l(btod.o)
    0x08003344   0x08003344   0x000000dc   Code   RO          912    CL$$btod_e2e        c_w.l(btod.o)
    0x08003420   0x08003420   0x0000002a   Code   RO          909    CL$$btod_ediv       c_w.l(btod.o)
    0x0800344a   0x0800344a   0x0000002a   Code   RO          908    CL$$btod_emul       c_w.l(btod.o)
    0x08003474   0x08003474   0x00000244   Code   RO          914    CL$$btod_mult_common  c_w.l(btod.o)
    0x080036b8   0x080036b8   0x00000028   Code   RO          946    i.__ARM_fpclassify  m_ws.l(fpclassify.o)
    0x080036e0   0x080036e0   0x0000000e   Code   RO          755    i._is_digit         c_w.l(__printf_wp.o)
    0x080036ee   0x080036ee   0x00000002   PAD
    0x080036f0   0x080036f0   0x0000002c   Code   RO          930    locale$$code        c_w.l(lc_numeric_c.o)
    0x0800371c   0x0800371c   0x0000002c   Code   RO          962    locale$$code        c_w.l(lc_ctype_c.o)
    0x08003748   0x08003748   0x00000004   Code   RO          843    x$fpl$printf1       fz_ws.l(printf1.o)
    0x0800374c   0x0800374c   0x00000004   Code   RO          845    x$fpl$printf2       fz_ws.l(printf2.o)
    0x08003750   0x08003750   0x00000000   Code   RO          851    x$fpl$usenofp       fz_ws.l(usenofp.o)
    0x08003750   0x08003750   0x00000008   Data   RO          714    .constdata          c_w.l(_printf_wctomb.o)
    0x08003758   0x08003758   0x00000028   Data   RO          743    .constdata          c_w.l(_printf_hex_int_ll_ptr.o)
    0x08003780   0x08003780   0x00000011   Data   RO          763    .constdata          c_w.l(__printf_flags_ss_wp.o)
    0x08003791   0x08003791   0x00000026   Data   RO          876    .constdata          c_w.l(_printf_fp_hex.o)
    0x080037b7   0x080037b7   0x00000001   PAD
    0x080037b8   0x080037b8   0x00000094   Data   RO          903    .constdata          c_w.l(bigflt0.o)
    0x0800384c   0x0800384c   0x00000002   Data   RO          397    .rodata..L__const.HAL_RCC_GetSysClockFreq.aPredivFactorTable  stm32f1xx_hal_rcc.o
    0x0800384e   0x0800384e   0x00000010   Data   RO          646    .rodata.AHBPrescTable  system_stm32f1xx.o
    0x0800385e   0x0800385e   0x00000008   Data   RO          647    .rodata.APBPrescTable  system_stm32f1xx.o
    0x08003866   0x08003866   0x00000010   Data   RO          396    .rodata.cst16       stm32f1xx_hal_rcc.o
    0x08003876   0x08003876   0x00000002   PAD
    0x08003878   0x08003878   0x00000020   Data   RO         1038    Region$$Table       anon$$obj.o
    0x08003898   0x08003898   0x0000001c   Data   RO          929    locale$$data        c_w.l(lc_numeric_c.o)
    0x080038b4   0x080038b4   0x00000110   Data   RO          961    locale$$data        c_w.l(lc_ctype_c.o)


    Execution Region RW_IRAM1 (Exec base: 0x20000000, Load base: 0x080039c8, Size: 0x00000830, Max: 0x0000c000, ABSOLUTE)

    Exec Addr    Load Addr    Size         Type   Attr      Idx    E Section Name        Object

    0x20000000   0x080039c8   0x00000008   Data   RW          359    .data..L_MergedGlobals  stm32f1xx_hal.o
    0x20000008   0x080039d0   0x00000004   Data   RW          645    .data.SystemCoreClock  system_stm32f1xx.o
    0x2000000c   0x080039d4   0x00000004   PAD
    0x20000010        -       0x000000e4   Zero   RW          661    .bss                c_w.l(rand.o)
    0x200000f4        -       0x00000060   Zero   RW          953    .bss                c_w.l(libspace.o)
    0x20000154        -       0x00000044   Zero   RW          125    .bss.hdma_usart1_rx  usart.o
    0x20000198        -       0x00000044   Zero   RW          123    .bss.huart1         usart.o
    0x200001dc        -       0x00000044   Zero   RW          124    .bss.huart2         usart.o
    0x20000220        -       0x0000000a   Zero   RW           83    .bss.u2_RX_Buf      main.o
    0x2000022a   0x080039d4   0x00000002   PAD
    0x2000022c        -       0x00000004   Zero   RW          358    .bss.uwTick         stm32f1xx_hal.o
    0x20000230        -       0x00000200   Zero   RW            2    HEAP                startup_stm32f103xe.o
    0x20000430        -       0x00000400   Zero   RW            1    STACK               startup_stm32f103xe.o


==============================================================================

Image component sizes


      Code (inc. data)   RO Data    RW Data    ZI Data      Debug   Object Name

        52          0          0          0          0       2499   dma.o
       116          0          0          0          0       1531   gpio.o
       354         32          0          0         10       2725   main.o
        64         26        304          0       1536        796   startup_stm32f103xe.o
       188          0          0          8          4       6073   stm32f1xx_hal.o
       194          0          0          0          0       8799   stm32f1xx_hal_cortex.o
      1324          0          0          0          0       8494   stm32f1xx_hal_dma.o
       524         22          0          0          0       4553   stm32f1xx_hal_gpio.o
        66          0          0          0          0       1197   stm32f1xx_hal_msp.o
      1470          0         18          0          0       7643   stm32f1xx_hal_rcc.o
      1842          0          0          0          0      23582   stm32f1xx_hal_uart.o
        56          0          0          0          0       3976   stm32f1xx_it.o
         2          0         24          4          0       1623   system_stm32f1xx.o
       608         24          0          0        204       7122   usart.o

    ----------------------------------------------------------------------
      6918        104        380         12       1760      80613   Object Totals
         0          0         32          0          0          0   (incl. Generated)
        58          0          2          0          6          0   (incl. Padding)

    ----------------------------------------------------------------------

      Code (inc. data)   RO Data    RW Data    ZI Data      Debug   Library Member Name

         8          0          0          0          0         68   __main.o
       392          4         17          0          0         92   __printf_flags_ss_wp.o
        14          0          0          0          0         68   __printf_wp.o
         0          0          0          0          0          0   __rtentry.o
        12          0          0          0          0          0   __rtentry2.o
         6          0          0          0          0          0   __rtentry4.o
        52          8          0          0          0          0   __scatter.o
        26          0          0          0          0          0   __scatter_copy.o
        28          0          0          0          0          0   __scatter_zi.o
        72          0          0          0          0         96   _c16rtomb.o
         6          0          0          0          0          0   _printf_a.o
         6          0          0          0          0          0   _printf_c.o
        44          0          0          0          0        108   _printf_char.o
        48          6          0          0          0         96   _printf_char_common.o
        40          0          0          0          0         68   _printf_charcount.o
         6          0          0          0          0          0   _printf_d.o
       120         16          0          0          0         92   _printf_dec.o
         6          0          0          0          0          0   _printf_e.o
         6          0          0          0          0          0   _printf_f.o
      1052          0          0          0          0        148   _printf_fp_dec.o
       764          8         38          0          0        100   _printf_fp_hex.o
       128         16          0          0          0         84   _printf_fp_infnan.o
         6          0          0          0          0          0   _printf_g.o
       148          4         40          0          0        160   _printf_hex_int_ll_ptr.o
         6          0          0          0          0          0   _printf_i.o
       178          0          0          0          0         88   _printf_intcommon.o
        10          0          0          0          0          0   _printf_l.o
         6          0          0          0          0          0   _printf_lc.o
        10          0          0          0          0          0   _printf_ll.o
         6          0          0          0          0          0   _printf_lld.o
         6          0          0          0          0          0   _printf_lli.o
         6          0          0          0          0          0   _printf_llo.o
         6          0          0          0          0          0   _printf_llu.o
         6          0          0          0          0          0   _printf_llx.o
       124         16          0          0          0         92   _printf_longlong_dec.o
         6          0          0          0          0          0   _printf_ls.o
         6          0          0          0          0          0   _printf_n.o
         6          0          0          0          0          0   _printf_o.o
       112          8          0          0          0        124   _printf_oct_int_ll.o
         6          0          0          0          0          0   _printf_p.o
        78          0          0          0          0        108   _printf_pad.o
         0          0          0          0          0          0   _printf_percent.o
         4          0          0          0          0          0   _printf_percent_end.o
         6          0          0          0          0          0   _printf_s.o
        82          0          0          0          0         80   _printf_str.o
        36          0          0          0          0         84   _printf_truncate.o
         6          0          0          0          0          0   _printf_u.o
        44          0          0          0          0        108   _printf_wchar.o
       188          6          8          0          0         92   _printf_wctomb.o
         6          0          0          0          0          0   _printf_x.o
        10          0          0          0          0         68   _sputc.o
       228          4        148          0          0         96   bigflt0.o
      1936        128          0          0          0        668   btod.o
        18          0          0          0          0         80   exit.o
         6          0          0          0          0        152   heapauxi.o
         0          0          0          0          0          0   indicate_semi.o
        44         10        272          0          0         76   lc_ctype_c.o
        44         10         28          0          0         76   lc_numeric_c.o
         2          0          0          0          0          0   libinit.o
        34          0          0          0          0          0   libinit2.o
         2          0          0          0          0          0   libshutdown.o
         2          0          0          0          0          0   libshutdown2.o
         8          4          0          0         96         68   libspace.o
       138          0          0          0          0         80   lludiv10.o
       112         18          0          0        228        160   rand.o
        16          4          0          0          0         76   rt_ctype_table.o
         8          4          0          0          0         68   rt_locale_intlibspace.o
         2          0          0          0          0          0   rtexit.o
        10          0          0          0          0          0   rtexit2.o
       128          0          0          0          0         68   strcmpv7m.o
        62          0          0          0          0         76   strlen.o
        12          4          0          0          0         68   sys_exit.o
        74          0          0          0          0         80   sys_stackheap_outer.o
         2          0          0          0          0         68   use_no_semi.o
        36          4          0          0          0         76   vsprintf.o
         4          0          0          0          0         68   printf1.o
         4          0          0          0          0         68   printf2.o
         0          0          0          0          0          0   usenofp.o
        40          0          0          0          0         68   fpclassify.o

    ----------------------------------------------------------------------
      6938        282        552          0        324       4264   Library Totals
        16          0          1          0          0          0   (incl. Padding)

    ----------------------------------------------------------------------

      Code (inc. data)   RO Data    RW Data    ZI Data      Debug   Library Name

      6874        282        551          0        324       4060   c_w.l
         8          0          0          0          0        136   fz_ws.l
        40          0          0          0          0         68   m_ws.l

    ----------------------------------------------------------------------
      6938        282        552          0        324       4264   Library Totals

    ----------------------------------------------------------------------

==============================================================================


      Code (inc. data)   RO Data    RW Data    ZI Data      Debug   

     13856        386        932         12       2084      82345   Grand Totals
     13856        386        932         12       2084      82345   ELF Image Totals
     13856        386        932         12          0          0   ROM Totals

==============================================================================

    Total RO  Size (Code + RO Data)                14788 (  14.44kB)
    Total RW  Size (RW Data + ZI Data)              2096 (   2.05kB)
    Total ROM Size (Code + RO Data + RW Data)      14800 (  14.45kB)

==============================================================================

