Component: ARM Compiler 6.12 Tool: armlink [5d624300]

==============================================================================

Section Cross References

    startup_stm32f407xx.o(RESET) refers to startup_stm32f407xx.o(STACK) for __initial_sp
    startup_stm32f407xx.o(RESET) refers to startup_stm32f407xx.o(.text) for Reset_Handler
    startup_stm32f407xx.o(RESET) refers to stm32f4xx_it.o(.text.NMI_Handler) for NMI_Handler
    startup_stm32f407xx.o(RESET) refers to stm32f4xx_it.o(.text.HardFault_Handler) for HardFault_Handler
    startup_stm32f407xx.o(RESET) refers to stm32f4xx_it.o(.text.MemManage_Handler) for MemManage_Handler
    startup_stm32f407xx.o(RESET) refers to stm32f4xx_it.o(.text.BusFault_Handler) for BusFault_Handler
    startup_stm32f407xx.o(RESET) refers to stm32f4xx_it.o(.text.UsageFault_Handler) for UsageFault_Handler
    startup_stm32f407xx.o(RESET) refers to stm32f4xx_it.o(.text.SVC_Handler) for SVC_Handler
    startup_stm32f407xx.o(RESET) refers to stm32f4xx_it.o(.text.DebugMon_Handler) for DebugMon_Handler
    startup_stm32f407xx.o(RESET) refers to stm32f4xx_it.o(.text.PendSV_Handler) for PendSV_Handler
    startup_stm32f407xx.o(RESET) refers to stm32f4xx_it.o(.text.SysTick_Handler) for SysTick_Handler
    startup_stm32f407xx.o(RESET) refers to stm32f4xx_it.o(.text.DMA1_Stream1_IRQHandler) for DMA1_Stream1_IRQHandler
    startup_stm32f407xx.o(RESET) refers to stm32f4xx_it.o(.text.DMA1_Stream5_IRQHandler) for DMA1_Stream5_IRQHandler
    startup_stm32f407xx.o(RESET) refers to stm32f4xx_it.o(.text.USART2_IRQHandler) for USART2_IRQHandler
    startup_stm32f407xx.o(RESET) refers to stm32f4xx_it.o(.text.USART3_IRQHandler) for USART3_IRQHandler
    startup_stm32f407xx.o(RESET) refers to stm32f4xx_it.o(.text.TIM7_IRQHandler) for TIM7_IRQHandler
    startup_stm32f407xx.o(.text) refers to system_stm32f4xx.o(.text.SystemInit) for SystemInit
    startup_stm32f407xx.o(.text) refers to entry.o(.ARM.Collect$$$$00000000) for __main
    pid.o(.ARM.exidx.text.pid_clear) refers to pid.o(.text.pid_clear) for [Anonymous Symbol]
    pid.o(.ARM.exidx.text.pid_init) refers to pid.o(.text.pid_init) for [Anonymous Symbol]
    pid.o(.ARM.exidx.text.pid_calculate) refers to pid.o(.text.pid_calculate) for [Anonymous Symbol]
    jy62.o(.text.jy62_init) refers to jy62.o(.bss.jy62_uart) for jy62_uart
    jy62.o(.ARM.exidx.text.jy62_init) refers to jy62.o(.text.jy62_init) for [Anonymous Symbol]
    jy62.o(.text.calibrate) refers to jy62.o(.bss.jy62_uart) for jy62_uart
    jy62.o(.text.calibrate) refers to jy62.o(.data.calibrateAcce_pack) for calibrateAcce_pack
    jy62.o(.text.calibrate) refers to stm32f4xx_hal_uart.o(.text.HAL_UART_Transmit) for HAL_UART_Transmit
    jy62.o(.ARM.exidx.text.calibrate) refers to jy62.o(.text.calibrate) for [Anonymous Symbol]
    jy62.o(.text.setVertical) refers to jy62.o(.bss.jy62_uart) for jy62_uart
    jy62.o(.text.setVertical) refers to jy62.o(.data.setVertical_pack) for setVertical_pack
    jy62.o(.text.setVertical) refers to stm32f4xx_hal_uart.o(.text.HAL_UART_Transmit) for HAL_UART_Transmit
    jy62.o(.ARM.exidx.text.setVertical) refers to jy62.o(.text.setVertical) for [Anonymous Symbol]
    jy62.o(.text.setHorizontal) refers to jy62.o(.bss.jy62_uart) for jy62_uart
    jy62.o(.text.setHorizontal) refers to jy62.o(.data.setHorizontal_pack) for setHorizontal_pack
    jy62.o(.text.setHorizontal) refers to stm32f4xx_hal_uart.o(.text.HAL_UART_Transmit) for HAL_UART_Transmit
    jy62.o(.ARM.exidx.text.setHorizontal) refers to jy62.o(.text.setHorizontal) for [Anonymous Symbol]
    jy62.o(.text.initAngle) refers to jy62.o(.bss.jy62_uart) for jy62_uart
    jy62.o(.text.initAngle) refers to jy62.o(.data.initAngle_pack) for initAngle_pack
    jy62.o(.text.initAngle) refers to stm32f4xx_hal_uart.o(.text.HAL_UART_Transmit) for HAL_UART_Transmit
    jy62.o(.ARM.exidx.text.initAngle) refers to jy62.o(.text.initAngle) for [Anonymous Symbol]
    drive.o(.text.saveOrder) refers to zigbee_edc24.o(.text.getLatestPendingOrder) for getLatestPendingOrder
    drive.o(.text.saveOrder) refers to drive.o(.bss.hash) for hash
    drive.o(.text.saveOrder) refers to drive.o(.bss..L_MergedGlobals) for .L_MergedGlobals
    drive.o(.text.saveOrder) refers to drive.o(.bss.orderList) for orderList
    drive.o(.text.saveOrder) refers to drive.o(.bss.book) for book
    drive.o(.ARM.exidx.text.saveOrder) refers to drive.o(.text.saveOrder) for [Anonymous Symbol]
    drive.o(.text.Get_Distance) refers to dflti.o(.text) for __aeabi_i2d
    drive.o(.text.Get_Distance) refers to sqrt.o(i.__hardfp_sqrt) for __hardfp_sqrt
    drive.o(.text.Get_Distance) refers to d2f.o(.text) for __aeabi_d2f
    drive.o(.ARM.exidx.text.Get_Distance) refers to drive.o(.text.Get_Distance) for [Anonymous Symbol]
    drive.o(.text.Get_Nearby_Node) refers to dijkstra.o(.bss..L_MergedGlobals) for node_cnt
    drive.o(.text.Get_Nearby_Node) refers to map.o(.bss.Node_List) for Node_List
[...]
    stm32f4xx_hal_tim_ex.c                   0x00000000   Number         0  stm32f4xx_hal_tim_ex.o ABSOLUTE
    stm32f4xx_hal_uart.c                     0x00000000   Number         0  stm32f4xx_hal_uart.o ABSOLUTE
    stm32f4xx_it.c                           0x00000000   Number         0  stm32f4xx_it.o ABSOLUTE
    system_stm32f4xx.c                       0x00000000   Number         0  system_stm32f4xx.o ABSOLUTE
    tim.c                                    0x00000000   Number         0  tim.o ABSOLUTE
    usart.c                                  0x00000000   Number         0  usart.o ABSOLUTE
    zigbee_edc24.c                           0x00000000   Number         0  zigbee_edc24.o ABSOLUTE
    RESET                                    0x08000000   Section      392  startup_stm32f407xx.o(RESET)
    .ARM.Collect$$$$00000000                 0x08000188   Section        0  entry.o(.ARM.Collect$$$$00000000)
    .ARM.Collect$$$$00000001                 0x08000188   Section        4  entry2.o(.ARM.Collect$$$$00000001)
    .ARM.Collect$$$$00000004                 0x0800018c   Section        4  entry5.o(.ARM.Collect$$$$00000004)
    .ARM.Collect$$$$00000008                 0x08000190   Section        0  entry7b.o(.ARM.Collect$$$$00000008)
    .ARM.Collect$$$$0000000A                 0x08000190   Section        0  entry8b.o(.ARM.Collect$$$$0000000A)
    .ARM.Collect$$$$0000000B                 0x08000190   Section        8  entry9a.o(.ARM.Collect$$$$0000000B)
    __lit__00000000                          0x08000198   Data           4  entry2.o(.ARM.Collect$$$$00002712)
    .ARM.Collect$$$$0000000D                 0x08000198   Section        0  entry10a.o(.ARM.Collect$$$$0000000D)
    .ARM.Collect$$$$0000000F                 0x08000198   Section        0  entry11a.o(.ARM.Collect$$$$0000000F)
    .ARM.Collect$$$$00002712                 0x08000198   Section        4  entry2.o(.ARM.Collect$$$$00002712)
    $v0                                      0x0800019c   Number         0  startup_stm32f407xx.o(.text)
    .text                                    0x0800019c   Section       36  startup_stm32f407xx.o(.text)
    .text                                    0x080001c0   Section        0  uldiv.o(.text)
    .text                                    0x08000222   Section        0  qsort.o(.text)
    .text                                    0x080002be   Section        0  memcpya.o(.text)
    .text                                    0x080002e2   Section        0  memseta.o(.text)
    .text                                    0x08000306   Section        0  strlen.o(.text)
    .text                                    0x08000314   Section        0  dadd.o(.text)
    .text                                    0x08000462   Section        0  dmul.o(.text)
    .text                                    0x08000546   Section        0  ddiv.o(.text)
    .text                                    0x08000624   Section        0  dcmple.o(.text)
    .text                                    0x0800065a   Section        0  dflti.o(.text)
    .text                                    0x0800067c   Section        0  dfixui.o(.text)
    .text                                    0x080006ae   Section        0  f2d.o(.text)
    .text                                    0x080006d4   Section        0  d2f.o(.text)
    .text                                    0x0800070c   Section        0  uidiv.o(.text)
    .text                                    0x08000738   Section        0  llshl.o(.text)
    .text                                    0x08000756   Section        0  llushr.o(.text)
    .text                                    0x08000776   Section        0  llsshr.o(.text)
    .text                                    0x0800079a   Section        0  iusefp.o(.text)
    .text                                    0x0800079a   Section        0  fepilogue.o(.text)
    .text                                    0x08000808   Section        0  depilogue.o(.text)
    .text                                    0x080008c2   Section        0  dsqrt.o(.text)
    .text                                    0x08000964   Section        0  dfixul.o(.text)
    .text                                    0x08000994   Section       48  cdrcmple.o(.text)
    .text                                    0x080009c4   Section       36  init.o(.text)
    [Anonymous Symbol]                       0x080009e8   Section        0  map.o(.text.BuildMap)
    [Anonymous Symbol]                       0x08000dd8   Section        0  stm32f4xx_it.o(.text.BusFault_Handler)
    [Anonymous Symbol]                       0x08000ddc   Section        0  stm32f4xx_it.o(.text.DMA1_Stream1_IRQHandler)
    [Anonymous Symbol]                       0x08000de8   Section        0  stm32f4xx_it.o(.text.DMA1_Stream5_IRQHandler)
    [Anonymous Symbol]                       0x08000df4   Section        0  stm32f4xx_it.o(.text.DebugMon_Handler)
    [Anonymous Symbol]                       0x08000df8   Section        0  dijkstra.o(.text.Dijkstra)
    [Anonymous Symbol]                       0x080011d4   Section        0  drive.o(.text.Drive_Init)
    [Anonymous Symbol]                       0x080011f0   Section        0  drive.o(.text.Drive_Plan)
    [Anonymous Symbol]                       0x080012e8   Section        0  drive.o(.text.Drive_Set_Charge_Pile)
    [Anonymous Symbol]                       0x08001374   Section        0  drive.o(.text.Drive_Simple)
    [Anonymous Symbol]                       0x08001590   Section        0  main.o(.text.Error_Handler)
    [Anonymous Symbol]                       0x0800159c   Section        0  drive.o(.text.Go_to)
    [Anonymous Symbol]                       0x08001860   Section        0  stm32f4xx_hal_dma.o(.text.HAL_DMA_Abort)
    [Anonymous Symbol]                       0x080018f4   Section        0  stm32f4xx_hal_dma.o(.text.HAL_DMA_Abort_IT)
    [Anonymous Symbol]                       0x08001918   Section        0  stm32f4xx_hal_dma.o(.text.HAL_DMA_IRQHandler)
    [Anonymous Symbol]                       0x08001adc   Section        0  stm32f4xx_hal_dma.o(.text.HAL_DMA_Init)
    [Anonymous Symbol]                       0x08001c44   Section        0  stm32f4xx_hal_dma.o(.text.HAL_DMA_Start_IT)
    [Anonymous Symbol]                       0x08001ce4   Section        0  stm32f4xx_hal.o(.text.HAL_Delay)
    [Anonymous Symbol]                       0x08001d0c   Section        0  stm32f4xx_hal_gpio.o(.text.HAL_GPIO_Init)
    [Anonymous Symbol]                       0x08001ed4   Section        0  stm32f4xx_hal_gpio.o(.text.HAL_GPIO_WritePin)
    [Anonymous Symbol]                       0x08001ee0   Section        0  stm32f4xx_hal.o(.text.HAL_GetTick)
    [Anonymous Symbol]                       0x08001eec   Section        0  stm32f4xx_hal.o(.text.HAL_IncTick)
    [Anonymous Symbol]                       0x08001f08   Section        0  stm32f4xx_hal.o(.text.HAL_Init)
    [Anonymous Symbol]                       0x08001f40   Section        0  stm32f4xx_hal.o(.text.HAL_InitTick)
    [Anonymous Symbol]                       0x08001f84   Section        0  stm32f4xx_hal_msp.o(.text.HAL_MspInit)
    [Anonymous Symbol]                       0x08001fbc   Section        0  stm32f4xx_hal_cortex.o(.text.HAL_NVIC_EnableIRQ)
    [Anonymous Symbol]                       0x08001fdc   Section        0  stm32f4xx_hal_cortex.o(.text.HAL_NVIC_SetPriority)
    [Anonymous Symbol]                       0x08002038   Section        0  stm32f4xx_hal_cortex.o(.text.HAL_NVIC_SetPriorityGrouping)
    [Anonymous Symbol]                       0x08002058   Section        0  stm32f4xx_hal_rcc.o(.text.HAL_RCC_ClockConfig)
    [Anonymous Symbol]                       0x080021b8   Section        0  stm32f4xx_hal_rcc.o(.text.HAL_RCC_GetPCLK1Freq)
    [Anonymous Symbol]                       0x080021e0   Section        0  stm32f4xx_hal_rcc.o(.text.HAL_RCC_GetPCLK2Freq)
    [Anonymous Symbol]                       0x08002208   Section        0  stm32f4xx_hal_rcc.o(.text.HAL_RCC_GetSysClockFreq)
    [Anonymous Symbol]                       0x08002274   Section        0  stm32f4xx_hal_rcc.o(.text.HAL_RCC_OscConfig)
    [Anonymous Symbol]                       0x080025b4   Section        0  stm32f4xx_hal_cortex.o(.text.HAL_SYSTICK_Config)
    [Anonymous Symbol]                       0x080025e0   Section        0  stm32f4xx_hal_tim_ex.o(.text.HAL_TIMEx_BreakCallback)
    [Anonymous Symbol]                       0x080025e4   Section        0  stm32f4xx_hal_tim_ex.o(.text.HAL_TIMEx_CommutCallback)
    [Anonymous Symbol]                       0x080025e8   Section        0  stm32f4xx_hal_tim_ex.o(.text.HAL_TIMEx_MasterConfigSynchronization)
    [Anonymous Symbol]                       0x080026b4   Section        0  stm32f4xx_hal_tim.o(.text.HAL_TIM_Base_Init)
    [Anonymous Symbol]                       0x08002710   Section        0  tim.o(.text.HAL_TIM_Base_MspInit)
    [Anonymous Symbol]                       0x08002758   Section        0  stm32f4xx_hal_tim.o(.text.HAL_TIM_Base_Start_IT)
    [Anonymous Symbol]                       0x08002810   Section        0  stm32f4xx_hal_tim.o(.text.HAL_TIM_Encoder_Init)
    [Anonymous Symbol]                       0x080028c4   Section        0  tim.o(.text.HAL_TIM_Encoder_MspInit)
    [Anonymous Symbol]                       0x08002b00   Section        0  stm32f4xx_hal_tim.o(.text.HAL_TIM_Encoder_Start)
    [Anonymous Symbol]                       0x08002bb0   Section        0  stm32f4xx_hal_tim.o(.text.HAL_TIM_IC_CaptureCallback)
    [Anonymous Symbol]                       0x08002bb4   Section        0  stm32f4xx_hal_tim.o(.text.HAL_TIM_IRQHandler)
    [Anonymous Symbol]                       0x08002d74   Section        0  stm32f4xx_hal_tim.o(.text.HAL_TIM_OC_DelayElapsedCallback)
    [Anonymous Symbol]                       0x08002d78   Section        0  stm32f4xx_hal_tim.o(.text.HAL_TIM_PWM_ConfigChannel)
    [Anonymous Symbol]                       0x08002f9c   Section        0  stm32f4xx_hal_tim.o(.text.HAL_TIM_PWM_Init)
    [Anonymous Symbol]                       0x08002ff8   Section        0  tim.o(.text.HAL_TIM_PWM_MspInit)
    [Anonymous Symbol]                       0x0800302c   Section        0  stm32f4xx_hal_tim.o(.text.HAL_TIM_PWM_PulseFinishedCallback)
    [Anonymous Symbol]                       0x08003030   Section        0  stm32f4xx_hal_tim.o(.text.HAL_TIM_PWM_Start)
    [Anonymous Symbol]                       0x08003170   Section        0  main.o(.text.HAL_TIM_PeriodElapsedCallback)
    __arm_cp.4_16                            0x080032c0   Number         4  main.o(.text.HAL_TIM_PeriodElapsedCallback)
    __arm_cp.4_17                            0x080032c4   Number         4  main.o(.text.HAL_TIM_PeriodElapsedCallback)
    __arm_cp.4_18                            0x080032c8   Number         4  main.o(.text.HAL_TIM_PeriodElapsedCallback)
    __arm_cp.4_19                            0x080032cc   Number         4  main.o(.text.HAL_TIM_PeriodElapsedCallback)
    __arm_cp.4_20                            0x080032d0   Number         4  main.o(.text.HAL_TIM_PeriodElapsedCallback)
    __arm_cp.4_21                            0x080032d4   Number         4  main.o(.text.HAL_TIM_PeriodElapsedCallback)
    __arm_cp.4_22                            0x080032d8   Number         4  main.o(.text.HAL_TIM_PeriodElapsedCallback)
    __arm_cp.4_23                            0x080032dc   Number         4  main.o(.text.HAL_TIM_PeriodElapsedCallback)
    [Anonymous Symbol]                       0x080036dc   Section        0  stm32f4xx_hal_tim.o(.text.HAL_TIM_TriggerCallback)
    [Anonymous Symbol]                       0x080036e0   Section        0  stm32f4xx_hal_uart.o(.text.HAL_UARTEx_ReceiveToIdle_DMA)
    [Anonymous Symbol]                       0x080038d8   Section        0  main.o(.text.HAL_UARTEx_RxEventCallback)
    __arm_cp.5_14                            0x08003b88   Number         4  main.o(.text.HAL_UARTEx_RxEventCallback)
    __arm_cp.5_15                            0x08003b8c   Number         4  main.o(.text.HAL_UARTEx_RxEventCallback)
    __arm_cp.5_18                            0x08003ba0   Number         4  main.o(.text.HAL_UARTEx_RxEventCallback)
    __arm_cp.5_21                            0x08003bb8   Number         4  main.o(.text.HAL_UARTEx_RxEventCallback)
    [Anonymous Symbol]                       0x08003dd8   Section        0  zigbee_edc24.o(.text.HAL_UART_ErrorCallback)
    [Anonymous Symbol]                       0x08003e08   Section        0  stm32f4xx_hal_uart.o(.text.HAL_UART_IRQHandler)
    [Anonymous Symbol]                       0x0800438c   Section        0  stm32f4xx_hal_uart.o(.text.HAL_UART_Init)
    [Anonymous Symbol]                       0x080043ec   Section        0  usart.o(.text.HAL_UART_MspInit)
    [Anonymous Symbol]                       0x080045cc   Section        0  stm32f4xx_hal_uart.o(.text.HAL_UART_RxCpltCallback)
    [Anonymous Symbol]                       0x080045d0   Section        0  stm32f4xx_hal_uart.o(.text.HAL_UART_RxHalfCpltCallback)
    [Anonymous Symbol]                       0x080045d4   Section        0  stm32f4xx_hal_uart.o(.text.HAL_UART_Transmit)
    [Anonymous Symbol]                       0x080048a4   Section        0  stm32f4xx_hal_uart.o(.text.HAL_UART_TxCpltCallback)
    [Anonymous Symbol]                       0x080048a8   Section        0  stm32f4xx_it.o(.text.HardFault_Handler)
    [Anonymous Symbol]                       0x080048ac   Section        0  map.o(.text.Init_Coordinate)
    [Anonymous Symbol]                       0x08004f9c   Section        0  map.o(.text.Judgement)
    [Anonymous Symbol]                       0x08005174   Section        0  dma.o(.text.MX_DMA_Init)
    [Anonymous Symbol]                       0x080051bc   Section        0  gpio.o(.text.MX_GPIO_Init)
    [Anonymous Symbol]                       0x0800529c   Section        0  tim.o(.text.MX_TIM1_Init)
    [Anonymous Symbol]                       0x08005308   Section        0  tim.o(.text.MX_TIM2_Init)
    [Anonymous Symbol]                       0x08005370   Section        0  tim.o(.text.MX_TIM3_Init)
    [Anonymous Symbol]                       0x080053dc   Section        0  tim.o(.text.MX_TIM4_Init)
    [Anonymous Symbol]                       0x08005448   Section        0  tim.o(.text.MX_TIM5_Init)
    [Anonymous Symbol]                       0x08005568   Section        0  tim.o(.text.MX_TIM7_Init)
    [Anonymous Symbol]                       0x080055c0   Section        0  tim.o(.text.MX_TIM8_Init)
    [Anonymous Symbol]                       0x08005630   Section        0  usart.o(.text.MX_USART1_UART_Init)
    [Anonymous Symbol]                       0x08005670   Section        0  usart.o(.text.MX_USART2_UART_Init)
    [Anonymous Symbol]                       0x080056b0   Section        0  usart.o(.text.MX_USART3_UART_Init)
    [Anonymous Symbol]                       0x080056f0   Section        0  stm32f4xx_it.o(.text.MemManage_Handler)
    [Anonymous Symbol]                       0x080056f4   Section        0  stm32f4xx_it.o(.text.NMI_Handler)
    [Anonymous Symbol]                       0x080056f8   Section        0  stm32f4xx_it.o(.text.PendSV_Handler)
    [Anonymous Symbol]                       0x080056fc   Section        0  stm32f4xx_it.o(.text.SVC_Handler)
    [Anonymous Symbol]                       0x08005700   Section        0  stm32f4xx_it.o(.text.SysTick_Handler)
    [Anonymous Symbol]                       0x08005704   Section        0  main.o(.text.SystemClock_Config)
    [Anonymous Symbol]                       0x080057b4   Section        0  system_stm32f4xx.o(.text.SystemInit)
    [Anonymous Symbol]                       0x080057c8   Section        0  stm32f4xx_it.o(.text.TIM7_IRQHandler)
    [Anonymous Symbol]                       0x080057d4   Section        0  stm32f4xx_hal_tim.o(.text.TIM_Base_SetConfig)
    UART_DMAAbortOnError                     0x08005915   Thumb Code    12  stm32f4xx_hal_uart.o(.text.UART_DMAAbortOnError)
    [Anonymous Symbol]                       0x08005914   Section        0  stm32f4xx_hal_uart.o(.text.UART_DMAAbortOnError)
    UART_DMAError                            0x08005921   Thumb Code   388  stm32f4xx_hal_uart.o(.text.UART_DMAError)
    [Anonymous Symbol]                       0x08005920   Section        0  stm32f4xx_hal_uart.o(.text.UART_DMAError)
    UART_DMAReceiveCplt                      0x08005aa5   Thumb Code   346  stm32f4xx_hal_uart.o(.text.UART_DMAReceiveCplt)
    [Anonymous Symbol]                       0x08005aa4   Section        0  stm32f4xx_hal_uart.o(.text.UART_DMAReceiveCplt)
    UART_DMARxHalfCplt                       0x08005c01   Thumb Code    20  stm32f4xx_hal_uart.o(.text.UART_DMARxHalfCplt)
    [Anonymous Symbol]                       0x08005c00   Section        0  stm32f4xx_hal_uart.o(.text.UART_DMARxHalfCplt)
    UART_Receive_IT                          0x08005c15   Thumb Code   248  stm32f4xx_hal_uart.o(.text.UART_Receive_IT)
    [Anonymous Symbol]                       0x08005c14   Section        0  stm32f4xx_hal_uart.o(.text.UART_Receive_IT)
    UART_SetConfig                           0x08005d0d   Thumb Code   232  stm32f4xx_hal_uart.o(.text.UART_SetConfig)
    [Anonymous Symbol]                       0x08005d0c   Section        0  stm32f4xx_hal_uart.o(.text.UART_SetConfig)
    [Anonymous Symbol]                       0x08005df4   Section        0  stm32f4xx_it.o(.text.USART2_IRQHandler)
    [Anonymous Symbol]                       0x08005e00   Section        0  stm32f4xx_it.o(.text.USART3_IRQHandler)
    [Anonymous Symbol]                       0x08005e0c   Section        0  stm32f4xx_it.o(.text.UsageFault_Handler)
    [Anonymous Symbol]                       0x08005e10   Section        0  dijkstra.o(.text.add)
    [Anonymous Symbol]                       0x08005e50   Section        0  dijkstra.o(.text.clear_edge)
    [Anonymous Symbol]                       0x08005e70   Section        0  map.o(.text.cmp)
    [Anonymous Symbol]                       0x08005e7c   Section        0  zigbee_edc24.o(.text.getLatestPendingOrder)
    [Anonymous Symbol]                       0x08005eb0   Section        0  zigbee_edc24.o(.text.getOneBarrier)
    [Anonymous Symbol]                       0x08005ee0   Section        0  zigbee_edc24.o(.text.getOneOrder)
    [Anonymous Symbol]                       0x08005f14   Section        0  zigbee_edc24.o(.text.getOneOwnPile)
    [Anonymous Symbol]                       0x08005f28   Section        0  zigbee_edc24.o(.text.getOrderNum)
    [Anonymous Symbol]                       0x08005f34   Section        0  zigbee_edc24.o(.text.getOwnChargingPileNum)
    [Anonymous Symbol]                       0x08005f44   Section        0  zigbee_edc24.o(.text.getVehiclePos)
    [Anonymous Symbol]                       0x08005f54   Section        0  jy62.o(.text.initAngle)
    [Anonymous Symbol]                       0x08005f70   Section        0  jy62.o(.text.jy62_init)
    [Anonymous Symbol]                       0x08005f7c   Section        0  main.o(.text.main)
    [Anonymous Symbol]                       0x08006244   Section        0  pid.o(.text.pid_calculate)
    [Anonymous Symbol]                       0x080062bc   Section        0  pid.o(.text.pid_init)
    [Anonymous Symbol]                       0x080062d0   Section        0  dijkstra.o(.text.priority_queue_down)
    [Anonymous Symbol]                       0x080063c8   Section        0  zigbee_edc24.o(.text.reqGameInfo)
    [Anonymous Symbol]                       0x080063e4   Section        0  drive.o(.text.saveOrder)
    [Anonymous Symbol]                       0x0800644c   Section        0  zigbee_edc24.o(.text.setChargingPile)
    [Anonymous Symbol]                       0x08006470   Section        0  main.o(.text.setSpeed)
    [Anonymous Symbol]                       0x08006710   Section        0  usart.o(.text.u1_printf)
    [Anonymous Symbol]                       0x08006750   Section        0  zigbee_edc24.o(.text.zigbeeMessageRecord)
    [Anonymous Symbol]                       0x08006894   Section        0  zigbee_edc24.o(.text.zigbee_Init)
    i.__0vsprintf                            0x080068dc   Section        0  printfa.o(i.__0vsprintf)
    i.__hardfp_sqrt                          0x08006900   Section        0  sqrt.o(i.__hardfp_sqrt)
    i.__scatterload_copy                     0x0800697a   Section       14  handlers.o(i.__scatterload_copy)
    i.__scatterload_null                     0x08006988   Section        2  handlers.o(i.__scatterload_null)
    i.__scatterload_zeroinit                 0x0800698a   Section       14  handlers.o(i.__scatterload_zeroinit)
    i.__set_errno                            0x08006998   Section        0  errno.o(i.__set_errno)
    _fp_digits                               0x080069a5   Thumb Code   366  printfa.o(i._fp_digits)
    i._fp_digits                             0x080069a4   Section        0  printfa.o(i._fp_digits)
    _printf_core                             0x08006b29   Thumb Code  1744  printfa.o(i._printf_core)
    i._printf_core                           0x08006b28   Section        0  printfa.o(i._printf_core)
    _printf_post_padding                     0x08007205   Thumb Code    36  printfa.o(i._printf_post_padding)
    i._printf_post_padding                   0x08007204   Section        0  printfa.o(i._printf_post_padding)
    _printf_pre_padding                      0x08007229   Thumb Code    46  printfa.o(i._printf_pre_padding)
    i._printf_pre_padding                    0x08007228   Section        0  printfa.o(i._printf_pre_padding)
    _sputc                                   0x08007257   Thumb Code    10  printfa.o(i._sputc)
    i._sputc                                 0x08007256   Section        0  printfa.o(i._sputc)
    DMA_CalcBaseAndBitshift.flagBitshiftOffset 0x08007278   Data           8  stm32f4xx_hal_dma.o(.rodata.cst8)
    .L.str.1                                 0x08007280   Data          72  drive.o(.rodata.str1.1)
    [Anonymous Symbol]                       0x08007280   Section        0  drive.o(.rodata.str1.1)
    .L.str                                   0x080072c8   Data          66  drive.o(.rodata.str1.1)
    _errno                                   0x20000000   Data           4  errno.o(.data)
    .data                                    0x20000000   Section        4  errno.o(.data)
    .L_MergedGlobals                         0x20000004   Data           8  stm32f4xx_hal.o(.data..L_MergedGlobals)
    [Anonymous Symbol]                       0x20000004   Section        0  stm32f4xx_hal.o(.data..L_MergedGlobals)
    .L_MergedGlobals                         0x20000038   Data          76  drive.o(.bss..L_MergedGlobals)
    [Anonymous Symbol]                       0x20000038   Section        0  drive.o(.bss..L_MergedGlobals)
    .L_MergedGlobals                         0x20000084   Data         108  zigbee_edc24.o(.bss..L_MergedGlobals)
    [Anonymous Symbol]                       0x20000084   Section        0  zigbee_edc24.o(.bss..L_MergedGlobals)
    .L_MergedGlobals                         0x200000f0   Data         112  map.o(.bss..L_MergedGlobals)
    [Anonymous Symbol]                       0x200000f0   Section        0  map.o(.bss..L_MergedGlobals)
    .L_MergedGlobals                         0x20000160   Data           4  dijkstra.o(.bss..L_MergedGlobals)
    [Anonymous Symbol]                       0x20000160   Section        0  dijkstra.o(.bss..L_MergedGlobals)
    .L_MergedGlobals                         0x20000164   Data         120  main.o(.bss..L_MergedGlobals)
    [Anonymous Symbol]                       0x20000164   Section        0  main.o(.bss..L_MergedGlobals)
    STACK                                    0x20014cd8   Section     1024  startup_stm32f407xx.o(STACK)

    Global Symbols

    Symbol Name                              Value     Ov Type        Size  Object(Section)

    BuildAttributes$$THM_ISAv4$E$P$D$K$B$S$7EM$VFPi3$EXTD16$VFPS$VFMA$PE$A:L22UL41UL21$X:L11$S22US41US21$IEEE1$IW$~IW$USESV6$~STKCKD$USESV7$~SHL$OTIME$ROPI$IEEEJ$EBA8$MICROLIB$REQ8$PRES8$EABIv2 0x00000000   Number         0  anon$$obj.o ABSOLUTE
    __cpp_initialize__aeabi_                  - Undefined Weak Reference
    __cxa_finalize                            - Undefined Weak Reference
    __decompress                              - Undefined Weak Reference
    _clock_init                               - Undefined Weak Reference
    _microlib_exit                            - Undefined Weak Reference
    __Vectors_Size                           0x00000188   Number         0  startup_stm32f407xx.o ABSOLUTE
    __Vectors                                0x08000000   Data           4  startup_stm32f407xx.o(RESET)
    __Vectors_End                            0x08000188   Data           0  startup_stm32f407xx.o(RESET)
    __main                                   0x08000189   Thumb Code     0  entry.o(.ARM.Collect$$$$00000000)
    _main_stk                                0x08000189   Thumb Code     0  entry2.o(.ARM.Collect$$$$00000001)
    _main_scatterload                        0x0800018d   Thumb Code     0  entry5.o(.ARM.Collect$$$$00000004)
    __main_after_scatterload                 0x08000191   Thumb Code     0  entry5.o(.ARM.Collect$$$$00000004)
    _main_clock                              0x08000191   Thumb Code     0  entry7b.o(.ARM.Collect$$$$00000008)
    _main_cpp_init                           0x08000191   Thumb Code     0  entry8b.o(.ARM.Collect$$$$0000000A)
    _main_init                               0x08000191   Thumb Code     0  entry9a.o(.ARM.Collect$$$$0000000B)
    __rt_final_cpp                           0x08000199   Thumb Code     0  entry10a.o(.ARM.Collect$$$$0000000D)
    __rt_final_exit                          0x08000199   Thumb Code     0  entry11a.o(.ARM.Collect$$$$0000000F)
    Reset_Handler                            0x0800019d   Thumb Code     8  startup_stm32f407xx.o(.text)
    ADC_IRQHandler                           0x080001b7   Thumb Code     0  startup_stm32f407xx.o(.text)
    CAN1_RX0_IRQHandler                      0x080001b7   Thumb Code     0  startup_stm32f407xx.o(.text)
    CAN1_RX1_IRQHandler                      0x080001b7   Thumb Code     0  startup_stm32f407xx.o(.text)
    CAN1_SCE_IRQHandler                      0x080001b7   Thumb Code     0  startup_stm32f407xx.o(.text)
    CAN1_TX_IRQHandler                       0x080001b7   Thumb Code     0  startup_stm32f407xx.o(.text)
    CAN2_RX0_IRQHandler                      0x080001b7   Thumb Code     0  startup_stm32f407xx.o(.text)
    CAN2_RX1_IRQHandler                      0x080001b7   Thumb Code     0  startup_stm32f407xx.o(.text)
    CAN2_SCE_IRQHandler                      0x080001b7   Thumb Code     0  startup_stm32f407xx.o(.text)
    CAN2_TX_IRQHandler                       0x080001b7   Thumb Code     0  startup_stm32f407xx.o(.text)
    DCMI_IRQHandler                          0x080001b7   Thumb Code     0  startup_stm32f407xx.o(.text)
    DMA1_Stream0_IRQHandler                  0x080001b7   Thumb Code     0  startup_stm32f407xx.o(.text)
    DMA1_Stream2_IRQHandler                  0x080001b7   Thumb Code     0  startup_stm32f407xx.o(.text)
    DMA1_Stream3_IRQHandler                  0x080001b7   Thumb Code     0  startup_stm32f407xx.o(.text)
    DMA1_Stream4_IRQHandler                  0x080001b7   Thumb Code     0  startup_stm32f407xx.o(.text)
    DMA1_Stream6_IRQHandler                  0x080001b7   Thumb Code     0  startup_stm32f407xx.o(.text)
    DMA1_Stream7_IRQHandler                  0x080001b7   Thumb Code     0  startup_stm32f407xx.o(.text)
    DMA2_Stream0_IRQHandler                  0x080001b7   Thumb Code     0  startup_stm32f407xx.o(.text)
    DMA2_Stream1_IRQHandler                  0x080001b7   Thumb Code     0  startup_stm32f407xx.o(.text)
    DMA2_Stream2_IRQHandler                  0x080001b7   Thumb Code     0  startup_stm32f407xx.o(.text)
    DMA2_Stream3_IRQHandler                  0x080001b7   Thumb Code     0  startup_stm32f407xx.o(.text)
    DMA2_Stream4_IRQHandler                  0x080001b7   Thumb Code     0  startup_stm32f407xx.o(.text)
    DMA2_Stream5_IRQHandler                  0x080001b7   Thumb Code     0  startup_stm32f407xx.o(.text)
    DMA2_Stream6_IRQHandler                  0x080001b7   Thumb Code     0  startup_stm32f407xx.o(.text)
    DMA2_Stream7_IRQHandler                  0x080001b7   Thumb Code     0  startup_stm32f407xx.o(.text)
    ETH_IRQHandler                           0x080001b7   Thumb Code     0  startup_stm32f407xx.o(.text)
    ETH_WKUP_IRQHandler                      0x080001b7   Thumb Code     0  startup_stm32f407xx.o(.text)
    EXTI0_IRQHandler                         0x080001b7   Thumb Code     0  startup_stm32f407xx.o(.text)
    EXTI15_10_IRQHandler                     0x080001b7   Thumb Code     0  startup_stm32f407xx.o(.text)
    EXTI1_IRQHandler                         0x080001b7   Thumb Code     0  startup_stm32f407xx.o(.text)
    EXTI2_IRQHandler                         0x080001b7   Thumb Code     0  startup_stm32f407xx.o(.text)
    EXTI3_IRQHandler                         0x080001b7   Thumb Code     0  startup_stm32f407xx.o(.text)
    EXTI4_IRQHandler                         0x080001b7   Thumb Code     0  startup_stm32f407xx.o(.text)
    EXTI9_5_IRQHandler                       0x080001b7   Thumb Code     0  startup_stm32f407xx.o(.text)
    FLASH_IRQHandler                         0x080001b7   Thumb Code     0  startup_stm32f407xx.o(.text)
    FMC_IRQHandler                           0x080001b7   Thumb Code     0  startup_stm32f407xx.o(.text)
    FPU_IRQHandler                           0x080001b7   Thumb Code     0  startup_stm32f407xx.o(.text)
    HASH_RNG_IRQHandler                      0x080001b7   Thumb Code     0  startup_stm32f407xx.o(.text)
    I2C1_ER_IRQHandler                       0x080001b7   Thumb Code     0  startup_stm32f407xx.o(.text)
    I2C1_EV_IRQHandler                       0x080001b7   Thumb Code     0  startup_stm32f407xx.o(.text)
    I2C2_ER_IRQHandler                       0x080001b7   Thumb Code     0  startup_stm32f407xx.o(.text)
    I2C2_EV_IRQHandler                       0x080001b7   Thumb Code     0  startup_stm32f407xx.o(.text)
    I2C3_ER_IRQHandler                       0x080001b7   Thumb Code     0  startup_stm32f407xx.o(.text)
    I2C3_EV_IRQHandler                       0x080001b7   Thumb Code     0  startup_stm32f407xx.o(.text)
    OTG_FS_IRQHandler                        0x080001b7   Thumb Code     0  startup_stm32f407xx.o(.text)
    OTG_FS_WKUP_IRQHandler                   0x080001b7   Thumb Code     0  startup_stm32f407xx.o(.text)
    OTG_HS_EP1_IN_IRQHandler                 0x080001b7   Thumb Code     0  startup_stm32f407xx.o(.text)
    OTG_HS_EP1_OUT_IRQHandler                0x080001b7   Thumb Code     0  startup_stm32f407xx.o(.text)
    OTG_HS_IRQHandler                        0x080001b7   Thumb Code     0  startup_stm32f407xx.o(.text)
    OTG_HS_WKUP_IRQHandler                   0x080001b7   Thumb Code     0  startup_stm32f407xx.o(.text)
    PVD_IRQHandler                           0x080001b7   Thumb Code     0  startup_stm32f407xx.o(.text)
    RCC_IRQHandler                           0x080001b7   Thumb Code     0  startup_stm32f407xx.o(.text)
    RTC_Alarm_IRQHandler                     0x080001b7   Thumb Code     0  startup_stm32f407xx.o(.text)
    RTC_WKUP_IRQHandler                      0x080001b7   Thumb Code     0  startup_stm32f407xx.o(.text)
    SDIO_IRQHandler                          0x080001b7   Thumb Code     0  startup_stm32f407xx.o(.text)
    SPI1_IRQHandler                          0x080001b7   Thumb Code     0  startup_stm32f407xx.o(.text)
    SPI2_IRQHandler                          0x080001b7   Thumb Code     0  startup_stm32f407xx.o(.text)
    SPI3_IRQHandler                          0x080001b7   Thumb Code     0  startup_stm32f407xx.o(.text)
    TAMP_STAMP_IRQHandler                    0x080001b7   Thumb Code     0  startup_stm32f407xx.o(.text)
    TIM1_BRK_TIM9_IRQHandler                 0x080001b7   Thumb Code     0  startup_stm32f407xx.o(.text)
    TIM1_CC_IRQHandler                       0x080001b7   Thumb Code     0  startup_stm32f407xx.o(.text)
    TIM1_TRG_COM_TIM11_IRQHandler            0x080001b7   Thumb Code     0  startup_stm32f407xx.o(.text)
    TIM1_UP_TIM10_IRQHandler                 0x080001b7   Thumb Code     0  startup_stm32f407xx.o(.text)
    TIM2_IRQHandler                          0x080001b7   Thumb Code     0  startup_stm32f407xx.o(.text)
    TIM3_IRQHandler                          0x080001b7   Thumb Code     0  startup_stm32f407xx.o(.text)
    TIM4_IRQHandler                          0x080001b7   Thumb Code     0  startup_stm32f407xx.o(.text)
    TIM5_IRQHandler                          0x080001b7   Thumb Code     0  startup_stm32f407xx.o(.text)
    TIM6_DAC_IRQHandler                      0x080001b7   Thumb Code     0  startup_stm32f407xx.o(.text)
    TIM8_BRK_TIM12_IRQHandler                0x080001b7   Thumb Code     0  startup_stm32f407xx.o(.text)
    TIM8_CC_IRQHandler                       0x080001b7   Thumb Code     0  startup_stm32f407xx.o(.text)
    TIM8_TRG_COM_TIM14_IRQHandler            0x080001b7   Thumb Code     0  startup_stm32f407xx.o(.text)
    TIM8_UP_TIM13_IRQHandler                 0x080001b7   Thumb Code     0  startup_stm32f407xx.o(.text)
    UART4_IRQHandler                         0x080001b7   Thumb Code     0  startup_stm32f407xx.o(.text)
    UART5_IRQHandler                         0x080001b7   Thumb Code     0  startup_stm32f407xx.o(.text)
    USART1_IRQHandler                        0x080001b7   Thumb Code     0  startup_stm32f407xx.o(.text)
    USART6_IRQHandler                        0x080001b7   Thumb Code     0  startup_stm32f407xx.o(.text)
    WWDG_IRQHandler                          0x080001b7   Thumb Code     0  startup_stm32f407xx.o(.text)
    __aeabi_uldivmod                         0x080001c1   Thumb Code    98  uldiv.o(.text)
    qsort                                    0x08000223   Thumb Code   156  qsort.o(.text)
    __aeabi_memcpy                           0x080002bf   Thumb Code    36  memcpya.o(.text)
    __aeabi_memcpy4                          0x080002bf   Thumb Code     0  memcpya.o(.text)
    __aeabi_memcpy8                          0x080002bf   Thumb Code     0  memcpya.o(.text)
    __aeabi_memset                           0x080002e3   Thumb Code    14  memseta.o(.text)
    __aeabi_memset4                          0x080002e3   Thumb Code     0  memseta.o(.text)
    __aeabi_memset8                          0x080002e3   Thumb Code     0  memseta.o(.text)
    __aeabi_memclr                           0x080002f1   Thumb Code     4  memseta.o(.text)
    __aeabi_memclr4                          0x080002f1   Thumb Code     0  memseta.o(.text)
    __aeabi_memclr8                          0x080002f1   Thumb Code     0  memseta.o(.text)
    _memset$wrapper                          0x080002f5   Thumb Code    18  memseta.o(.text)
    strlen                                   0x08000307   Thumb Code    14  strlen.o(.text)
    __aeabi_dadd                             0x08000315   Thumb Code   322  dadd.o(.text)
    __aeabi_dsub                             0x08000457   Thumb Code     6  dadd.o(.text)
    __aeabi_drsub                            0x0800045d   Thumb Code     6  dadd.o(.text)
    __aeabi_dmul                             0x08000463   Thumb Code   228  dmul.o(.text)
    __aeabi_ddiv                             0x08000547   Thumb Code   222  ddiv.o(.text)
    __aeabi_dcmple                           0x08000625   Thumb Code    54  dcmple.o(.text)
    __aeabi_i2d                              0x0800065b   Thumb Code    34  dflti.o(.text)
    __aeabi_d2uiz                            0x0800067d   Thumb Code    50  dfixui.o(.text)
    __aeabi_f2d                              0x080006af   Thumb Code    38  f2d.o(.text)
    __aeabi_d2f                              0x080006d5   Thumb Code    56  d2f.o(.text)
    __aeabi_uidiv                            0x0800070d   Thumb Code     0  uidiv.o(.text)
    __aeabi_uidivmod                         0x0800070d   Thumb Code    44  uidiv.o(.text)
    __aeabi_llsl                             0x08000739   Thumb Code    30  llshl.o(.text)
    _ll_shift_l                              0x08000739   Thumb Code     0  llshl.o(.text)
    __aeabi_llsr                             0x08000757   Thumb Code    32  llushr.o(.text)
    _ll_ushift_r                             0x08000757   Thumb Code     0  llushr.o(.text)
    __aeabi_lasr                             0x08000777   Thumb Code    36  llsshr.o(.text)
    _ll_sshift_r                             0x08000777   Thumb Code     0  llsshr.o(.text)
    __I$use$fp                               0x0800079b   Thumb Code     0  iusefp.o(.text)
    _float_round                             0x0800079b   Thumb Code    18  fepilogue.o(.text)
    _float_epilogue                          0x080007ad   Thumb Code    92  fepilogue.o(.text)
    _double_round                            0x08000809   Thumb Code    30  depilogue.o(.text)
    _double_epilogue                         0x08000827   Thumb Code   156  depilogue.o(.text)
    _dsqrt                                   0x080008c3   Thumb Code   162  dsqrt.o(.text)
    __aeabi_d2ulz                            0x08000965   Thumb Code    48  dfixul.o(.text)
    __aeabi_cdrcmple                         0x08000995   Thumb Code    48  cdrcmple.o(.text)
    __scatterload                            0x080009c5   Thumb Code    28  init.o(.text)
    __scatterload_rt2                        0x080009c5   Thumb Code     0  init.o(.text)
    BuildMap                                 0x080009e9   Thumb Code  1006  map.o(.text.BuildMap)
    BusFault_Handler                         0x08000dd9   Thumb Code     2  stm32f4xx_it.o(.text.BusFault_Handler)
    DMA1_Stream1_IRQHandler                  0x08000ddd   Thumb Code    12  stm32f4xx_it.o(.text.DMA1_Stream1_IRQHandler)
    DMA1_Stream5_IRQHandler                  0x08000de9   Thumb Code    12  stm32f4xx_it.o(.text.DMA1_Stream5_IRQHandler)
    DebugMon_Handler                         0x08000df5   Thumb Code     2  stm32f4xx_it.o(.text.DebugMon_Handler)
    Dijkstra                                 0x08000df9   Thumb Code   988  dijkstra.o(.text.Dijkstra)
    Drive_Init                               0x080011d5   Thumb Code    26  drive.o(.text.Drive_Init)
    Drive_Plan                               0x080011f1   Thumb Code   248  drive.o(.text.Drive_Plan)
    Drive_Set_Charge_Pile                    0x080012e9   Thumb Code   140  drive.o(.text.Drive_Set_Charge_Pile)
    Drive_Simple                             0x08001375   Thumb Code   538  drive.o(.text.Drive_Simple)
    Error_Handler                            0x08001591   Thumb Code    10  main.o(.text.Error_Handler)
    Go_to                                    0x0800159d   Thumb Code   708  drive.o(.text.Go_to)
    HAL_DMA_Abort                            0x08001861   Thumb Code   148  stm32f4xx_hal_dma.o(.text.HAL_DMA_Abort)
    HAL_DMA_Abort_IT                         0x080018f5   Thumb Code    36  stm32f4xx_hal_dma.o(.text.HAL_DMA_Abort_IT)
    HAL_DMA_IRQHandler                       0x08001919   Thumb Code   452  stm32f4xx_hal_dma.o(.text.HAL_DMA_IRQHandler)
    HAL_DMA_Init                             0x08001add   Thumb Code   358  stm32f4xx_hal_dma.o(.text.HAL_DMA_Init)
    HAL_DMA_Start_IT                         0x08001c45   Thumb Code   160  stm32f4xx_hal_dma.o(.text.HAL_DMA_Start_IT)
    HAL_Delay                                0x08001ce5   Thumb Code    40  stm32f4xx_hal.o(.text.HAL_Delay)
    HAL_GPIO_Init                            0x08001d0d   Thumb Code   456  stm32f4xx_hal_gpio.o(.text.HAL_GPIO_Init)
    HAL_GPIO_WritePin                        0x08001ed5   Thumb Code    10  stm32f4xx_hal_gpio.o(.text.HAL_GPIO_WritePin)
    HAL_GetTick                              0x08001ee1   Thumb Code    12  stm32f4xx_hal.o(.text.HAL_GetTick)
    HAL_IncTick                              0x08001eed   Thumb Code    26  stm32f4xx_hal.o(.text.HAL_IncTick)
    HAL_Init                                 0x08001f09   Thumb Code    54  stm32f4xx_hal.o(.text.HAL_Init)
    HAL_InitTick                             0x08001f41   Thumb Code    68  stm32f4xx_hal.o(.text.HAL_InitTick)
    HAL_MspInit                              0x08001f85   Thumb Code    56  stm32f4xx_hal_msp.o(.text.HAL_MspInit)
    HAL_NVIC_EnableIRQ                       0x08001fbd   Thumb Code    32  stm32f4xx_hal_cortex.o(.text.HAL_NVIC_EnableIRQ)
    HAL_NVIC_SetPriority                     0x08001fdd   Thumb Code    92  stm32f4xx_hal_cortex.o(.text.HAL_NVIC_SetPriority)
    HAL_NVIC_SetPriorityGrouping             0x08002039   Thumb Code    32  stm32f4xx_hal_cortex.o(.text.HAL_NVIC_SetPriorityGrouping)
    HAL_RCC_ClockConfig                      0x08002059   Thumb Code   352  stm32f4xx_hal_rcc.o(.text.HAL_RCC_ClockConfig)
    HAL_RCC_GetPCLK1Freq                     0x080021b9   Thumb Code    38  stm32f4xx_hal_rcc.o(.text.HAL_RCC_GetPCLK1Freq)
    HAL_RCC_GetPCLK2Freq                     0x080021e1   Thumb Code    38  stm32f4xx_hal_rcc.o(.text.HAL_RCC_GetPCLK2Freq)
    HAL_RCC_GetSysClockFreq                  0x08002209   Thumb Code   106  stm32f4xx_hal_rcc.o(.text.HAL_RCC_GetSysClockFreq)
    HAL_RCC_OscConfig                        0x08002275   Thumb Code   832  stm32f4xx_hal_rcc.o(.text.HAL_RCC_OscConfig)
    HAL_SYSTICK_Config                       0x080025b5   Thumb Code    44  stm32f4xx_hal_cortex.o(.text.HAL_SYSTICK_Config)
    HAL_TIMEx_BreakCallback                  0x080025e1   Thumb Code     2  stm32f4xx_hal_tim_ex.o(.text.HAL_TIMEx_BreakCallback)
    HAL_TIMEx_CommutCallback                 0x080025e5   Thumb Code     2  stm32f4xx_hal_tim_ex.o(.text.HAL_TIMEx_CommutCallback)
    HAL_TIMEx_MasterConfigSynchronization    0x080025e9   Thumb Code   202  stm32f4xx_hal_tim_ex.o(.text.HAL_TIMEx_MasterConfigSynchronization)
    HAL_TIM_Base_Init                        0x080026b5   Thumb Code    90  stm32f4xx_hal_tim.o(.text.HAL_TIM_Base_Init)
    HAL_TIM_Base_MspInit                     0x08002711   Thumb Code    72  tim.o(.text.HAL_TIM_Base_MspInit)
    HAL_TIM_Base_Start_IT                    0x08002759   Thumb Code   184  stm32f4xx_hal_tim.o(.text.HAL_TIM_Base_Start_IT)
    HAL_TIM_Encoder_Init                     0x08002811   Thumb Code   178  stm32f4xx_hal_tim.o(.text.HAL_TIM_Encoder_Init)
    HAL_TIM_Encoder_MspInit                  0x080028c5   Thumb Code   572  tim.o(.text.HAL_TIM_Encoder_MspInit)
    HAL_TIM_Encoder_Start                    0x08002b01   Thumb Code   174  stm32f4xx_hal_tim.o(.text.HAL_TIM_Encoder_Start)
    HAL_TIM_IC_CaptureCallback               0x08002bb1   Thumb Code     2  stm32f4xx_hal_tim.o(.text.HAL_TIM_IC_CaptureCallback)
    HAL_TIM_IRQHandler                       0x08002bb5   Thumb Code   448  stm32f4xx_hal_tim.o(.text.HAL_TIM_IRQHandler)
    HAL_TIM_OC_DelayElapsedCallback          0x08002d75   Thumb Code     2  stm32f4xx_hal_tim.o(.text.HAL_TIM_OC_DelayElapsedCallback)
    HAL_TIM_PWM_ConfigChannel                0x08002d79   Thumb Code   548  stm32f4xx_hal_tim.o(.text.HAL_TIM_PWM_ConfigChannel)
    HAL_TIM_PWM_Init                         0x08002f9d   Thumb Code    90  stm32f4xx_hal_tim.o(.text.HAL_TIM_PWM_Init)
    HAL_TIM_PWM_MspInit                      0x08002ff9   Thumb Code    52  tim.o(.text.HAL_TIM_PWM_MspInit)
    HAL_TIM_PWM_PulseFinishedCallback        0x0800302d   Thumb Code     2  stm32f4xx_hal_tim.o(.text.HAL_TIM_PWM_PulseFinishedCallback)
    HAL_TIM_PWM_Start                        0x08003031   Thumb Code   316  stm32f4xx_hal_tim.o(.text.HAL_TIM_PWM_Start)
    HAL_TIM_PeriodElapsedCallback            0x08003171   Thumb Code  1388  main.o(.text.HAL_TIM_PeriodElapsedCallback)
    HAL_TIM_TriggerCallback                  0x080036dd   Thumb Code     2  stm32f4xx_hal_tim.o(.text.HAL_TIM_TriggerCallback)
    HAL_UARTEx_ReceiveToIdle_DMA             0x080036e1   Thumb Code   502  stm32f4xx_hal_uart.o(.text.HAL_UARTEx_ReceiveToIdle_DMA)
    HAL_UARTEx_RxEventCallback               0x080038d9   Thumb Code  1280  main.o(.text.HAL_UARTEx_RxEventCallback)
    HAL_UART_ErrorCallback                   0x08003dd9   Thumb Code    48  zigbee_edc24.o(.text.HAL_UART_ErrorCallback)
    HAL_UART_IRQHandler                      0x08003e09   Thumb Code  1410  stm32f4xx_hal_uart.o(.text.HAL_UART_IRQHandler)
    HAL_UART_Init                            0x0800438d   Thumb Code    94  stm32f4xx_hal_uart.o(.text.HAL_UART_Init)
    HAL_UART_MspInit                         0x080043ed   Thumb Code   480  usart.o(.text.HAL_UART_MspInit)
    HAL_UART_RxCpltCallback                  0x080045cd   Thumb Code     2  stm32f4xx_hal_uart.o(.text.HAL_UART_RxCpltCallback)
    HAL_UART_RxHalfCpltCallback              0x080045d1   Thumb Code     2  stm32f4xx_hal_uart.o(.text.HAL_UART_RxHalfCpltCallback)
    HAL_UART_Transmit                        0x080045d5   Thumb Code   720  stm32f4xx_hal_uart.o(.text.HAL_UART_Transmit)
    HAL_UART_TxCpltCallback                  0x080048a5   Thumb Code     2  stm32f4xx_hal_uart.o(.text.HAL_UART_TxCpltCallback)
    HardFault_Handler                        0x080048a9   Thumb Code     2  stm32f4xx_it.o(.text.HardFault_Handler)
    Init_Coordinate                          0x080048ad   Thumb Code  1776  map.o(.text.Init_Coordinate)
    Judgement                                0x08004f9d   Thumb Code   470  map.o(.text.Judgement)
    MX_DMA_Init                              0x08005175   Thumb Code    72  dma.o(.text.MX_DMA_Init)
    MX_GPIO_Init                             0x080051bd   Thumb Code   224  gpio.o(.text.MX_GPIO_Init)
    MX_TIM1_Init                             0x0800529d   Thumb Code   108  tim.o(.text.MX_TIM1_Init)
    MX_TIM2_Init                             0x08005309   Thumb Code   104  tim.o(.text.MX_TIM2_Init)
    MX_TIM3_Init                             0x08005371   Thumb Code   108  tim.o(.text.MX_TIM3_Init)
    MX_TIM4_Init                             0x080053dd   Thumb Code   108  tim.o(.text.MX_TIM4_Init)
    MX_TIM5_Init                             0x08005449   Thumb Code   286  tim.o(.text.MX_TIM5_Init)
    MX_TIM7_Init                             0x08005569   Thumb Code    86  tim.o(.text.MX_TIM7_Init)
    MX_TIM8_Init                             0x080055c1   Thumb Code   110  tim.o(.text.MX_TIM8_Init)
    MX_USART1_UART_Init                      0x08005631   Thumb Code    62  usart.o(.text.MX_USART1_UART_Init)
    MX_USART2_UART_Init                      0x08005671   Thumb Code    62  usart.o(.text.MX_USART2_UART_Init)
    MX_USART3_UART_Init                      0x080056b1   Thumb Code    62  usart.o(.text.MX_USART3_UART_Init)
    MemManage_Handler                        0x080056f1   Thumb Code     2  stm32f4xx_it.o(.text.MemManage_Handler)
    NMI_Handler                              0x080056f5   Thumb Code     2  stm32f4xx_it.o(.text.NMI_Handler)
    PendSV_Handler                           0x080056f9   Thumb Code     2  stm32f4xx_it.o(.text.PendSV_Handler)
    SVC_Handler                              0x080056fd   Thumb Code     2  stm32f4xx_it.o(.text.SVC_Handler)
    SysTick_Handler                          0x08005701   Thumb Code     4  stm32f4xx_it.o(.text.SysTick_Handler)
    SystemClock_Config                       0x08005705   Thumb Code   174  main.o(.text.SystemClock_Config)
    SystemInit                               0x080057b5   Thumb Code    18  system_stm32f4xx.o(.text.SystemInit)
    TIM7_IRQHandler                          0x080057c9   Thumb Code    12  stm32f4xx_it.o(.text.TIM7_IRQHandler)
    TIM_Base_SetConfig                       0x080057d5   Thumb Code   320  stm32f4xx_hal_tim.o(.text.TIM_Base_SetConfig)
    USART2_IRQHandler                        0x08005df5   Thumb Code    12  stm32f4xx_it.o(.text.USART2_IRQHandler)
    USART3_IRQHandler                        0x08005e01   Thumb Code    12  stm32f4xx_it.o(.text.USART3_IRQHandler)
    UsageFault_Handler                       0x08005e0d   Thumb Code     2  stm32f4xx_it.o(.text.UsageFault_Handler)
    add                                      0x08005e11   Thumb Code    62  dijkstra.o(.text.add)
    clear_edge                               0x08005e51   Thumb Code    32  dijkstra.o(.text.clear_edge)
    cmp                                      0x08005e71   Thumb Code    12  map.o(.text.cmp)
    getLatestPendingOrder                    0x08005e7d   Thumb Code    52  zigbee_edc24.o(.text.getLatestPendingOrder)
    getOneBarrier                            0x08005eb1   Thumb Code    48  zigbee_edc24.o(.text.getOneBarrier)
    getOneOrder                              0x08005ee1   Thumb Code    50  zigbee_edc24.o(.text.getOneOrder)
    getOneOwnPile                            0x08005f15   Thumb Code    18  zigbee_edc24.o(.text.getOneOwnPile)
    getOrderNum                              0x08005f29   Thumb Code    12  zigbee_edc24.o(.text.getOrderNum)
    getOwnChargingPileNum                    0x08005f35   Thumb Code    14  zigbee_edc24.o(.text.getOwnChargingPileNum)
    getVehiclePos                            0x08005f45   Thumb Code    14  zigbee_edc24.o(.text.getVehiclePos)
    initAngle                                0x08005f55   Thumb Code    28  jy62.o(.text.initAngle)
    jy62_init                                0x08005f71   Thumb Code    12  jy62.o(.text.jy62_init)
    main                                     0x08005f7d   Thumb Code   712  main.o(.text.main)
    pid_calculate                            0x08006245   Thumb Code   120  pid.o(.text.pid_calculate)
    pid_init                                 0x080062bd   Thumb Code    18  pid.o(.text.pid_init)
    priority_queue_down                      0x080062d1   Thumb Code   246  dijkstra.o(.text.priority_queue_down)
    reqGameInfo                              0x080063c9   Thumb Code    28  zigbee_edc24.o(.text.reqGameInfo)
    saveOrder                                0x080063e5   Thumb Code   104  drive.o(.text.saveOrder)
    setChargingPile                          0x0800644d   Thumb Code    30  zigbee_edc24.o(.text.setChargingPile)
    setSpeed                                 0x08006471   Thumb Code   672  main.o(.text.setSpeed)
    u1_printf                                0x08006711   Thumb Code    64  usart.o(.text.u1_printf)
    zigbeeMessageRecord                      0x08006751   Thumb Code   324  zigbee_edc24.o(.text.zigbeeMessageRecord)
    zigbee_Init                              0x08006895   Thumb Code    72  zigbee_edc24.o(.text.zigbee_Init)
    __0vsprintf                              0x080068dd   Thumb Code    30  printfa.o(i.__0vsprintf)
    __1vsprintf                              0x080068dd   Thumb Code     0  printfa.o(i.__0vsprintf)
    __2vsprintf                              0x080068dd   Thumb Code     0  printfa.o(i.__0vsprintf)
    __c89vsprintf                            0x080068dd   Thumb Code     0  printfa.o(i.__0vsprintf)
    vsprintf                                 0x080068dd   Thumb Code     0  printfa.o(i.__0vsprintf)
    __hardfp_sqrt                            0x08006901   Thumb Code   122  sqrt.o(i.__hardfp_sqrt)
    __scatterload_copy                       0x0800697b   Thumb Code    14  handlers.o(i.__scatterload_copy)
    __scatterload_null                       0x08006989   Thumb Code     2  handlers.o(i.__scatterload_null)
    __scatterload_zeroinit                   0x0800698b   Thumb Code    14  handlers.o(i.__scatterload_zeroinit)
    __set_errno                              0x08006999   Thumb Code     6  errno.o(i.__set_errno)
    AHBPrescTable                            0x08007260   Data          16  system_stm32f4xx.o(.rodata.AHBPrescTable)
    APBPrescTable                            0x08007270   Data           8  system_stm32f4xx.o(.rodata.APBPrescTable)
    Region$$Table$$Base                      0x0800730c   Number         0  anon$$obj.o(Region$$Table)
    Region$$Table$$Limit                     0x0800732c   Number         0  anon$$obj.o(Region$$Table)
    uwTickFreq                               0x20000004   Data           1  stm32f4xx_hal.o(.data..L_MergedGlobals)
    uwTickPrio                               0x20000008   Data           4  stm32f4xx_hal.o(.data..L_MergedGlobals)
    SystemCoreClock                          0x2000000c   Data           4  system_stm32f4xx.o(.data.SystemCoreClock)
    charge_pile                              0x20000010   Data          12  drive.o(.data.charge_pile)
    coff                                     0x2000001c   Data           4  main.o(.data.coff)
    drive_simple_lastOrderID                 0x20000020   Data           2  drive.o(.data.drive_simple_lastOrderID)
    edge_cnt                                 0x20000022   Data           2  dijkstra.o(.data.edge_cnt)
    g                                        0x20000024   Data           4  jy62.o(.data.g)
    initAngle_pack                           0x20000028   Data           3  jy62.o(.data.initAngle_pack)
    state                                    0x2000002b   Data           1  main.o(.data.state)
    zigbeeSend                               0x2000002c   Data          12  zigbee_edc24.o(.data.zigbeeSend)
    drive_order_total                        0x20000038   Data           1  drive.o(.bss..L_MergedGlobals)
    settingc                                 0x20000039   Data           1  drive.o(.bss..L_MergedGlobals)
    drive_only_deliver                       0x2000003a   Data           1  drive.o(.bss..L_MergedGlobals)
    drive_state                              0x2000003b   Data           1  drive.o(.bss..L_MergedGlobals)
    deliver_state_simple                     0x2000003c   Data           1  drive.o(.bss..L_MergedGlobals)
    drive_update_order_state_order_num       0x2000003d   Data           1  drive.o(.bss..L_MergedGlobals)
    max_index                                0x2000003e   Data           1  drive.o(.bss..L_MergedGlobals)
    orderCnt                                 0x20000040   Data           2  drive.o(.bss..L_MergedGlobals)
    index                                    0x20000042   Data           2  drive.o(.bss..L_MergedGlobals)
    drive_goal_x                             0x20000044   Data           2  drive.o(.bss..L_MergedGlobals)
    drive_goal_y                             0x20000046   Data           2  drive.o(.bss..L_MergedGlobals)
    drive_goal                               0x20000048   Data           4  drive.o(.bss..L_MergedGlobals)
    drive_angle_goal                         0x2000004c   Data           4  drive.o(.bss..L_MergedGlobals)
    delivering_order_id                      0x20000050   Data          10  drive.o(.bss..L_MergedGlobals)
    order_simple                             0x2000005c   Data          20  drive.o(.bss..L_MergedGlobals)
    drive_simple_order_ready                 0x20000070   Data          20  drive.o(.bss..L_MergedGlobals)
    receive_flag                             0x20000084   Data           1  zigbee_edc24.o(.bss..L_MergedGlobals)
    zigbee_huart                             0x20000088   Data           4  zigbee_edc24.o(.bss..L_MergedGlobals)
    gameInfoMessage                          0x2000008c   Data         100  zigbee_edc24.o(.bss..L_MergedGlobals)
    x_order_num                              0x200000f0   Data           2  map.o(.bss..L_MergedGlobals)
    y_order_num                              0x200000f2   Data           2  map.o(.bss..L_MergedGlobals)
    x_temp                                   0x200000f4   Data          36  map.o(.bss..L_MergedGlobals)
    y_temp                                   0x20000118   Data          36  map.o(.bss..L_MergedGlobals)
    x_order                                  0x2000013c   Data          36  map.o(.bss..L_MergedGlobals)
    node_cnt                                 0x20000160   Data           2  dijkstra.o(.bss..L_MergedGlobals)
    stack_top                                0x20000162   Data           2  dijkstra.o(.bss..L_MergedGlobals)
    idx                                      0x20000164   Data           2  main.o(.bss..L_MergedGlobals)
    lastReqTime                              0x20000168   Data           4  main.o(.bss..L_MergedGlobals)
    speed                                    0x2000016c   Data          16  main.o(.bss..L_MergedGlobals)
    xPosPid                                  0x2000017c   Data          32  main.o(.bss..L_MergedGlobals)
    yPosPid                                  0x2000019c   Data          32  main.o(.bss..L_MergedGlobals)
    zAnglePid                                0x200001bc   Data          32  main.o(.bss..L_MergedGlobals)
    Node_List                                0x200001dc   Data        1296  map.o(.bss.Node_List)
    acc                                      0x200006ec   Data          12  jy62.o(.bss.acc)
    angle                                    0x200006f8   Data          12  jy62.o(.bss.angle)
    barrier                                  0x20000708   Data         104  map.o(.bss.barrier)
    book                                     0x20000770   Data         100  drive.o(.bss.book)
    charging_pile_num                        0x200007d4   Data           4  drive.o(.bss.charging_pile_num)
    dij2prque                                0x200007d8   Data         500  dijkstra.o(.bss.dij2prque)
    djq                                      0x200009cc   Data        3202  dijkstra.o(.bss.djq)
    e                                        0x2000164e   Data        4800  dijkstra.o(.bss.e)
    gameStatusMessage                        0x20002910   Data         150  zigbee_edc24.o(.bss.gameStatusMessage)
    hash                                     0x200029a6   Data       65536  drive.o(.bss.hash)
    hdma_usart2_rx                           0x200129a8   Data          96  usart.o(.bss.hdma_usart2_rx)
    hdma_usart3_rx                           0x20012a08   Data          96  usart.o(.bss.hdma_usart3_rx)
    head                                     0x20012a68   Data        1600  dijkstra.o(.bss.head)
    height                                   0x200130a8   Data           4  jy62.o(.bss.height)
    htim1                                    0x200130ac   Data          72  tim.o(.bss.htim1)
    htim2                                    0x200130f4   Data          72  tim.o(.bss.htim2)
    htim3                                    0x2001313c   Data          72  tim.o(.bss.htim3)
    htim4                                    0x20013184   Data          72  tim.o(.bss.htim4)
    htim5                                    0x200131cc   Data          72  tim.o(.bss.htim5)
    htim7                                    0x20013214   Data          72  tim.o(.bss.htim7)
    htim8                                    0x2001325c   Data          72  tim.o(.bss.htim8)
    huart1                                   0x200132a4   Data          68  usart.o(.bss.huart1)
    huart2                                   0x200132e8   Data          68  usart.o(.bss.huart2)
    huart3                                   0x2001332c   Data          68  usart.o(.bss.huart3)
    isOK                                     0x20013370   Data         289  map.o(.bss.isOK)
    jy62_buff                                0x20013491   Data         200  jy62.o(.bss.jy62_buff)
    jy62_uart                                0x2001355c   Data           4  jy62.o(.bss.jy62_uart)
    minTree                                  0x20013560   Data         500  dijkstra.o(.bss.minTree)
    node                                     0x20013754   Data        2312  map.o(.bss.node)
    orderList                                0x2001405c   Data        2000  drive.o(.bss.orderList)
    speedPid                                 0x2001482c   Data         192  main.o(.bss.speedPid)
    stack                                    0x200148ec   Data         500  dijkstra.o(.bss.stack)
    uwTick                                   0x20014ae0   Data           4  stm32f4xx_hal.o(.bss.uwTick)
    vel                                      0x20014ae4   Data          12  jy62.o(.bss.vel)
    vis                                      0x20014af0   Data         250  dijkstra.o(.bss.vis)
    y_order                                  0x20014bea   Data          36  map.o(.bss.y_order)
    zigbeeMessage                            0x20014c10   Data         200  zigbee_edc24.o(.bss.zigbeeMessage)
    __initial_sp                             0x200150d8   Data           0  startup_stm32f407xx.o(STACK)



==============================================================================

Memory Map of the image

  Image Entry point : 0x08000189

  Load Region LR_IROM1 (Base: 0x08000000, Size: 0x00007368, Max: 0x00080000, ABSOLUTE)

    Execution Region ER_IROM1 (Exec base: 0x08000000, Load base: 0x08000000, Size: 0x0000732c, Max: 0x00080000, ABSOLUTE)

    Exec Addr    Load Addr    Size         Type   Attr      Idx    E Section Name        Object

    0x08000000   0x08000000   0x00000188   Data   RO            3    RESET               startup_stm32f407xx.o
    0x08000188   0x08000188   0x00000000   Code   RO         1250  * .ARM.Collect$$$$00000000  mc_w.l(entry.o)
    0x08000188   0x08000188   0x00000004   Code   RO         1311    .ARM.Collect$$$$00000001  mc_w.l(entry2.o)
    0x0800018c   0x0800018c   0x00000004   Code   RO         1314    .ARM.Collect$$$$00000004  mc_w.l(entry5.o)
    0x08000190   0x08000190   0x00000000   Code   RO         1316    .ARM.Collect$$$$00000008  mc_w.l(entry7b.o)
    0x08000190   0x08000190   0x00000000   Code   RO         1318    .ARM.Collect$$$$0000000A  mc_w.l(entry8b.o)
    0x08000190   0x08000190   0x00000008   Code   RO         1319    .ARM.Collect$$$$0000000B  mc_w.l(entry9a.o)
    0x08000198   0x08000198   0x00000000   Code   RO         1321    .ARM.Collect$$$$0000000D  mc_w.l(entry10a.o)
    0x08000198   0x08000198   0x00000000   Code   RO         1323    .ARM.Collect$$$$0000000F  mc_w.l(entry11a.o)
    0x08000198   0x08000198   0x00000004   Code   RO         1312    .ARM.Collect$$$$00002712  mc_w.l(entry2.o)
    0x0800019c   0x0800019c   0x00000024   Code   RO            4    .text               startup_stm32f407xx.o
    0x080001c0   0x080001c0   0x00000062   Code   RO         1253    .text               mc_w.l(uldiv.o)
    0x08000222   0x08000222   0x0000009c   Code   RO         1255    .text               mc_w.l(qsort.o)
    0x080002be   0x080002be   0x00000024   Code   RO         1257    .text               mc_w.l(memcpya.o)
    0x080002e2   0x080002e2   0x00000024   Code   RO         1259    .text               mc_w.l(memseta.o)
    0x08000306   0x08000306   0x0000000e   Code   RO         1261    .text               mc_w.l(strlen.o)
    0x08000314   0x08000314   0x0000014e   Code   RO         1293    .text               mf_w.l(dadd.o)
    0x08000462   0x08000462   0x000000e4   Code   RO         1295    .text               mf_w.l(dmul.o)
    0x08000546   0x08000546   0x000000de   Code   RO         1297    .text               mf_w.l(ddiv.o)
    0x08000624   0x08000624   0x00000036   Code   RO         1299    .text               mf_w.l(dcmple.o)
    0x0800065a   0x0800065a   0x00000022   Code   RO         1301    .text               mf_w.l(dflti.o)
    0x0800067c   0x0800067c   0x00000032   Code   RO         1305    .text               mf_w.l(dfixui.o)
    0x080006ae   0x080006ae   0x00000026   Code   RO         1307    .text               mf_w.l(f2d.o)
    0x080006d4   0x080006d4   0x00000038   Code   RO         1309    .text               mf_w.l(d2f.o)
    0x0800070c   0x0800070c   0x0000002c   Code   RO         1330    .text               mc_w.l(uidiv.o)
    0x08000738   0x08000738   0x0000001e   Code   RO         1332    .text               mc_w.l(llshl.o)
    0x08000756   0x08000756   0x00000020   Code   RO         1334    .text               mc_w.l(llushr.o)
    0x08000776   0x08000776   0x00000024   Code   RO         1336    .text               mc_w.l(llsshr.o)
    0x0800079a   0x0800079a   0x00000000   Code   RO         1345    .text               mc_w.l(iusefp.o)
    0x0800079a   0x0800079a   0x0000006e   Code   RO         1346    .text               mf_w.l(fepilogue.o)
    0x08000808   0x08000808   0x000000ba   Code   RO         1348    .text               mf_w.l(depilogue.o)
    0x080008c2   0x080008c2   0x000000a2   Code   RO         1350    .text               mf_w.l(dsqrt.o)
    0x08000964   0x08000964   0x00000030   Code   RO         1352    .text               mf_w.l(dfixul.o)
    0x08000994   0x08000994   0x00000030   Code   RO         1356    .text               mf_w.l(cdrcmple.o)
    0x080009c4   0x080009c4   0x00000024   Code   RO         1358    .text               mc_w.l(init.o)
    0x080009e8   0x080009e8   0x000003ee   Code   RO          168    .text.BuildMap      map.o
    0x08000dd6   0x08000dd6   0x00000002   PAD
    0x08000dd8   0x08000dd8   0x00000002   Code   RO          351    .text.BusFault_Handler  stm32f4xx_it.o
    0x08000dda   0x08000dda   0x00000002   PAD
    0x08000ddc   0x08000ddc   0x0000000c   Code   RO          363    .text.DMA1_Stream1_IRQHandler  stm32f4xx_it.o
    0x08000de8   0x08000de8   0x0000000c   Code   RO          365    .text.DMA1_Stream5_IRQHandler  stm32f4xx_it.o
    0x08000df4   0x08000df4   0x00000002   Code   RO          357    .text.DebugMon_Handler  stm32f4xx_it.o
    0x08000df6   0x08000df6   0x00000002   PAD
    0x08000df8   0x08000df8   0x000003dc   Code   RO          200    .text.Dijkstra      dijkstra.o
    0x080011d4   0x080011d4   0x0000001a   Code   RO           64    .text.Drive_Init    drive.o
    0x080011ee   0x080011ee   0x00000002   PAD
    0x080011f0   0x080011f0   0x000000f8   Code   RO           66    .text.Drive_Plan    drive.o
    0x080012e8   0x080012e8   0x0000008c   Code   RO           70    .text.Drive_Set_Charge_Pile  drive.o
    0x08001374   0x08001374   0x0000021a   Code   RO           82    .text.Drive_Simple  drive.o
    0x0800158e   0x0800158e   0x00000002   PAD
    0x08001590   0x08001590   0x0000000a   Code   RO          228    .text.Error_Handler  main.o
    0x0800159a   0x0800159a   0x00000002   PAD
    0x0800159c   0x0800159c   0x000002c4   Code   RO           68    .text.Go_to         drive.o
    0x08001860   0x08001860   0x00000094   Code   RO          873    .text.HAL_DMA_Abort  stm32f4xx_hal_dma.o
    0x080018f4   0x080018f4   0x00000024   Code   RO          875    .text.HAL_DMA_Abort_IT  stm32f4xx_hal_dma.o
    0x08001918   0x08001918   0x000001c4   Code   RO          879    .text.HAL_DMA_IRQHandler  stm32f4xx_hal_dma.o
    0x08001adc   0x08001adc   0x00000166   Code   RO          865    .text.HAL_DMA_Init  stm32f4xx_hal_dma.o
    0x08001c42   0x08001c42   0x00000002   PAD
    0x08001c44   0x08001c44   0x000000a0   Code   RO          871    .text.HAL_DMA_Start_IT  stm32f4xx_hal_dma.o
    0x08001ce4   0x08001ce4   0x00000028   Code   RO         1030    .text.HAL_Delay     stm32f4xx_hal.o
    0x08001d0c   0x08001d0c   0x000001c8   Code   RO          825    .text.HAL_GPIO_Init  stm32f4xx_hal_gpio.o
    0x08001ed4   0x08001ed4   0x0000000a   Code   RO          831    .text.HAL_GPIO_WritePin  stm32f4xx_hal_gpio.o
    0x08001ede   0x08001ede   0x00000002   PAD
    0x08001ee0   0x08001ee0   0x0000000c   Code   RO         1022    .text.HAL_GetTick   stm32f4xx_hal.o
    0x08001eec   0x08001eec   0x0000001a   Code   RO         1020    .text.HAL_IncTick   stm32f4xx_hal.o
    0x08001f06   0x08001f06   0x00000002   PAD
    0x08001f08   0x08001f08   0x00000036   Code   RO         1010    .text.HAL_Init      stm32f4xx_hal.o
    0x08001f3e   0x08001f3e   0x00000002   PAD
    0x08001f40   0x08001f40   0x00000044   Code   RO         1012    .text.HAL_InitTick  stm32f4xx_hal.o
    0x08001f84   0x08001f84   0x00000038   Code   RO          381    .text.HAL_MspInit   stm32f4xx_hal_msp.o
    0x08001fbc   0x08001fbc   0x00000020   Code   RO          967    .text.HAL_NVIC_EnableIRQ  stm32f4xx_hal_cortex.o
    0x08001fdc   0x08001fdc   0x0000005c   Code   RO          965    .text.HAL_NVIC_SetPriority  stm32f4xx_hal_cortex.o
    0x08002038   0x08002038   0x00000020   Code   RO          963    .text.HAL_NVIC_SetPriorityGrouping  stm32f4xx_hal_cortex.o
    0x08002058   0x08002058   0x00000160   Code   RO          715    .text.HAL_RCC_ClockConfig  stm32f4xx_hal_rcc.o
    0x080021b8   0x080021b8   0x00000026   Code   RO          727    .text.HAL_RCC_GetPCLK1Freq  stm32f4xx_hal_rcc.o
    0x080021de   0x080021de   0x00000002   PAD
    0x080021e0   0x080021e0   0x00000026   Code   RO          729    .text.HAL_RCC_GetPCLK2Freq  stm32f4xx_hal_rcc.o
    0x08002206   0x08002206   0x00000002   PAD
    0x08002208   0x08002208   0x0000006a   Code   RO          717    .text.HAL_RCC_GetSysClockFreq  stm32f4xx_hal_rcc.o
    0x08002272   0x08002272   0x00000002   PAD
    0x08002274   0x08002274   0x00000340   Code   RO          713    .text.HAL_RCC_OscConfig  stm32f4xx_hal_rcc.o
    0x080025b4   0x080025b4   0x0000002c   Code   RO          975    .text.HAL_SYSTICK_Config  stm32f4xx_hal_cortex.o
    0x080025e0   0x080025e0   0x00000002   Code   RO          696    .text.HAL_TIMEx_BreakCallback  stm32f4xx_hal_tim_ex.o
    0x080025e2   0x080025e2   0x00000002   PAD
    0x080025e4   0x080025e4   0x00000002   Code   RO          692    .text.HAL_TIMEx_CommutCallback  stm32f4xx_hal_tim_ex.o
    0x080025e6   0x080025e6   0x00000002   PAD
    0x080025e8   0x080025e8   0x000000ca   Code   RO          686    .text.HAL_TIMEx_MasterConfigSynchronization  stm32f4xx_hal_tim_ex.o
    0x080026b2   0x080026b2   0x00000002   PAD
    0x080026b4   0x080026b4   0x0000005a   Code   RO          390    .text.HAL_TIM_Base_Init  stm32f4xx_hal_tim.o
    0x0800270e   0x0800270e   0x00000002   PAD
    0x08002710   0x08002710   0x00000048   Code   RO          293    .text.HAL_TIM_Base_MspInit  tim.o
    0x08002758   0x08002758   0x000000b8   Code   RO          404    .text.HAL_TIM_Base_Start_IT  stm32f4xx_hal_tim.o
    0x08002810   0x08002810   0x000000b2   Code   RO          504    .text.HAL_TIM_Encoder_Init  stm32f4xx_hal_tim.o
    0x080028c2   0x080028c2   0x00000002   PAD
    0x080028c4   0x080028c4   0x0000023c   Code   RO          289    .text.HAL_TIM_Encoder_MspInit  tim.o
    0x08002b00   0x08002b00   0x000000ae   Code   RO          512    .text.HAL_TIM_Encoder_Start  stm32f4xx_hal_tim.o
    0x08002bae   0x08002bae   0x00000002   PAD
    0x08002bb0   0x08002bb0   0x00000002   Code   RO          526    .text.HAL_TIM_IC_CaptureCallback  stm32f4xx_hal_tim.o
    0x08002bb2   0x08002bb2   0x00000002   PAD
    0x08002bb4   0x08002bb4   0x000001c0   Code   RO          524    .text.HAL_TIM_IRQHandler  stm32f4xx_hal_tim.o
    0x08002d74   0x08002d74   0x00000002   Code   RO          528    .text.HAL_TIM_OC_DelayElapsedCallback  stm32f4xx_hal_tim.o
    0x08002d76   0x08002d76   0x00000002   PAD
    0x08002d78   0x08002d78   0x00000224   Code   RO          544    .text.HAL_TIM_PWM_ConfigChannel  stm32f4xx_hal_tim.o
    0x08002f9c   0x08002f9c   0x0000005a   Code   RO          444    .text.HAL_TIM_PWM_Init  stm32f4xx_hal_tim.o
    0x08002ff6   0x08002ff6   0x00000002   PAD
    0x08002ff8   0x08002ff8   0x00000034   Code   RO          291    .text.HAL_TIM_PWM_MspInit  tim.o
    0x0800302c   0x0800302c   0x00000002   Code   RO          530    .text.HAL_TIM_PWM_PulseFinishedCallback  stm32f4xx_hal_tim.o
    0x0800302e   0x0800302e   0x00000002   PAD
    0x08003030   0x08003030   0x0000013c   Code   RO          452    .text.HAL_TIM_PWM_Start  stm32f4xx_hal_tim.o
    0x0800316c   0x0800316c   0x00000004   PAD
    0x08003170   0x08003170   0x0000056c   Code   RO          232    .text.HAL_TIM_PeriodElapsedCallback  main.o
    0x080036dc   0x080036dc   0x00000002   Code   RO          534    .text.HAL_TIM_TriggerCallback  stm32f4xx_hal_tim.o
    0x080036de   0x080036de   0x00000002   PAD
    0x080036e0   0x080036e0   0x000001f6   Code   RO         1150    .text.HAL_UARTEx_ReceiveToIdle_DMA  stm32f4xx_hal_uart.o
    0x080038d6   0x080038d6   0x00000002   PAD
    0x080038d8   0x080038d8   0x00000500   Code   RO          234    .text.HAL_UARTEx_RxEventCallback  main.o
    0x08003dd8   0x08003dd8   0x00000030   Code   RO          107    .text.HAL_UART_ErrorCallback  zigbee_edc24.o
    0x08003e08   0x08003e08   0x00000582   Code   RO         1178    .text.HAL_UART_IRQHandler  stm32f4xx_hal_uart.o
    0x0800438a   0x0800438a   0x00000002   PAD
    0x0800438c   0x0800438c   0x0000005e   Code   RO         1102    .text.HAL_UART_Init  stm32f4xx_hal_uart.o
    0x080043ea   0x080043ea   0x00000002   PAD
    0x080043ec   0x080043ec   0x000001e0   Code   RO          323    .text.HAL_UART_MspInit  usart.o
    0x080045cc   0x080045cc   0x00000002   Code   RO         1192    .text.HAL_UART_RxCpltCallback  stm32f4xx_hal_uart.o
    0x080045ce   0x080045ce   0x00000002   PAD
    0x080045d0   0x080045d0   0x00000002   Code   RO         1194    .text.HAL_UART_RxHalfCpltCallback  stm32f4xx_hal_uart.o
    0x080045d2   0x080045d2   0x00000002   PAD
    0x080045d4   0x080045d4   0x000002d0   Code   RO         1118    .text.HAL_UART_Transmit  stm32f4xx_hal_uart.o
    0x080048a4   0x080048a4   0x00000002   Code   RO         1188    .text.HAL_UART_TxCpltCallback  stm32f4xx_hal_uart.o
    0x080048a6   0x080048a6   0x00000002   PAD
    0x080048a8   0x080048a8   0x00000002   Code   RO          347    .text.HardFault_Handler  stm32f4xx_it.o
    0x080048aa   0x080048aa   0x00000002   PAD
    0x080048ac   0x080048ac   0x000006f0   Code   RO          164    .text.Init_Coordinate  map.o
    0x08004f9c   0x08004f9c   0x000001d6   Code   RO          166    .text.Judgement     map.o
    0x08005172   0x08005172   0x00000002   PAD
    0x08005174   0x08005174   0x00000048   Code   RO          263    .text.MX_DMA_Init   dma.o
    0x080051bc   0x080051bc   0x000000e0   Code   RO          252    .text.MX_GPIO_Init  gpio.o
    0x0800529c   0x0800529c   0x0000006c   Code   RO          273    .text.MX_TIM1_Init  tim.o
    0x08005308   0x08005308   0x00000068   Code   RO          275    .text.MX_TIM2_Init  tim.o
    0x08005370   0x08005370   0x0000006c   Code   RO          277    .text.MX_TIM3_Init  tim.o
    0x080053dc   0x080053dc   0x0000006c   Code   RO          279    .text.MX_TIM4_Init  tim.o
    0x08005448   0x08005448   0x0000011e   Code   RO          281    .text.MX_TIM5_Init  tim.o
    0x08005566   0x08005566   0x00000002   PAD
    0x08005568   0x08005568   0x00000056   Code   RO          285    .text.MX_TIM7_Init  tim.o
    0x080055be   0x080055be   0x00000002   PAD
    0x080055c0   0x080055c0   0x0000006e   Code   RO          287    .text.MX_TIM8_Init  tim.o
    0x0800562e   0x0800562e   0x00000002   PAD
    0x08005630   0x08005630   0x0000003e   Code   RO          317    .text.MX_USART1_UART_Init  usart.o
    0x0800566e   0x0800566e   0x00000002   PAD
    0x08005670   0x08005670   0x0000003e   Code   RO          319    .text.MX_USART2_UART_Init  usart.o
    0x080056ae   0x080056ae   0x00000002   PAD
    0x080056b0   0x080056b0   0x0000003e   Code   RO          321    .text.MX_USART3_UART_Init  usart.o
    0x080056ee   0x080056ee   0x00000002   PAD
    0x080056f0   0x080056f0   0x00000002   Code   RO          349    .text.MemManage_Handler  stm32f4xx_it.o
    0x080056f2   0x080056f2   0x00000002   PAD
    0x080056f4   0x080056f4   0x00000002   Code   RO          345    .text.NMI_Handler   stm32f4xx_it.o
    0x080056f6   0x080056f6   0x00000002   PAD
    0x080056f8   0x080056f8   0x00000002   Code   RO          359    .text.PendSV_Handler  stm32f4xx_it.o
    0x080056fa   0x080056fa   0x00000002   PAD
    0x080056fc   0x080056fc   0x00000002   Code   RO          355    .text.SVC_Handler   stm32f4xx_it.o
    0x080056fe   0x080056fe   0x00000002   PAD
    0x08005700   0x08005700   0x00000004   Code   RO          361    .text.SysTick_Handler  stm32f4xx_it.o
    0x08005704   0x08005704   0x000000ae   Code   RO          226    .text.SystemClock_Config  main.o
    0x080057b2   0x080057b2   0x00000002   PAD
    0x080057b4   0x080057b4   0x00000012   Code   RO         1223    .text.SystemInit    system_stm32f4xx.o
    0x080057c6   0x080057c6   0x00000002   PAD
    0x080057c8   0x080057c8   0x0000000c   Code   RO          371    .text.TIM7_IRQHandler  stm32f4xx_it.o
    0x080057d4   0x080057d4   0x00000140   Code   RO          394    .text.TIM_Base_SetConfig  stm32f4xx_hal_tim.o
    0x08005914   0x08005914   0x0000000c   Code   RO         1182    .text.UART_DMAAbortOnError  stm32f4xx_hal_uart.o
    0x08005920   0x08005920   0x00000184   Code   RO         1134    .text.UART_DMAError  stm32f4xx_hal_uart.o
    0x08005aa4   0x08005aa4   0x0000015a   Code   RO         1210    .text.UART_DMAReceiveCplt  stm32f4xx_hal_uart.o
    0x08005bfe   0x08005bfe   0x00000002   PAD
    0x08005c00   0x08005c00   0x00000014   Code   RO         1212    .text.UART_DMARxHalfCplt  stm32f4xx_hal_uart.o
    0x08005c14   0x08005c14   0x000000f8   Code   RO         1180    .text.UART_Receive_IT  stm32f4xx_hal_uart.o
    0x08005d0c   0x08005d0c   0x000000e8   Code   RO         1106    .text.UART_SetConfig  stm32f4xx_hal_uart.o
    0x08005df4   0x08005df4   0x0000000c   Code   RO          367    .text.USART2_IRQHandler  stm32f4xx_it.o
    0x08005e00   0x08005e00   0x0000000c   Code   RO          369    .text.USART3_IRQHandler  stm32f4xx_it.o
    0x08005e0c   0x08005e0c   0x00000002   Code   RO          353    .text.UsageFault_Handler  stm32f4xx_it.o
    0x08005e0e   0x08005e0e   0x00000002   PAD
    0x08005e10   0x08005e10   0x0000003e   Code   RO          202    .text.add           dijkstra.o
    0x08005e4e   0x08005e4e   0x00000002   PAD
    0x08005e50   0x08005e50   0x00000020   Code   RO          204    .text.clear_edge    dijkstra.o
    0x08005e70   0x08005e70   0x0000000c   Code   RO          162    .text.cmp           map.o
    0x08005e7c   0x08005e7c   0x00000034   Code   RO          127    .text.getLatestPendingOrder  zigbee_edc24.o
    0x08005eb0   0x08005eb0   0x00000030   Code   RO          131    .text.getOneBarrier  zigbee_edc24.o
    0x08005ee0   0x08005ee0   0x00000032   Code   RO          125    .text.getOneOrder   zigbee_edc24.o
    0x08005f12   0x08005f12   0x00000002   PAD
    0x08005f14   0x08005f14   0x00000012   Code   RO          139    .text.getOneOwnPile  zigbee_edc24.o
    0x08005f26   0x08005f26   0x00000002   PAD
    0x08005f28   0x08005f28   0x0000000c   Code   RO          123    .text.getOrderNum   zigbee_edc24.o
    0x08005f34   0x08005f34   0x0000000e   Code   RO          135    .text.getOwnChargingPileNum  zigbee_edc24.o
    0x08005f42   0x08005f42   0x00000002   PAD
    0x08005f44   0x08005f44   0x0000000e   Code   RO          119    .text.getVehiclePos  zigbee_edc24.o
    0x08005f52   0x08005f52   0x00000002   PAD
    0x08005f54   0x08005f54   0x0000001c   Code   RO           34    .text.initAngle     jy62.o
    0x08005f70   0x08005f70   0x0000000c   Code   RO           26    .text.jy62_init     jy62.o
    0x08005f7c   0x08005f7c   0x000002c8   Code   RO          224    .text.main          main.o
    0x08006244   0x08006244   0x00000078   Code   RO           15    .text.pid_calculate  pid.o
    0x080062bc   0x080062bc   0x00000012   Code   RO           13    .text.pid_init      pid.o
    0x080062ce   0x080062ce   0x00000002   PAD
    0x080062d0   0x080062d0   0x000000f6   Code   RO          196    .text.priority_queue_down  dijkstra.o
    0x080063c6   0x080063c6   0x00000002   PAD
    0x080063c8   0x080063c8   0x0000001c   Code   RO          143    .text.reqGameInfo   zigbee_edc24.o
    0x080063e4   0x080063e4   0x00000068   Code   RO           58    .text.saveOrder     drive.o
    0x0800644c   0x0800644c   0x0000001e   Code   RO          145    .text.setChargingPile  zigbee_edc24.o
    0x0800646a   0x0800646a   0x00000006   PAD
    0x08006470   0x08006470   0x000002a0   Code   RO          230    .text.setSpeed      main.o
    0x08006710   0x08006710   0x00000040   Code   RO          329    .text.u1_printf     usart.o
    0x08006750   0x08006750   0x00000144   Code   RO          111    .text.zigbeeMessageRecord  zigbee_edc24.o
    0x08006894   0x08006894   0x00000048   Code   RO          109    .text.zigbee_Init   zigbee_edc24.o
    0x080068dc   0x080068dc   0x00000024   Code   RO         1272    i.__0vsprintf       mc_w.l(printfa.o)
    0x08006900   0x08006900   0x0000007a   Code   RO         1238    i.__hardfp_sqrt     m_wm.l(sqrt.o)
    0x0800697a   0x0800697a   0x0000000e   Code   RO         1364    i.__scatterload_copy  mc_w.l(handlers.o)
    0x08006988   0x08006988   0x00000002   Code   RO         1365    i.__scatterload_null  mc_w.l(handlers.o)
    0x0800698a   0x0800698a   0x0000000e   Code   RO         1366    i.__scatterload_zeroinit  mc_w.l(handlers.o)
    0x08006998   0x08006998   0x0000000c   Code   RO         1340    i.__set_errno       mc_w.l(errno.o)
    0x080069a4   0x080069a4   0x00000184   Code   RO         1273    i._fp_digits        mc_w.l(printfa.o)
    0x08006b28   0x08006b28   0x000006dc   Code   RO         1274    i._printf_core      mc_w.l(printfa.o)
    0x08007204   0x08007204   0x00000024   Code   RO         1275    i._printf_post_padding  mc_w.l(printfa.o)
    0x08007228   0x08007228   0x0000002e   Code   RO         1276    i._printf_pre_padding  mc_w.l(printfa.o)
    0x08007256   0x08007256   0x0000000a   Code   RO         1278    i._sputc            mc_w.l(printfa.o)
    0x08007260   0x08007260   0x00000010   Data   RO         1228    .rodata.AHBPrescTable  system_stm32f4xx.o
    0x08007270   0x08007270   0x00000008   Data   RO         1229    .rodata.APBPrescTable  system_stm32f4xx.o
    0x08007278   0x08007278   0x00000008   Data   RO          889    .rodata.cst8        stm32f4xx_hal_dma.o
    0x08007280   0x08007280   0x0000008a   Data   RO           91    .rodata.str1.1      drive.o
    0x0800730a   0x0800730a   0x00000002   PAD
    0x0800730c   0x0800730c   0x00000020   Data   RO         1363    Region$$Table       anon$$obj.o


    Execution Region RW_IRAM1 (Exec base: 0x20000000, Load base: 0x08007330, Size: 0x000150d8, Max: 0x0001c000, ABSOLUTE)

    Exec Addr    Load Addr    Size         Type   Attr      Idx    E Section Name        Object

    0x20000000   0x08007330   0x00000004   Data   RW         1341    .data               mc_w.l(errno.o)
    0x20000004   0x08007334   0x00000008   Data   RW         1065    .data..L_MergedGlobals  stm32f4xx_hal.o
    0x2000000c   0x0800733c   0x00000004   Data   RW         1227    .data.SystemCoreClock  system_stm32f4xx.o
    0x20000010   0x08007340   0x0000000c   Data   RW           86    .data.charge_pile   drive.o
    0x2000001c   0x0800734c   0x00000004   Data   RW          236    .data.coff          main.o
    0x20000020   0x08007350   0x00000002   Data   RW           94    .data.drive_simple_lastOrderID  drive.o
    0x20000022   0x08007352   0x00000002   Data   RW          213    .data.edge_cnt      dijkstra.o
    0x20000024   0x08007354   0x00000004   Data   RW           43    .data.g             jy62.o
    0x20000028   0x08007358   0x00000003   Data   RW           36    .data.initAngle_pack  jy62.o
    0x2000002b   0x0800735b   0x00000001   Data   RW          237    .data.state         main.o
    0x2000002c   0x0800735c   0x0000000c   Data   RW          147    .data.zigbeeSend    zigbee_edc24.o
    0x20000038        -       0x0000004c   Zero   RW           97    .bss..L_MergedGlobals  drive.o
    0x20000084        -       0x0000006c   Zero   RW          150    .bss..L_MergedGlobals  zigbee_edc24.o
    0x200000f0        -       0x00000070   Zero   RW          176    .bss..L_MergedGlobals  map.o
    0x20000160        -       0x00000004   Zero   RW          214    .bss..L_MergedGlobals  dijkstra.o
    0x20000164        -       0x00000078   Zero   RW          242    .bss..L_MergedGlobals  main.o
    0x200001dc        -       0x00000510   Zero   RW          173    .bss.Node_List      map.o
    0x200006ec        -       0x0000000c   Zero   RW           45    .bss.acc            jy62.o
    0x200006f8        -       0x0000000c   Zero   RW           46    .bss.angle          jy62.o
    0x20000704   0x08007368   0x00000004   PAD
    0x20000708        -       0x00000068   Zero   RW          170    .bss.barrier        map.o
    0x20000770        -       0x00000064   Zero   RW           89    .bss.book           drive.o
    0x200007d4        -       0x00000004   Zero   RW           90    .bss.charging_pile_num  drive.o
    0x200007d8        -       0x000001f4   Zero   RW          206    .bss.dij2prque      dijkstra.o
    0x200009cc        -       0x00000c82   Zero   RW          207    .bss.djq            dijkstra.o
    0x2000164e        -       0x000012c0   Zero   RW          211    .bss.e              dijkstra.o
    0x2000290e   0x08007368   0x00000002   PAD
    0x20002910        -       0x00000096   Zero   RW          149    .bss.gameStatusMessage  zigbee_edc24.o
    0x200029a6        -       0x00010000   Zero   RW           87    .bss.hash           drive.o
    0x200129a6   0x08007368   0x00000002   PAD
    0x200129a8        -       0x00000060   Zero   RW          334    .bss.hdma_usart2_rx  usart.o
    0x20012a08        -       0x00000060   Zero   RW          335    .bss.hdma_usart3_rx  usart.o
    0x20012a68        -       0x00000640   Zero   RW          210    .bss.head           dijkstra.o
    0x200130a8        -       0x00000004   Zero   RW           48    .bss.height         jy62.o
    0x200130ac        -       0x00000048   Zero   RW          301    .bss.htim1          tim.o
    0x200130f4        -       0x00000048   Zero   RW          302    .bss.htim2          tim.o
    0x2001313c        -       0x00000048   Zero   RW          303    .bss.htim3          tim.o
    0x20013184        -       0x00000048   Zero   RW          304    .bss.htim4          tim.o
    0x200131cc        -       0x00000048   Zero   RW          305    .bss.htim5          tim.o
    0x20013214        -       0x00000048   Zero   RW          306    .bss.htim7          tim.o
    0x2001325c        -       0x00000048   Zero   RW          307    .bss.htim8          tim.o
    0x200132a4        -       0x00000044   Zero   RW          331    .bss.huart1         usart.o
    0x200132e8        -       0x00000044   Zero   RW          332    .bss.huart2         usart.o
    0x2001332c        -       0x00000044   Zero   RW          333    .bss.huart3         usart.o
    0x20013370        -       0x00000121   Zero   RW          174    .bss.isOK           map.o
    0x20013491        -       0x000000c8   Zero   RW           49    .bss.jy62_buff      jy62.o
    0x20013559   0x08007368   0x00000003   PAD
    0x2001355c        -       0x00000004   Zero   RW           44    .bss.jy62_uart      jy62.o
    0x20013560        -       0x000001f4   Zero   RW          209    .bss.minTree        dijkstra.o
    0x20013754        -       0x00000908   Zero   RW          172    .bss.node           map.o
    0x2001405c        -       0x000007d0   Zero   RW           88    .bss.orderList      drive.o
    0x2001482c        -       0x000000c0   Zero   RW          238    .bss.speedPid       main.o
    0x200148ec        -       0x000001f4   Zero   RW          212    .bss.stack          dijkstra.o
    0x20014ae0        -       0x00000004   Zero   RW         1064    .bss.uwTick         stm32f4xx_hal.o
    0x20014ae4        -       0x0000000c   Zero   RW           47    .bss.vel            jy62.o
    0x20014af0        -       0x000000fa   Zero   RW          208    .bss.vis            dijkstra.o
    0x20014bea        -       0x00000024   Zero   RW          171    .bss.y_order        map.o
    0x20014c0e   0x08007368   0x00000002   PAD
    0x20014c10        -       0x000000c8   Zero   RW          148    .bss.zigbeeMessage  zigbee_edc24.o
    0x20014cd8        -       0x00000400   Zero   RW            1    STACK               startup_stm32f407xx.o


==============================================================================

Image component sizes


      Code (inc. data)   RO Data    RW Data    ZI Data      Debug   Object Name

      1328          0          0          2      11356       7322   dijkstra.o
        72          0          0          0          0       3266   dma.o
      1764          4        138         14      67716      10258   drive.o
       224          0          0          0          0       2239   gpio.o
        40          0          0          7        244       4074   jy62.o
      4236        244          0          5        312      11893   main.o
      3264          0          0          0       4149       5056   map.o
       138          8          0          0          0       1129   pid.o
        36          8        392          0       1024        816   startup_stm32f407xx.o
       200          0          0          8          4       7231   stm32f4xx_hal.o
       200          0          0          0          0       9845   stm32f4xx_hal_cortex.o
      1154          4          8          0          0       9255   stm32f4xx_hal_dma.o
       466          0          0          0          0       5360   stm32f4xx_hal_gpio.o
        56          0          0          0          0       1427   stm32f4xx_hal_msp.o
      1366          0          0          0          0       7261   stm32f4xx_hal_rcc.o
      2356          4          0          0          0      49785   stm32f4xx_hal_tim.o
       206          0          0          0          0      19692   stm32f4xx_hal_tim_ex.o
      3978          0          0          0          0      29287   stm32f4xx_hal_uart.o
        80          0          0          0          0       1437   stm32f4xx_it.o
        18          0         24          4          0       2562   system_stm32f4xx.o
      1606          0          0          0        504      11338   tim.o
       730          0          0          0        396       8179   usart.o
       710          0          0         12        458       7639   zigbee_edc24.o

    ----------------------------------------------------------------------
     24344        272        596         52      86176     216351   Object Totals
         0          0         32          0          0          0   (incl. Generated)
       116          0          2          0         13          0   (incl. Padding)

    ----------------------------------------------------------------------

      Code (inc. data)   RO Data    RW Data    ZI Data      Debug   Library Member Name

       122          0          0          0          0        148   sqrt.o
         0          0          0          0          0          0   entry.o
         0          0          0          0          0          0   entry10a.o
         0          0          0          0          0          0   entry11a.o
         8          4          0          0          0          0   entry2.o
         4          0          0          0          0          0   entry5.o
         0          0          0          0          0          0   entry7b.o
         0          0          0          0          0          0   entry8b.o
         8          4          0          0          0          0   entry9a.o
        12          6          0          4          0         68   errno.o
        30          0          0          0          0          0   handlers.o
        36          8          0          0          0         68   init.o
         0          0          0          0          0          0   iusefp.o
        30          0          0          0          0         68   llshl.o
        36          0          0          0          0         68   llsshr.o
        32          0          0          0          0         68   llushr.o
        36          0          0          0          0         68   memcpya.o
        36          0          0          0          0        108   memseta.o
      2272         86          0          0          0        516   printfa.o
       156          0          0          0          0         88   qsort.o
        14          0          0          0          0         68   strlen.o
        44          0          0          0          0         80   uidiv.o
        98          0          0          0          0         92   uldiv.o
        48          0          0          0          0         68   cdrcmple.o
        56          0          0          0          0         88   d2f.o
       334          0          0          0          0        148   dadd.o
        54          0          0          0          0         80   dcmple.o
       222          0          0          0          0        100   ddiv.o
       186          0          0          0          0        176   depilogue.o
        50          0          0          0          0         76   dfixui.o
        48          0          0          0          0         68   dfixul.o
        34          0          0          0          0         76   dflti.o
       228          0          0          0          0         96   dmul.o
       162          0          0          0          0        100   dsqrt.o
        38          0          0          0          0         68   f2d.o
       110          0          0          0          0        168   fepilogue.o

    ----------------------------------------------------------------------
      4544        108          0          4          0       2820   Library Totals
         0          0          0          0          0          0   (incl. Padding)

    ----------------------------------------------------------------------

      Code (inc. data)   RO Data    RW Data    ZI Data      Debug   Library Name

       122          0          0          0          0        148   m_wm.l
      2852        108          0          4          0       1360   mc_w.l
      1570          0          0          0          0       1312   mf_w.l

    ----------------------------------------------------------------------
      4544        108          0          4          0       2820   Library Totals

    ----------------------------------------------------------------------

==============================================================================


      Code (inc. data)   RO Data    RW Data    ZI Data      Debug   

     28888        380        596         56      86176     217635   Grand Totals
     28888        380        596         56      86176     217635   ELF Image Totals
     28888        380        596         56          0          0   ROM Totals

==============================================================================

    Total RO  Size (Code + RO Data)                29484 (  28.79kB)
    Total RW  Size (RW Data + ZI Data)             86232 (  84.21kB)
    Total ROM Size (Code + RO Data + RW Data)      29540 (  28.85kB)

==============================================================================

