Component: Arm Compiler for Embedded 6.18 Tool: armlink [5e4cc100]

==============================================================================

Section Cross References

    startup_stm32f407xx.o(RESET) refers to startup_stm32f407xx.o(STACK) for __initial_sp
    startup_stm32f407xx.o(RESET) refers to startup_stm32f407xx.o(.text) for Reset_Handler
    startup_stm32f407xx.o(RESET) refers to stm32f4xx_it.o(.text.NMI_Handler) for NMI_Handler
    startup_stm32f407xx.o(RESET) refers to stm32f4xx_it.o(.text.HardFault_Handler) for HardFault_Handler
    startup_stm32f407xx.o(RESET) refers to stm32f4xx_it.o(.text.MemManage_Handler) for MemManage_Handler
    startup_stm32f407xx.o(RESET) refers to stm32f4xx_it.o(.text.BusFault_Handler) for BusFault_Handler
    startup_stm32f407xx.o(RESET) refers to stm32f4xx_it.o(.text.UsageFault_Handler) for UsageFault_Handler
    startup_stm32f407xx.o(RESET) refers to stm32f4xx_it.o(.text.SVC_Handler) for SVC_Handler
    startup_stm32f407xx.o(RESET) refers to stm32f4xx_it.o(.text.DebugMon_Handler) for DebugMon_Handler
    startup_stm32f407xx.o(RESET) refers to stm32f4xx_it.o(.text.PendSV_Handler) for PendSV_Handler
    startup_stm32f407xx.o(RESET) refers to stm32f4xx_it.o(.text.SysTick_Handler) for SysTick_Handler
    startup_stm32f407xx.o(RESET) refers to stm32f4xx_it.o(.text.DMA1_Stream1_IRQHandler) for DMA1_Stream1_IRQHandler
    startup_stm32f407xx.o(RESET) refers to stm32f4xx_it.o(.text.DMA1_Stream5_IRQHandler) for DMA1_Stream5_IRQHandler
    startup_stm32f407xx.o(RESET) refers to stm32f4xx_it.o(.text.USART2_IRQHandler) for USART2_IRQHandler
    startup_stm32f407xx.o(RESET) refers to stm32f4xx_it.o(.text.USART3_IRQHandler) for USART3_IRQHandler
    startup_stm32f407xx.o(RESET) refers to stm32f4xx_it.o(.text.TIM7_IRQHandler) for TIM7_IRQHandler
    startup_stm32f407xx.o(.text) refers to system_stm32f4xx.o(.text.SystemInit) for SystemInit
    startup_stm32f407xx.o(.text) refers to entry.o(.ARM.Collect$$$$00000000) for __main
    pid.o(.ARM.exidx.text.pid_clear) refers to pid.o(.text.pid_clear) for [Anonymous Symbol]
    pid.o(.ARM.exidx.text.pid_init) refers to pid.o(.text.pid_init) for [Anonymous Symbol]
    pid.o(.ARM.exidx.text.pid_calculate) refers to pid.o(.text.pid_calculate) for [Anonymous Symbol]
    jy62.o(.text.jy62_init) refers to jy62.o(.bss.jy62_uart) for jy62_uart
    jy62.o(.ARM.exidx.text.jy62_init) refers to jy62.o(.text.jy62_init) for [Anonymous Symbol]
    jy62.o(.text.calibrate) refers to jy62.o(.bss.jy62_uart) for jy62_uart
    jy62.o(.text.calibrate) refers to jy62.o(.data.calibrateAcce_pack) for calibrateAcce_pack
    jy62.o(.text.calibrate) refers to stm32f4xx_hal_uart.o(.text.HAL_UART_Transmit) for HAL_UART_Transmit
    jy62.o(.ARM.exidx.text.calibrate) refers to jy62.o(.text.calibrate) for [Anonymous Symbol]
    jy62.o(.text.setVertical) refers to jy62.o(.bss.jy62_uart) for jy62_uart
    jy62.o(.text.setVertical) refers to jy62.o(.data.setVertical_pack) for setVertical_pack
    jy62.o(.text.setVertical) refers to stm32f4xx_hal_uart.o(.text.HAL_UART_Transmit) for HAL_UART_Transmit
    jy62.o(.ARM.exidx.text.setVertical) refers to jy62.o(.text.setVertical) for [Anonymous Symbol]
    jy62.o(.text.setHorizontal) refers to jy62.o(.bss.jy62_uart) for jy62_uart
    jy62.o(.text.setHorizontal) refers to jy62.o(.data.setHorizontal_pack) for setHorizontal_pack
    jy62.o(.text.setHorizontal) refers to stm32f4xx_hal_uart.o(.text.HAL_UART_Transmit) for HAL_UART_Transmit
    jy62.o(.ARM.exidx.text.setHorizontal) refers to jy62.o(.text.setHorizontal) for [Anonymous Symbol]
    jy62.o(.text.initAngle) refers to jy62.o(.bss.jy62_uart) for jy62_uart
    jy62.o(.text.initAngle) refers to jy62.o(.data.initAngle_pack) for initAngle_pack
    jy62.o(.text.initAngle) refers to stm32f4xx_hal_uart.o(.text.HAL_UART_Transmit) for HAL_UART_Transmit
    jy62.o(.ARM.exidx.text.initAngle) refers to jy62.o(.text.initAngle) for [Anonymous Symbol]
    drive.o(.text.Get_Distance) refers to dflti.o(.text) for __aeabi_i2d
    drive.o(.text.Get_Distance) refers to sqrt.o(i.__hardfp_sqrt) for __hardfp_sqrt
    drive.o(.text.Get_Distance) refers to d2f.o(.text) for __aeabi_d2f
    drive.o(.ARM.exidx.text.Get_Distance) refers to drive.o(.text.Get_Distance) for [Anonymous Symbol]
    drive.o(.text.Get_Nearby_Node) refers to dijkstra.o(.bss..L_MergedGlobals) for node_cnt
    drive.o(.text.Get_Nearby_Node) refers to map.o(.bss.Node_List) for Node_List
    drive.o(.text.Get_Nearby_Node) refers to dflti.o(.text) for __aeabi_i2d
    drive.o(.text.Get_Nearby_Node) refers to sqrt.o(i.__hardfp_sqrt) for __hardfp_sqrt
    drive.o(.text.Get_Nearby_Node) refers to d2f.o(.text) for __aeabi_d2f
    drive.o(.ARM.exidx.text.Get_Nearby_Node) refers to drive.o(.text.Get_Nearby_Node) for [Anonymous Symbol]
    drive.o(.text.Drive_Init) refers to drive.o(.bss..L_MergedGlobals) for .L_MergedGlobals
    drive.o(.ARM.exidx.text.Drive_Init) refers to drive.o(.text.Drive_Init) for [Anonymous Symbol]
[...]
    .text                                    0x08000222   Section        0  qsort.o(.text)
    .text                                    0x080002be   Section        0  memcpya.o(.text)
    .text                                    0x080002e2   Section        0  memseta.o(.text)
    .text                                    0x08000306   Section        0  strlen.o(.text)
    .text                                    0x08000314   Section        0  dadd.o(.text)
    .text                                    0x08000462   Section        0  dmul.o(.text)
    .text                                    0x08000546   Section        0  ddiv.o(.text)
    .text                                    0x08000624   Section        0  dcmplt.o(.text)
    .text                                    0x0800065a   Section        0  dcmpge.o(.text)
    .text                                    0x08000690   Section        0  dflti.o(.text)
    .text                                    0x080006b2   Section        0  dfixi.o(.text)
    .text                                    0x080006f0   Section        0  dfixui.o(.text)
    .text                                    0x08000722   Section        0  f2d.o(.text)
    .text                                    0x08000748   Section        0  d2f.o(.text)
    .text                                    0x08000780   Section        0  uidiv.o(.text)
    .text                                    0x080007ac   Section        0  llshl.o(.text)
    .text                                    0x080007ca   Section        0  llushr.o(.text)
    .text                                    0x080007ea   Section        0  llsshr.o(.text)
    .text                                    0x0800080e   Section        0  iusefp.o(.text)
    .text                                    0x0800080e   Section        0  fepilogue.o(.text)
    .text                                    0x0800087c   Section        0  depilogue.o(.text)
    .text                                    0x08000936   Section        0  dsqrt.o(.text)
    .text                                    0x080009d8   Section        0  dfixul.o(.text)
    .text                                    0x08000a08   Section       48  cdrcmple.o(.text)
    .text                                    0x08000a38   Section       36  init.o(.text)
    [Anonymous Symbol]                       0x08000a5c   Section        0  map.o(.text.BuildMap)
    [Anonymous Symbol]                       0x08000e48   Section        0  stm32f4xx_it.o(.text.BusFault_Handler)
    [Anonymous Symbol]                       0x08000e4c   Section        0  stm32f4xx_it.o(.text.DMA1_Stream1_IRQHandler)
    [Anonymous Symbol]                       0x08000e58   Section        0  stm32f4xx_it.o(.text.DMA1_Stream5_IRQHandler)
    [Anonymous Symbol]                       0x08000e64   Section        0  stm32f4xx_it.o(.text.DebugMon_Handler)
    [Anonymous Symbol]                       0x08000e68   Section        0  dijkstra.o(.text.Dijkstra)
    [Anonymous Symbol]                       0x0800125c   Section        0  drive.o(.text.Drive)
    [Anonymous Symbol]                       0x080013b0   Section        0  drive.o(.text.Drive_Charge)
    [Anonymous Symbol]                       0x0800142c   Section        0  drive.o(.text.Drive_Deliver_Order)
    [Anonymous Symbol]                       0x080014e8   Section        0  drive.o(.text.Drive_Init)
    [Anonymous Symbol]                       0x08001508   Section        0  drive.o(.text.Drive_Plan)
    [Anonymous Symbol]                       0x08001610   Section        0  drive.o(.text.Drive_Update_Order_State)
    [Anonymous Symbol]                       0x08001890   Section        0  drive.o(.text.Drive_Value)
    [Anonymous Symbol]                       0x080019f8   Section        0  main.o(.text.Error_Handler)
    [Anonymous Symbol]                       0x08001a04   Section        0  drive.o(.text.Go_to)
    [Anonymous Symbol]                       0x08001c24   Section        0  stm32f4xx_hal_dma.o(.text.HAL_DMA_Abort)
    [Anonymous Symbol]                       0x08001cb8   Section        0  stm32f4xx_hal_dma.o(.text.HAL_DMA_Abort_IT)
    [Anonymous Symbol]                       0x08001cdc   Section        0  stm32f4xx_hal_dma.o(.text.HAL_DMA_IRQHandler)
    [Anonymous Symbol]                       0x08001e9c   Section        0  stm32f4xx_hal_dma.o(.text.HAL_DMA_Init)
    [Anonymous Symbol]                       0x08002000   Section        0  stm32f4xx_hal_dma.o(.text.HAL_DMA_Start_IT)
    [Anonymous Symbol]                       0x080020a0   Section        0  stm32f4xx_hal.o(.text.HAL_Delay)
    [Anonymous Symbol]                       0x080020c8   Section        0  stm32f4xx_hal_gpio.o(.text.HAL_GPIO_Init)
    [Anonymous Symbol]                       0x08002284   Section        0  stm32f4xx_hal_gpio.o(.text.HAL_GPIO_WritePin)
    [Anonymous Symbol]                       0x08002290   Section        0  stm32f4xx_hal.o(.text.HAL_GetTick)
    [Anonymous Symbol]                       0x0800229c   Section        0  stm32f4xx_hal.o(.text.HAL_IncTick)
    [Anonymous Symbol]                       0x080022b8   Section        0  stm32f4xx_hal.o(.text.HAL_Init)
    [Anonymous Symbol]                       0x080022f0   Section        0  stm32f4xx_hal.o(.text.HAL_InitTick)
    [Anonymous Symbol]                       0x08002338   Section        0  stm32f4xx_hal_msp.o(.text.HAL_MspInit)
    [Anonymous Symbol]                       0x08002370   Section        0  stm32f4xx_hal_cortex.o(.text.HAL_NVIC_EnableIRQ)
    [Anonymous Symbol]                       0x08002390   Section        0  stm32f4xx_hal_cortex.o(.text.HAL_NVIC_SetPriority)
    [Anonymous Symbol]                       0x080023e8   Section        0  stm32f4xx_hal_cortex.o(.text.HAL_NVIC_SetPriorityGrouping)
    [Anonymous Symbol]                       0x08002408   Section        0  stm32f4xx_hal_rcc.o(.text.HAL_RCC_ClockConfig)
    [Anonymous Symbol]                       0x08002568   Section        0  stm32f4xx_hal_rcc.o(.text.HAL_RCC_GetPCLK1Freq)
    [Anonymous Symbol]                       0x08002590   Section        0  stm32f4xx_hal_rcc.o(.text.HAL_RCC_GetPCLK2Freq)
    [Anonymous Symbol]                       0x080025b8   Section        0  stm32f4xx_hal_rcc.o(.text.HAL_RCC_GetSysClockFreq)
    [Anonymous Symbol]                       0x08002624   Section        0  stm32f4xx_hal_rcc.o(.text.HAL_RCC_OscConfig)
    [Anonymous Symbol]                       0x0800299c   Section        0  stm32f4xx_hal_cortex.o(.text.HAL_SYSTICK_Config)
    [Anonymous Symbol]                       0x080029c8   Section        0  stm32f4xx_hal_tim_ex.o(.text.HAL_TIMEx_BreakCallback)
    [Anonymous Symbol]                       0x080029cc   Section        0  stm32f4xx_hal_tim_ex.o(.text.HAL_TIMEx_CommutCallback)
    [Anonymous Symbol]                       0x080029d0   Section        0  stm32f4xx_hal_tim_ex.o(.text.HAL_TIMEx_MasterConfigSynchronization)
    [Anonymous Symbol]                       0x08002a88   Section        0  stm32f4xx_hal_tim.o(.text.HAL_TIM_Base_Init)
    [Anonymous Symbol]                       0x08002ae4   Section        0  tim.o(.text.HAL_TIM_Base_MspInit)
    [Anonymous Symbol]                       0x08002b30   Section        0  stm32f4xx_hal_tim.o(.text.HAL_TIM_Base_Start_IT)
    [Anonymous Symbol]                       0x08002bdc   Section        0  stm32f4xx_hal_tim.o(.text.HAL_TIM_Encoder_Init)
    [Anonymous Symbol]                       0x08002c90   Section        0  tim.o(.text.HAL_TIM_Encoder_MspInit)
    [Anonymous Symbol]                       0x08002ea4   Section        0  stm32f4xx_hal_tim.o(.text.HAL_TIM_Encoder_Start)
    [Anonymous Symbol]                       0x08002f60   Section        0  stm32f4xx_hal_tim.o(.text.HAL_TIM_IC_CaptureCallback)
    [Anonymous Symbol]                       0x08002f64   Section        0  stm32f4xx_hal_tim.o(.text.HAL_TIM_IRQHandler)
    [Anonymous Symbol]                       0x080030d4   Section        0  stm32f4xx_hal_tim.o(.text.HAL_TIM_OC_DelayElapsedCallback)
    [Anonymous Symbol]                       0x080030d8   Section        0  stm32f4xx_hal_tim.o(.text.HAL_TIM_PWM_ConfigChannel)
    [Anonymous Symbol]                       0x080032fc   Section        0  stm32f4xx_hal_tim.o(.text.HAL_TIM_PWM_Init)
    [Anonymous Symbol]                       0x08003358   Section        0  tim.o(.text.HAL_TIM_PWM_MspInit)
    [Anonymous Symbol]                       0x08003390   Section        0  stm32f4xx_hal_tim.o(.text.HAL_TIM_PWM_PulseFinishedCallback)
    [Anonymous Symbol]                       0x08003394   Section        0  stm32f4xx_hal_tim.o(.text.HAL_TIM_PWM_Start)
    [Anonymous Symbol]                       0x080034a8   Section        0  main.o(.text.HAL_TIM_PeriodElapsedCallback)
    __arm_cp.4_12                            0x08003520   Number         4  main.o(.text.HAL_TIM_PeriodElapsedCallback)
    __arm_cp.4_13                            0x08003524   Number         4  main.o(.text.HAL_TIM_PeriodElapsedCallback)
    __arm_cp.4_14                            0x08003528   Number         4  main.o(.text.HAL_TIM_PeriodElapsedCallback)
    __arm_cp.4_15                            0x0800352c   Number         4  main.o(.text.HAL_TIM_PeriodElapsedCallback)
    __arm_cp.4_16                            0x08003530   Number         4  main.o(.text.HAL_TIM_PeriodElapsedCallback)
    __arm_cp.4_17                            0x08003534   Number         4  main.o(.text.HAL_TIM_PeriodElapsedCallback)
    [Anonymous Symbol]                       0x08003c1c   Section        0  stm32f4xx_hal_tim.o(.text.HAL_TIM_TriggerCallback)
    [Anonymous Symbol]                       0x08003c20   Section        0  stm32f4xx_hal_uart.o(.text.HAL_UARTEx_ReceiveToIdle_DMA)
    [Anonymous Symbol]                       0x08003e18   Section        0  main.o(.text.HAL_UARTEx_RxEventCallback)
    __arm_cp.5_12                            0x080041e8   Number         4  main.o(.text.HAL_UARTEx_RxEventCallback)
    __arm_cp.5_14                            0x080041f8   Number         4  main.o(.text.HAL_UARTEx_RxEventCallback)
    __arm_cp.5_15                            0x080041fc   Number         4  main.o(.text.HAL_UARTEx_RxEventCallback)
    __arm_cp.5_17                            0x08004208   Number         4  main.o(.text.HAL_UARTEx_RxEventCallback)
    __arm_cp.5_18                            0x0800420c   Number         4  main.o(.text.HAL_UARTEx_RxEventCallback)
    [Anonymous Symbol]                       0x08004288   Section        0  zigbee_edc24.o(.text.HAL_UART_ErrorCallback)
    [Anonymous Symbol]                       0x080042bc   Section        0  stm32f4xx_hal_uart.o(.text.HAL_UART_IRQHandler)
    [Anonymous Symbol]                       0x08004814   Section        0  stm32f4xx_hal_uart.o(.text.HAL_UART_Init)
    [Anonymous Symbol]                       0x08004874   Section        0  usart.o(.text.HAL_UART_MspInit)
    [Anonymous Symbol]                       0x08004a54   Section        0  stm32f4xx_hal_uart.o(.text.HAL_UART_RxCpltCallback)
    [Anonymous Symbol]                       0x08004a58   Section        0  stm32f4xx_hal_uart.o(.text.HAL_UART_RxHalfCpltCallback)
    [Anonymous Symbol]                       0x08004a5c   Section        0  stm32f4xx_hal_uart.o(.text.HAL_UART_Transmit)
    [Anonymous Symbol]                       0x08004cdc   Section        0  stm32f4xx_hal_uart.o(.text.HAL_UART_TxCpltCallback)
    [Anonymous Symbol]                       0x08004ce0   Section        0  stm32f4xx_it.o(.text.HardFault_Handler)
    [Anonymous Symbol]                       0x08004ce4   Section        0  map.o(.text.Init_Coordinate)
    [Anonymous Symbol]                       0x08005138   Section        0  map.o(.text.Judgement)
    [Anonymous Symbol]                       0x08005310   Section        0  dma.o(.text.MX_DMA_Init)
    [Anonymous Symbol]                       0x08005358   Section        0  gpio.o(.text.MX_GPIO_Init)
    [Anonymous Symbol]                       0x08005410   Section        0  tim.o(.text.MX_TIM1_Init)
    [Anonymous Symbol]                       0x0800547c   Section        0  tim.o(.text.MX_TIM2_Init)
    [Anonymous Symbol]                       0x080054e0   Section        0  tim.o(.text.MX_TIM3_Init)
    [Anonymous Symbol]                       0x08005548   Section        0  tim.o(.text.MX_TIM4_Init)
    [Anonymous Symbol]                       0x080055b0   Section        0  tim.o(.text.MX_TIM5_Init)
    [Anonymous Symbol]                       0x080056bc   Section        0  tim.o(.text.MX_TIM7_Init)
    [Anonymous Symbol]                       0x08005710   Section        0  tim.o(.text.MX_TIM8_Init)
    [Anonymous Symbol]                       0x08005780   Section        0  usart.o(.text.MX_USART1_UART_Init)
    [Anonymous Symbol]                       0x080057bc   Section        0  usart.o(.text.MX_USART2_UART_Init)
    [Anonymous Symbol]                       0x080057f8   Section        0  usart.o(.text.MX_USART3_UART_Init)
    [Anonymous Symbol]                       0x08005834   Section        0  stm32f4xx_it.o(.text.MemManage_Handler)
    [Anonymous Symbol]                       0x08005838   Section        0  stm32f4xx_it.o(.text.NMI_Handler)
    [Anonymous Symbol]                       0x0800583c   Section        0  stm32f4xx_it.o(.text.PendSV_Handler)
    [Anonymous Symbol]                       0x08005840   Section        0  stm32f4xx_it.o(.text.SVC_Handler)
    [Anonymous Symbol]                       0x08005844   Section        0  stm32f4xx_it.o(.text.SysTick_Handler)
    [Anonymous Symbol]                       0x08005848   Section        0  main.o(.text.SystemClock_Config)
    [Anonymous Symbol]                       0x080058f8   Section        0  system_stm32f4xx.o(.text.SystemInit)
    [Anonymous Symbol]                       0x0800590c   Section        0  stm32f4xx_it.o(.text.TIM7_IRQHandler)
    [Anonymous Symbol]                       0x08005918   Section        0  stm32f4xx_hal_tim.o(.text.TIM_Base_SetConfig)
    UART_DMAAbortOnError                     0x08005a55   Thumb Code    12  stm32f4xx_hal_uart.o(.text.UART_DMAAbortOnError)
    [Anonymous Symbol]                       0x08005a54   Section        0  stm32f4xx_hal_uart.o(.text.UART_DMAAbortOnError)
    UART_DMAError                            0x08005a61   Thumb Code   380  stm32f4xx_hal_uart.o(.text.UART_DMAError)
    [Anonymous Symbol]                       0x08005a60   Section        0  stm32f4xx_hal_uart.o(.text.UART_DMAError)
    UART_DMAReceiveCplt                      0x08005bdd   Thumb Code   346  stm32f4xx_hal_uart.o(.text.UART_DMAReceiveCplt)
    [Anonymous Symbol]                       0x08005bdc   Section        0  stm32f4xx_hal_uart.o(.text.UART_DMAReceiveCplt)
    UART_DMARxHalfCplt                       0x08005d39   Thumb Code    20  stm32f4xx_hal_uart.o(.text.UART_DMARxHalfCplt)
    [Anonymous Symbol]                       0x08005d38   Section        0  stm32f4xx_hal_uart.o(.text.UART_DMARxHalfCplt)
    UART_Receive_IT                          0x08005d4d   Thumb Code   254  stm32f4xx_hal_uart.o(.text.UART_Receive_IT)
    [Anonymous Symbol]                       0x08005d4c   Section        0  stm32f4xx_hal_uart.o(.text.UART_Receive_IT)
    UART_SetConfig                           0x08005e4d   Thumb Code   226  stm32f4xx_hal_uart.o(.text.UART_SetConfig)
    [Anonymous Symbol]                       0x08005e4c   Section        0  stm32f4xx_hal_uart.o(.text.UART_SetConfig)
    [Anonymous Symbol]                       0x08005f30   Section        0  stm32f4xx_it.o(.text.USART2_IRQHandler)
    [Anonymous Symbol]                       0x08005f3c   Section        0  stm32f4xx_it.o(.text.USART3_IRQHandler)
    [Anonymous Symbol]                       0x08005f48   Section        0  stm32f4xx_it.o(.text.UsageFault_Handler)
    [Anonymous Symbol]                       0x08005f4c   Section        0  dijkstra.o(.text.add)
    [Anonymous Symbol]                       0x08005f8c   Section        0  dijkstra.o(.text.clear_edge)
    [Anonymous Symbol]                       0x08005fac   Section        0  map.o(.text.cmp)
    [Anonymous Symbol]                       0x08005fb8   Section        0  zigbee_edc24.o(.text.getGameStage)
    [Anonymous Symbol]                       0x08005fc4   Section        0  zigbee_edc24.o(.text.getGameStatus)
    [Anonymous Symbol]                       0x08005fd8   Section        0  zigbee_edc24.o(.text.getGameTime)
    [Anonymous Symbol]                       0x08005fe8   Section        0  zigbee_edc24.o(.text.getLatestPendingOrder)
    [Anonymous Symbol]                       0x0800601c   Section        0  zigbee_edc24.o(.text.getOneBarrier)
    [Anonymous Symbol]                       0x08006038   Section        0  zigbee_edc24.o(.text.getOneOrder)
    [Anonymous Symbol]                       0x08006068   Section        0  zigbee_edc24.o(.text.getOneOwnPile)
    [Anonymous Symbol]                       0x0800607c   Section        0  zigbee_edc24.o(.text.getOrderNum)
    [Anonymous Symbol]                       0x08006088   Section        0  zigbee_edc24.o(.text.getOwnChargingPileNum)
    [Anonymous Symbol]                       0x08006098   Section        0  zigbee_edc24.o(.text.getRemainDist)
    [Anonymous Symbol]                       0x080060a8   Section        0  zigbee_edc24.o(.text.getVehiclePos)
    [Anonymous Symbol]                       0x080060b8   Section        0  jy62.o(.text.initAngle)
    [Anonymous Symbol]                       0x080060d4   Section        0  jy62.o(.text.jy62_init)
    [Anonymous Symbol]                       0x080060e0   Section        0  main.o(.text.main)
    [Anonymous Symbol]                       0x08006354   Section        0  pid.o(.text.pid_calculate)
    [Anonymous Symbol]                       0x080063cc   Section        0  pid.o(.text.pid_init)
    [Anonymous Symbol]                       0x080063e0   Section        0  dijkstra.o(.text.priority_queue_down)
    [Anonymous Symbol]                       0x080064ac   Section        0  zigbee_edc24.o(.text.reqGameInfo)
    [Anonymous Symbol]                       0x080064c8   Section        0  zigbee_edc24.o(.text.setChargingPile)
    [Anonymous Symbol]                       0x080064e8   Section        0  usart.o(.text.u1_printf)
    [Anonymous Symbol]                       0x08006528   Section        0  zigbee_edc24.o(.text.zigbeeMessageRecord)
    [Anonymous Symbol]                       0x08006674   Section        0  zigbee_edc24.o(.text.zigbee_Init)
    i.__0vsprintf                            0x080066bc   Section        0  printfa.o(i.__0vsprintf)
    i.__hardfp_sqrt                          0x080066e0   Section        0  sqrt.o(i.__hardfp_sqrt)
    i.__scatterload_copy                     0x0800675a   Section       14  handlers.o(i.__scatterload_copy)
    i.__scatterload_null                     0x08006768   Section        2  handlers.o(i.__scatterload_null)
    i.__scatterload_zeroinit                 0x0800676a   Section       14  handlers.o(i.__scatterload_zeroinit)
    i.__set_errno                            0x08006778   Section        0  errno.o(i.__set_errno)
    _fp_digits                               0x08006785   Thumb Code   366  printfa.o(i._fp_digits)
    i._fp_digits                             0x08006784   Section        0  printfa.o(i._fp_digits)
    _printf_core                             0x08006909   Thumb Code  1744  printfa.o(i._printf_core)
    i._printf_core                           0x08006908   Section        0  printfa.o(i._printf_core)
    _printf_post_padding                     0x08006fe5   Thumb Code    36  printfa.o(i._printf_post_padding)
    i._printf_post_padding                   0x08006fe4   Section        0  printfa.o(i._printf_post_padding)
    _printf_pre_padding                      0x08007009   Thumb Code    46  printfa.o(i._printf_pre_padding)
    i._printf_pre_padding                    0x08007008   Section        0  printfa.o(i._printf_pre_padding)
    _sputc                                   0x08007037   Thumb Code    10  printfa.o(i._sputc)
    i._sputc                                 0x08007036   Section        0  printfa.o(i._sputc)
    DMA_CalcBaseAndBitshift.flagBitshiftOffset 0x08007058   Data           8  stm32f4xx_hal_dma.o(.rodata.cst8)
    [Anonymous Symbol]                       0x08007058   Section        0  stm32f4xx_hal_dma.o(.rodata.cst8)
    .L.str.2                                 0x08007060   Data          15  drive.o(.rodata.str1.1)
    [Anonymous Symbol]                       0x08007060   Section        0  drive.o(.rodata.str1.1)
    .L.str.4                                 0x0800706f   Data          43  drive.o(.rodata.str1.1)
    .L.str                                   0x0800709a   Data          73  drive.o(.rodata.str1.1)
    .L.str.1                                 0x080070e3   Data          73  drive.o(.rodata.str1.1)
    _errno                                   0x20000000   Data           4  errno.o(.data)
    .data                                    0x20000000   Section        4  errno.o(.data)
    .L_MergedGlobals                         0x20000004   Data           8  stm32f4xx_hal.o(.data..L_MergedGlobals)
    [Anonymous Symbol]                       0x20000004   Section        0  stm32f4xx_hal.o(.data..L_MergedGlobals)
    .L_MergedGlobals                         0x20000040   Data          76  drive.o(.bss..L_MergedGlobals)
    [Anonymous Symbol]                       0x20000040   Section        0  drive.o(.bss..L_MergedGlobals)
    .L_MergedGlobals                         0x2000008c   Data         108  zigbee_edc24.o(.bss..L_MergedGlobals)
    [Anonymous Symbol]                       0x2000008c   Section        0  zigbee_edc24.o(.bss..L_MergedGlobals)
    .L_MergedGlobals                         0x200000f8   Data         112  map.o(.bss..L_MergedGlobals)
    [Anonymous Symbol]                       0x200000f8   Section        0  map.o(.bss..L_MergedGlobals)
    .L_MergedGlobals                         0x20000168   Data           4  dijkstra.o(.bss..L_MergedGlobals)
    [Anonymous Symbol]                       0x20000168   Section        0  dijkstra.o(.bss..L_MergedGlobals)
    .L_MergedGlobals                         0x2000016c   Data         116  main.o(.bss..L_MergedGlobals)
    [Anonymous Symbol]                       0x2000016c   Section        0  main.o(.bss..L_MergedGlobals)
    STACK                                    0x20004c48   Section     1024  startup_stm32f407xx.o(STACK)

    Global Symbols

    Symbol Name                              Value     Ov Type        Size  Object(Section)

    BuildAttributes$$THM_ISAv4$E$P$D$K$B$S$7EM$VFPi3$EXTD16$VFPS$VFMA$PE$A:L22UL41UL21$X:L11$S22US41US21$IEEE1$IW$~IW$USESV6$~STKCKD$USESV7$~SHL$OTIME$ROPI$IEEEJ$EBA8$MICROLIB$REQ8$PRES8$EABIv2 0x00000000   Number         0  anon$$obj.o ABSOLUTE
    __cpp_initialize__aeabi_                  - Undefined Weak Reference
    __cxa_finalize                            - Undefined Weak Reference
    __decompress                              - Undefined Weak Reference
    _clock_init                               - Undefined Weak Reference
    _microlib_exit                            - Undefined Weak Reference
    __Vectors_Size                           0x00000188   Number         0  startup_stm32f407xx.o ABSOLUTE
    __Vectors                                0x08000000   Data           4  startup_stm32f407xx.o(RESET)
    __Vectors_End                            0x08000188   Data           0  startup_stm32f407xx.o(RESET)
    __main                                   0x08000189   Thumb Code     0  entry.o(.ARM.Collect$$$$00000000)
    _main_stk                                0x08000189   Thumb Code     0  entry2.o(.ARM.Collect$$$$00000001)
    _main_scatterload                        0x0800018d   Thumb Code     0  entry5.o(.ARM.Collect$$$$00000004)
    __main_after_scatterload                 0x08000191   Thumb Code     0  entry5.o(.ARM.Collect$$$$00000004)
    _main_clock                              0x08000191   Thumb Code     0  entry7b.o(.ARM.Collect$$$$00000008)
    _main_cpp_init                           0x08000191   Thumb Code     0  entry8b.o(.ARM.Collect$$$$0000000A)
    _main_init                               0x08000191   Thumb Code     0  entry9a.o(.ARM.Collect$$$$0000000B)
    __rt_final_cpp                           0x08000199   Thumb Code     0  entry10a.o(.ARM.Collect$$$$0000000D)
    __rt_final_exit                          0x08000199   Thumb Code     0  entry11a.o(.ARM.Collect$$$$0000000F)
    Reset_Handler                            0x0800019d   Thumb Code     8  startup_stm32f407xx.o(.text)
    ADC_IRQHandler                           0x080001b7   Thumb Code     0  startup_stm32f407xx.o(.text)
    CAN1_RX0_IRQHandler                      0x080001b7   Thumb Code     0  startup_stm32f407xx.o(.text)
    CAN1_RX1_IRQHandler                      0x080001b7   Thumb Code     0  startup_stm32f407xx.o(.text)
    CAN1_SCE_IRQHandler                      0x080001b7   Thumb Code     0  startup_stm32f407xx.o(.text)
    CAN1_TX_IRQHandler                       0x080001b7   Thumb Code     0  startup_stm32f407xx.o(.text)
    CAN2_RX0_IRQHandler                      0x080001b7   Thumb Code     0  startup_stm32f407xx.o(.text)
    CAN2_RX1_IRQHandler                      0x080001b7   Thumb Code     0  startup_stm32f407xx.o(.text)
    CAN2_SCE_IRQHandler                      0x080001b7   Thumb Code     0  startup_stm32f407xx.o(.text)
    CAN2_TX_IRQHandler                       0x080001b7   Thumb Code     0  startup_stm32f407xx.o(.text)
    DCMI_IRQHandler                          0x080001b7   Thumb Code     0  startup_stm32f407xx.o(.text)
    DMA1_Stream0_IRQHandler                  0x080001b7   Thumb Code     0  startup_stm32f407xx.o(.text)
    DMA1_Stream2_IRQHandler                  0x080001b7   Thumb Code     0  startup_stm32f407xx.o(.text)
    DMA1_Stream3_IRQHandler                  0x080001b7   Thumb Code     0  startup_stm32f407xx.o(.text)
    DMA1_Stream4_IRQHandler                  0x080001b7   Thumb Code     0  startup_stm32f407xx.o(.text)
    DMA1_Stream6_IRQHandler                  0x080001b7   Thumb Code     0  startup_stm32f407xx.o(.text)
    DMA1_Stream7_IRQHandler                  0x080001b7   Thumb Code     0  startup_stm32f407xx.o(.text)
    DMA2_Stream0_IRQHandler                  0x080001b7   Thumb Code     0  startup_stm32f407xx.o(.text)
    DMA2_Stream1_IRQHandler                  0x080001b7   Thumb Code     0  startup_stm32f407xx.o(.text)
    DMA2_Stream2_IRQHandler                  0x080001b7   Thumb Code     0  startup_stm32f407xx.o(.text)
    DMA2_Stream3_IRQHandler                  0x080001b7   Thumb Code     0  startup_stm32f407xx.o(.text)
    DMA2_Stream4_IRQHandler                  0x080001b7   Thumb Code     0  startup_stm32f407xx.o(.text)
    DMA2_Stream5_IRQHandler                  0x080001b7   Thumb Code     0  startup_stm32f407xx.o(.text)
    DMA2_Stream6_IRQHandler                  0x080001b7   Thumb Code     0  startup_stm32f407xx.o(.text)
    DMA2_Stream7_IRQHandler                  0x080001b7   Thumb Code     0  startup_stm32f407xx.o(.text)
    ETH_IRQHandler                           0x080001b7   Thumb Code     0  startup_stm32f407xx.o(.text)
    ETH_WKUP_IRQHandler                      0x080001b7   Thumb Code     0  startup_stm32f407xx.o(.text)
    EXTI0_IRQHandler                         0x080001b7   Thumb Code     0  startup_stm32f407xx.o(.text)
    EXTI15_10_IRQHandler                     0x080001b7   Thumb Code     0  startup_stm32f407xx.o(.text)
    EXTI1_IRQHandler                         0x080001b7   Thumb Code     0  startup_stm32f407xx.o(.text)
    EXTI2_IRQHandler                         0x080001b7   Thumb Code     0  startup_stm32f407xx.o(.text)
    EXTI3_IRQHandler                         0x080001b7   Thumb Code     0  startup_stm32f407xx.o(.text)
    EXTI4_IRQHandler                         0x080001b7   Thumb Code     0  startup_stm32f407xx.o(.text)
    EXTI9_5_IRQHandler                       0x080001b7   Thumb Code     0  startup_stm32f407xx.o(.text)
    FLASH_IRQHandler                         0x080001b7   Thumb Code     0  startup_stm32f407xx.o(.text)
    FMC_IRQHandler                           0x080001b7   Thumb Code     0  startup_stm32f407xx.o(.text)
    FPU_IRQHandler                           0x080001b7   Thumb Code     0  startup_stm32f407xx.o(.text)
    HASH_RNG_IRQHandler                      0x080001b7   Thumb Code     0  startup_stm32f407xx.o(.text)
    I2C1_ER_IRQHandler                       0x080001b7   Thumb Code     0  startup_stm32f407xx.o(.text)
    I2C1_EV_IRQHandler                       0x080001b7   Thumb Code     0  startup_stm32f407xx.o(.text)
    I2C2_ER_IRQHandler                       0x080001b7   Thumb Code     0  startup_stm32f407xx.o(.text)
    I2C2_EV_IRQHandler                       0x080001b7   Thumb Code     0  startup_stm32f407xx.o(.text)
    I2C3_ER_IRQHandler                       0x080001b7   Thumb Code     0  startup_stm32f407xx.o(.text)
    I2C3_EV_IRQHandler                       0x080001b7   Thumb Code     0  startup_stm32f407xx.o(.text)
    OTG_FS_IRQHandler                        0x080001b7   Thumb Code     0  startup_stm32f407xx.o(.text)
    OTG_FS_WKUP_IRQHandler                   0x080001b7   Thumb Code     0  startup_stm32f407xx.o(.text)
    OTG_HS_EP1_IN_IRQHandler                 0x080001b7   Thumb Code     0  startup_stm32f407xx.o(.text)
    OTG_HS_EP1_OUT_IRQHandler                0x080001b7   Thumb Code     0  startup_stm32f407xx.o(.text)
    OTG_HS_IRQHandler                        0x080001b7   Thumb Code     0  startup_stm32f407xx.o(.text)
    OTG_HS_WKUP_IRQHandler                   0x080001b7   Thumb Code     0  startup_stm32f407xx.o(.text)
    PVD_IRQHandler                           0x080001b7   Thumb Code     0  startup_stm32f407xx.o(.text)
    RCC_IRQHandler                           0x080001b7   Thumb Code     0  startup_stm32f407xx.o(.text)
    RTC_Alarm_IRQHandler                     0x080001b7   Thumb Code     0  startup_stm32f407xx.o(.text)
    RTC_WKUP_IRQHandler                      0x080001b7   Thumb Code     0  startup_stm32f407xx.o(.text)
    SDIO_IRQHandler                          0x080001b7   Thumb Code     0  startup_stm32f407xx.o(.text)
    SPI1_IRQHandler                          0x080001b7   Thumb Code     0  startup_stm32f407xx.o(.text)
    SPI2_IRQHandler                          0x080001b7   Thumb Code     0  startup_stm32f407xx.o(.text)
    SPI3_IRQHandler                          0x080001b7   Thumb Code     0  startup_stm32f407xx.o(.text)
    TAMP_STAMP_IRQHandler                    0x080001b7   Thumb Code     0  startup_stm32f407xx.o(.text)
    TIM1_BRK_TIM9_IRQHandler                 0x080001b7   Thumb Code     0  startup_stm32f407xx.o(.text)
    TIM1_CC_IRQHandler                       0x080001b7   Thumb Code     0  startup_stm32f407xx.o(.text)
    TIM1_TRG_COM_TIM11_IRQHandler            0x080001b7   Thumb Code     0  startup_stm32f407xx.o(.text)
    TIM1_UP_TIM10_IRQHandler                 0x080001b7   Thumb Code     0  startup_stm32f407xx.o(.text)
    TIM2_IRQHandler                          0x080001b7   Thumb Code     0  startup_stm32f407xx.o(.text)
    TIM3_IRQHandler                          0x080001b7   Thumb Code     0  startup_stm32f407xx.o(.text)
    TIM4_IRQHandler                          0x080001b7   Thumb Code     0  startup_stm32f407xx.o(.text)
    TIM5_IRQHandler                          0x080001b7   Thumb Code     0  startup_stm32f407xx.o(.text)
    TIM6_DAC_IRQHandler                      0x080001b7   Thumb Code     0  startup_stm32f407xx.o(.text)
    TIM8_BRK_TIM12_IRQHandler                0x080001b7   Thumb Code     0  startup_stm32f407xx.o(.text)
    TIM8_CC_IRQHandler                       0x080001b7   Thumb Code     0  startup_stm32f407xx.o(.text)
    TIM8_TRG_COM_TIM14_IRQHandler            0x080001b7   Thumb Code     0  startup_stm32f407xx.o(.text)
    TIM8_UP_TIM13_IRQHandler                 0x080001b7   Thumb Code     0  startup_stm32f407xx.o(.text)
    UART4_IRQHandler                         0x080001b7   Thumb Code     0  startup_stm32f407xx.o(.text)
    UART5_IRQHandler                         0x080001b7   Thumb Code     0  startup_stm32f407xx.o(.text)
    USART1_IRQHandler                        0x080001b7   Thumb Code     0  startup_stm32f407xx.o(.text)
    USART6_IRQHandler                        0x080001b7   Thumb Code     0  startup_stm32f407xx.o(.text)
    WWDG_IRQHandler                          0x080001b7   Thumb Code     0  startup_stm32f407xx.o(.text)
    __aeabi_uldivmod                         0x080001c1   Thumb Code    98  uldiv.o(.text)
    qsort                                    0x08000223   Thumb Code   156  qsort.o(.text)
    __aeabi_memcpy                           0x080002bf   Thumb Code    36  memcpya.o(.text)
    __aeabi_memcpy4                          0x080002bf   Thumb Code     0  memcpya.o(.text)
    __aeabi_memcpy8                          0x080002bf   Thumb Code     0  memcpya.o(.text)
    __aeabi_memset                           0x080002e3   Thumb Code    14  memseta.o(.text)
    __aeabi_memset4                          0x080002e3   Thumb Code     0  memseta.o(.text)
    __aeabi_memset8                          0x080002e3   Thumb Code     0  memseta.o(.text)
    __aeabi_memclr                           0x080002f1   Thumb Code     4  memseta.o(.text)
    __aeabi_memclr4                          0x080002f1   Thumb Code     0  memseta.o(.text)
    __aeabi_memclr8                          0x080002f1   Thumb Code     0  memseta.o(.text)
    _memset$wrapper                          0x080002f5   Thumb Code    18  memseta.o(.text)
    strlen                                   0x08000307   Thumb Code    14  strlen.o(.text)
    __aeabi_dadd                             0x08000315   Thumb Code   322  dadd.o(.text)
    __aeabi_dsub                             0x08000457   Thumb Code     6  dadd.o(.text)
    __aeabi_drsub                            0x0800045d   Thumb Code     6  dadd.o(.text)
    __aeabi_dmul                             0x08000463   Thumb Code   228  dmul.o(.text)
    __aeabi_ddiv                             0x08000547   Thumb Code   222  ddiv.o(.text)
    __aeabi_dcmplt                           0x08000625   Thumb Code    54  dcmplt.o(.text)
    __aeabi_dcmpge                           0x0800065b   Thumb Code    54  dcmpge.o(.text)
    __aeabi_i2d                              0x08000691   Thumb Code    34  dflti.o(.text)
    __aeabi_d2iz                             0x080006b3   Thumb Code    62  dfixi.o(.text)
    __aeabi_d2uiz                            0x080006f1   Thumb Code    50  dfixui.o(.text)
    __aeabi_f2d                              0x08000723   Thumb Code    38  f2d.o(.text)
    __aeabi_d2f                              0x08000749   Thumb Code    56  d2f.o(.text)
    __aeabi_uidiv                            0x08000781   Thumb Code     0  uidiv.o(.text)
    __aeabi_uidivmod                         0x08000781   Thumb Code    44  uidiv.o(.text)
    __aeabi_llsl                             0x080007ad   Thumb Code    30  llshl.o(.text)
    _ll_shift_l                              0x080007ad   Thumb Code     0  llshl.o(.text)
    __aeabi_llsr                             0x080007cb   Thumb Code    32  llushr.o(.text)
    _ll_ushift_r                             0x080007cb   Thumb Code     0  llushr.o(.text)
    __aeabi_lasr                             0x080007eb   Thumb Code    36  llsshr.o(.text)
    _ll_sshift_r                             0x080007eb   Thumb Code     0  llsshr.o(.text)
    __I$use$fp                               0x0800080f   Thumb Code     0  iusefp.o(.text)
    _float_round                             0x0800080f   Thumb Code    18  fepilogue.o(.text)
    _float_epilogue                          0x08000821   Thumb Code    92  fepilogue.o(.text)
    _double_round                            0x0800087d   Thumb Code    30  depilogue.o(.text)
    _double_epilogue                         0x0800089b   Thumb Code   156  depilogue.o(.text)
    _dsqrt                                   0x08000937   Thumb Code   162  dsqrt.o(.text)
    __aeabi_d2ulz                            0x080009d9   Thumb Code    48  dfixul.o(.text)
    __aeabi_cdrcmple                         0x08000a09   Thumb Code    48  cdrcmple.o(.text)
    __scatterload                            0x08000a39   Thumb Code    28  init.o(.text)
    __scatterload_rt2                        0x08000a39   Thumb Code     0  init.o(.text)
    BuildMap                                 0x08000a5d   Thumb Code  1002  map.o(.text.BuildMap)
    BusFault_Handler                         0x08000e49   Thumb Code     2  stm32f4xx_it.o(.text.BusFault_Handler)
    DMA1_Stream1_IRQHandler                  0x08000e4d   Thumb Code    12  stm32f4xx_it.o(.text.DMA1_Stream1_IRQHandler)
    DMA1_Stream5_IRQHandler                  0x08000e59   Thumb Code    12  stm32f4xx_it.o(.text.DMA1_Stream5_IRQHandler)
    DebugMon_Handler                         0x08000e65   Thumb Code     2  stm32f4xx_it.o(.text.DebugMon_Handler)
    Dijkstra                                 0x08000e69   Thumb Code  1012  dijkstra.o(.text.Dijkstra)
    Drive                                    0x0800125d   Thumb Code   338  drive.o(.text.Drive)
    Drive_Charge                             0x080013b1   Thumb Code   124  drive.o(.text.Drive_Charge)
    Drive_Deliver_Order                      0x0800142d   Thumb Code   188  drive.o(.text.Drive_Deliver_Order)
    Drive_Init                               0x080014e9   Thumb Code    30  drive.o(.text.Drive_Init)
    Drive_Plan                               0x08001509   Thumb Code   264  drive.o(.text.Drive_Plan)
    Drive_Update_Order_State                 0x08001611   Thumb Code   596  drive.o(.text.Drive_Update_Order_State)
    Drive_Value                              0x08001891   Thumb Code   360  drive.o(.text.Drive_Value)
    Error_Handler                            0x080019f9   Thumb Code    10  main.o(.text.Error_Handler)
    Go_to                                    0x08001a05   Thumb Code   544  drive.o(.text.Go_to)
    HAL_DMA_Abort                            0x08001c25   Thumb Code   146  stm32f4xx_hal_dma.o(.text.HAL_DMA_Abort)
    HAL_DMA_Abort_IT                         0x08001cb9   Thumb Code    36  stm32f4xx_hal_dma.o(.text.HAL_DMA_Abort_IT)
    HAL_DMA_IRQHandler                       0x08001cdd   Thumb Code   448  stm32f4xx_hal_dma.o(.text.HAL_DMA_IRQHandler)
    HAL_DMA_Init                             0x08001e9d   Thumb Code   354  stm32f4xx_hal_dma.o(.text.HAL_DMA_Init)
    HAL_DMA_Start_IT                         0x08002001   Thumb Code   158  stm32f4xx_hal_dma.o(.text.HAL_DMA_Start_IT)
    HAL_Delay                                0x080020a1   Thumb Code    40  stm32f4xx_hal.o(.text.HAL_Delay)
    HAL_GPIO_Init                            0x080020c9   Thumb Code   442  stm32f4xx_hal_gpio.o(.text.HAL_GPIO_Init)
    HAL_GPIO_WritePin                        0x08002285   Thumb Code    10  stm32f4xx_hal_gpio.o(.text.HAL_GPIO_WritePin)
    HAL_GetTick                              0x08002291   Thumb Code    12  stm32f4xx_hal.o(.text.HAL_GetTick)
    HAL_IncTick                              0x0800229d   Thumb Code    26  stm32f4xx_hal.o(.text.HAL_IncTick)
    HAL_Init                                 0x080022b9   Thumb Code    54  stm32f4xx_hal.o(.text.HAL_Init)
    HAL_InitTick                             0x080022f1   Thumb Code    72  stm32f4xx_hal.o(.text.HAL_InitTick)
    HAL_MspInit                              0x08002339   Thumb Code    56  stm32f4xx_hal_msp.o(.text.HAL_MspInit)
    HAL_NVIC_EnableIRQ                       0x08002371   Thumb Code    32  stm32f4xx_hal_cortex.o(.text.HAL_NVIC_EnableIRQ)
    HAL_NVIC_SetPriority                     0x08002391   Thumb Code    86  stm32f4xx_hal_cortex.o(.text.HAL_NVIC_SetPriority)
    HAL_NVIC_SetPriorityGrouping             0x080023e9   Thumb Code    32  stm32f4xx_hal_cortex.o(.text.HAL_NVIC_SetPriorityGrouping)
    HAL_RCC_ClockConfig                      0x08002409   Thumb Code   352  stm32f4xx_hal_rcc.o(.text.HAL_RCC_ClockConfig)
    HAL_RCC_GetPCLK1Freq                     0x08002569   Thumb Code    38  stm32f4xx_hal_rcc.o(.text.HAL_RCC_GetPCLK1Freq)
    HAL_RCC_GetPCLK2Freq                     0x08002591   Thumb Code    38  stm32f4xx_hal_rcc.o(.text.HAL_RCC_GetPCLK2Freq)
    HAL_RCC_GetSysClockFreq                  0x080025b9   Thumb Code   108  stm32f4xx_hal_rcc.o(.text.HAL_RCC_GetSysClockFreq)
    HAL_RCC_OscConfig                        0x08002625   Thumb Code   888  stm32f4xx_hal_rcc.o(.text.HAL_RCC_OscConfig)
    HAL_SYSTICK_Config                       0x0800299d   Thumb Code    44  stm32f4xx_hal_cortex.o(.text.HAL_SYSTICK_Config)
    HAL_TIMEx_BreakCallback                  0x080029c9   Thumb Code     2  stm32f4xx_hal_tim_ex.o(.text.HAL_TIMEx_BreakCallback)
    HAL_TIMEx_CommutCallback                 0x080029cd   Thumb Code     2  stm32f4xx_hal_tim_ex.o(.text.HAL_TIMEx_CommutCallback)
    HAL_TIMEx_MasterConfigSynchronization    0x080029d1   Thumb Code   182  stm32f4xx_hal_tim_ex.o(.text.HAL_TIMEx_MasterConfigSynchronization)
    HAL_TIM_Base_Init                        0x08002a89   Thumb Code    90  stm32f4xx_hal_tim.o(.text.HAL_TIM_Base_Init)
    HAL_TIM_Base_MspInit                     0x08002ae5   Thumb Code    74  tim.o(.text.HAL_TIM_Base_MspInit)
    HAL_TIM_Base_Start_IT                    0x08002b31   Thumb Code   170  stm32f4xx_hal_tim.o(.text.HAL_TIM_Base_Start_IT)
    HAL_TIM_Encoder_Init                     0x08002bdd   Thumb Code   178  stm32f4xx_hal_tim.o(.text.HAL_TIM_Encoder_Init)
    HAL_TIM_Encoder_MspInit                  0x08002c91   Thumb Code   530  tim.o(.text.HAL_TIM_Encoder_MspInit)
    HAL_TIM_Encoder_Start                    0x08002ea5   Thumb Code   188  stm32f4xx_hal_tim.o(.text.HAL_TIM_Encoder_Start)
    HAL_TIM_IC_CaptureCallback               0x08002f61   Thumb Code     2  stm32f4xx_hal_tim.o(.text.HAL_TIM_IC_CaptureCallback)
    HAL_TIM_IRQHandler                       0x08002f65   Thumb Code   368  stm32f4xx_hal_tim.o(.text.HAL_TIM_IRQHandler)
    HAL_TIM_OC_DelayElapsedCallback          0x080030d5   Thumb Code     2  stm32f4xx_hal_tim.o(.text.HAL_TIM_OC_DelayElapsedCallback)
    HAL_TIM_PWM_ConfigChannel                0x080030d9   Thumb Code   546  stm32f4xx_hal_tim.o(.text.HAL_TIM_PWM_ConfigChannel)
    HAL_TIM_PWM_Init                         0x080032fd   Thumb Code    90  stm32f4xx_hal_tim.o(.text.HAL_TIM_PWM_Init)
    HAL_TIM_PWM_MspInit                      0x08003359   Thumb Code    54  tim.o(.text.HAL_TIM_PWM_MspInit)
    HAL_TIM_PWM_PulseFinishedCallback        0x08003391   Thumb Code     2  stm32f4xx_hal_tim.o(.text.HAL_TIM_PWM_PulseFinishedCallback)
    HAL_TIM_PWM_Start                        0x08003395   Thumb Code   274  stm32f4xx_hal_tim.o(.text.HAL_TIM_PWM_Start)
    HAL_TIM_PeriodElapsedCallback            0x080034a9   Thumb Code  1908  main.o(.text.HAL_TIM_PeriodElapsedCallback)
    HAL_TIM_TriggerCallback                  0x08003c1d   Thumb Code     2  stm32f4xx_hal_tim.o(.text.HAL_TIM_TriggerCallback)
    HAL_UARTEx_ReceiveToIdle_DMA             0x08003c21   Thumb Code   502  stm32f4xx_hal_uart.o(.text.HAL_UARTEx_ReceiveToIdle_DMA)
    HAL_UARTEx_RxEventCallback               0x08003e19   Thumb Code  1136  main.o(.text.HAL_UARTEx_RxEventCallback)
    HAL_UART_ErrorCallback                   0x08004289   Thumb Code    52  zigbee_edc24.o(.text.HAL_UART_ErrorCallback)
    HAL_UART_IRQHandler                      0x080042bd   Thumb Code  1368  stm32f4xx_hal_uart.o(.text.HAL_UART_IRQHandler)
    HAL_UART_Init                            0x08004815   Thumb Code    94  stm32f4xx_hal_uart.o(.text.HAL_UART_Init)
    HAL_UART_MspInit                         0x08004875   Thumb Code   478  usart.o(.text.HAL_UART_MspInit)
    HAL_UART_RxCpltCallback                  0x08004a55   Thumb Code     2  stm32f4xx_hal_uart.o(.text.HAL_UART_RxCpltCallback)
    HAL_UART_RxHalfCpltCallback              0x08004a59   Thumb Code     2  stm32f4xx_hal_uart.o(.text.HAL_UART_RxHalfCpltCallback)
    HAL_UART_Transmit                        0x08004a5d   Thumb Code   638  stm32f4xx_hal_uart.o(.text.HAL_UART_Transmit)
    HAL_UART_TxCpltCallback                  0x08004cdd   Thumb Code     2  stm32f4xx_hal_uart.o(.text.HAL_UART_TxCpltCallback)
    HardFault_Handler                        0x08004ce1   Thumb Code     2  stm32f4xx_it.o(.text.HardFault_Handler)
    Init_Coordinate                          0x08004ce5   Thumb Code  1108  map.o(.text.Init_Coordinate)
    Judgement                                0x08005139   Thumb Code   470  map.o(.text.Judgement)
    MX_DMA_Init                              0x08005311   Thumb Code    72  dma.o(.text.MX_DMA_Init)
    MX_GPIO_Init                             0x08005359   Thumb Code   182  gpio.o(.text.MX_GPIO_Init)
    MX_TIM1_Init                             0x08005411   Thumb Code   108  tim.o(.text.MX_TIM1_Init)
    MX_TIM2_Init                             0x0800547d   Thumb Code   100  tim.o(.text.MX_TIM2_Init)
    MX_TIM3_Init                             0x080054e1   Thumb Code   104  tim.o(.text.MX_TIM3_Init)
    MX_TIM4_Init                             0x08005549   Thumb Code   104  tim.o(.text.MX_TIM4_Init)
    MX_TIM5_Init                             0x080055b1   Thumb Code   266  tim.o(.text.MX_TIM5_Init)
    MX_TIM7_Init                             0x080056bd   Thumb Code    84  tim.o(.text.MX_TIM7_Init)
    MX_TIM8_Init                             0x08005711   Thumb Code   110  tim.o(.text.MX_TIM8_Init)
    MX_USART1_UART_Init                      0x08005781   Thumb Code    60  usart.o(.text.MX_USART1_UART_Init)
    MX_USART2_UART_Init                      0x080057bd   Thumb Code    60  usart.o(.text.MX_USART2_UART_Init)
    MX_USART3_UART_Init                      0x080057f9   Thumb Code    60  usart.o(.text.MX_USART3_UART_Init)
    MemManage_Handler                        0x08005835   Thumb Code     2  stm32f4xx_it.o(.text.MemManage_Handler)
    NMI_Handler                              0x08005839   Thumb Code     2  stm32f4xx_it.o(.text.NMI_Handler)
    PendSV_Handler                           0x0800583d   Thumb Code     2  stm32f4xx_it.o(.text.PendSV_Handler)
    SVC_Handler                              0x08005841   Thumb Code     2  stm32f4xx_it.o(.text.SVC_Handler)
    SysTick_Handler                          0x08005845   Thumb Code     4  stm32f4xx_it.o(.text.SysTick_Handler)
    SystemClock_Config                       0x08005849   Thumb Code   176  main.o(.text.SystemClock_Config)
    SystemInit                               0x080058f9   Thumb Code    18  system_stm32f4xx.o(.text.SystemInit)
    TIM7_IRQHandler                          0x0800590d   Thumb Code    12  stm32f4xx_it.o(.text.TIM7_IRQHandler)
    TIM_Base_SetConfig                       0x08005919   Thumb Code   316  stm32f4xx_hal_tim.o(.text.TIM_Base_SetConfig)
    USART2_IRQHandler                        0x08005f31   Thumb Code    12  stm32f4xx_it.o(.text.USART2_IRQHandler)
    USART3_IRQHandler                        0x08005f3d   Thumb Code    12  stm32f4xx_it.o(.text.USART3_IRQHandler)
    UsageFault_Handler                       0x08005f49   Thumb Code     2  stm32f4xx_it.o(.text.UsageFault_Handler)
    add                                      0x08005f4d   Thumb Code    62  dijkstra.o(.text.add)
    clear_edge                               0x08005f8d   Thumb Code    32  dijkstra.o(.text.clear_edge)
    cmp                                      0x08005fad   Thumb Code    12  map.o(.text.cmp)
    getGameStage                             0x08005fb9   Thumb Code    12  zigbee_edc24.o(.text.getGameStage)
    getGameStatus                            0x08005fc5   Thumb Code    18  zigbee_edc24.o(.text.getGameStatus)
    getGameTime                              0x08005fd9   Thumb Code    14  zigbee_edc24.o(.text.getGameTime)
    getLatestPendingOrder                    0x08005fe9   Thumb Code    50  zigbee_edc24.o(.text.getLatestPendingOrder)
    getOneBarrier                            0x0800601d   Thumb Code    26  zigbee_edc24.o(.text.getOneBarrier)
    getOneOrder                              0x08006039   Thumb Code    48  zigbee_edc24.o(.text.getOneOrder)
    getOneOwnPile                            0x08006069   Thumb Code    18  zigbee_edc24.o(.text.getOneOwnPile)
    getOrderNum                              0x0800607d   Thumb Code    12  zigbee_edc24.o(.text.getOrderNum)
    getOwnChargingPileNum                    0x08006089   Thumb Code    14  zigbee_edc24.o(.text.getOwnChargingPileNum)
    getRemainDist                            0x08006099   Thumb Code    14  zigbee_edc24.o(.text.getRemainDist)
    getVehiclePos                            0x080060a9   Thumb Code    14  zigbee_edc24.o(.text.getVehiclePos)
    initAngle                                0x080060b9   Thumb Code    28  jy62.o(.text.initAngle)
    jy62_init                                0x080060d5   Thumb Code    12  jy62.o(.text.jy62_init)
    main                                     0x080060e1   Thumb Code   576  main.o(.text.main)
    pid_calculate                            0x08006355   Thumb Code   120  pid.o(.text.pid_calculate)
    pid_init                                 0x080063cd   Thumb Code    18  pid.o(.text.pid_init)
    priority_queue_down                      0x080063e1   Thumb Code   204  dijkstra.o(.text.priority_queue_down)
    reqGameInfo                              0x080064ad   Thumb Code    28  zigbee_edc24.o(.text.reqGameInfo)
    setChargingPile                          0x080064c9   Thumb Code    30  zigbee_edc24.o(.text.setChargingPile)
    u1_printf                                0x080064e9   Thumb Code    62  usart.o(.text.u1_printf)
    zigbeeMessageRecord                      0x08006529   Thumb Code   332  zigbee_edc24.o(.text.zigbeeMessageRecord)
    zigbee_Init                              0x08006675   Thumb Code    72  zigbee_edc24.o(.text.zigbee_Init)
    __0vsprintf                              0x080066bd   Thumb Code    30  printfa.o(i.__0vsprintf)
    __1vsprintf                              0x080066bd   Thumb Code     0  printfa.o(i.__0vsprintf)
    __2vsprintf                              0x080066bd   Thumb Code     0  printfa.o(i.__0vsprintf)
    __c89vsprintf                            0x080066bd   Thumb Code     0  printfa.o(i.__0vsprintf)
    vsprintf                                 0x080066bd   Thumb Code     0  printfa.o(i.__0vsprintf)
    __hardfp_sqrt                            0x080066e1   Thumb Code   122  sqrt.o(i.__hardfp_sqrt)
    __scatterload_copy                       0x0800675b   Thumb Code    14  handlers.o(i.__scatterload_copy)
    __scatterload_null                       0x08006769   Thumb Code     2  handlers.o(i.__scatterload_null)
    __scatterload_zeroinit                   0x0800676b   Thumb Code    14  handlers.o(i.__scatterload_zeroinit)
    __set_errno                              0x08006779   Thumb Code     6  errno.o(i.__set_errno)
    AHBPrescTable                            0x08007040   Data          16  system_stm32f4xx.o(.rodata.AHBPrescTable)
    APBPrescTable                            0x08007050   Data           8  system_stm32f4xx.o(.rodata.APBPrescTable)
    Region$$Table$$Base                      0x0800712c   Number         0  anon$$obj.o(Region$$Table)
    Region$$Table$$Limit                     0x0800714c   Number         0  anon$$obj.o(Region$$Table)
    uwTickFreq                               0x20000004   Data           1  stm32f4xx_hal.o(.data..L_MergedGlobals)
    uwTickPrio                               0x20000008   Data           4  stm32f4xx_hal.o(.data..L_MergedGlobals)
    SystemCoreClock                          0x2000000c   Data           4  system_stm32f4xx.o(.data.SystemCoreClock)
    charge_pile                              0x20000010   Data          12  drive.o(.data.charge_pile)
    coff                                     0x2000001c   Data           4  main.o(.data.coff)
    edge_cnt                                 0x20000020   Data           2  dijkstra.o(.data.edge_cnt)
    g                                        0x20000024   Data           4  jy62.o(.data.g)
    initAngle_pack                           0x20000028   Data           3  jy62.o(.data.initAngle_pack)
    max_value                                0x2000002c   Data           4  drive.o(.data.max_value)
    state                                    0x20000030   Data           1  main.o(.data.state)
    zigbeeSend                               0x20000031   Data          12  zigbee_edc24.o(.data.zigbeeSend)
    drive_order_total                        0x20000040   Data           1  drive.o(.bss..L_MergedGlobals)
    drive_only_deliver                       0x20000041   Data           1  drive.o(.bss..L_MergedGlobals)
    drive_state                              0x20000042   Data           1  drive.o(.bss..L_MergedGlobals)
    deliver_state_simple                     0x20000043   Data           1  drive.o(.bss..L_MergedGlobals)
    charge_pile_index                        0x20000044   Data           1  drive.o(.bss..L_MergedGlobals)
    drive_update_order_state_order_num       0x20000045   Data           1  drive.o(.bss..L_MergedGlobals)
    max_index                                0x20000046   Data           1  drive.o(.bss..L_MergedGlobals)
    index                                    0x20000048   Data           2  drive.o(.bss..L_MergedGlobals)
    drive_goal_x                             0x2000004a   Data           2  drive.o(.bss..L_MergedGlobals)
    drive_goal_y                             0x2000004c   Data           2  drive.o(.bss..L_MergedGlobals)
    drive_goal                               0x2000004e   Data           4  drive.o(.bss..L_MergedGlobals)
    drive_angle_goal                         0x20000054   Data           4  drive.o(.bss..L_MergedGlobals)
    delivering_order_id                      0x20000058   Data          10  drive.o(.bss..L_MergedGlobals)
    order_simple                             0x20000064   Data          20  drive.o(.bss..L_MergedGlobals)
    drive_simple_order_ready                 0x20000078   Data          20  drive.o(.bss..L_MergedGlobals)
    receive_flag                             0x2000008c   Data           1  zigbee_edc24.o(.bss..L_MergedGlobals)
    zigbee_huart                             0x20000090   Data           4  zigbee_edc24.o(.bss..L_MergedGlobals)
    gameInfoMessage                          0x20000094   Data         100  zigbee_edc24.o(.bss..L_MergedGlobals)
    x_order_num                              0x200000f8   Data           2  map.o(.bss..L_MergedGlobals)
    y_order_num                              0x200000fa   Data           2  map.o(.bss..L_MergedGlobals)
    x_temp                                   0x200000fc   Data          36  map.o(.bss..L_MergedGlobals)
    y_temp                                   0x20000120   Data          36  map.o(.bss..L_MergedGlobals)
    x_order                                  0x20000144   Data          36  map.o(.bss..L_MergedGlobals)
    node_cnt                                 0x20000168   Data           2  dijkstra.o(.bss..L_MergedGlobals)
    stack_top                                0x2000016a   Data           2  dijkstra.o(.bss..L_MergedGlobals)
    idx                                      0x2000016c   Data           2  main.o(.bss..L_MergedGlobals)
    speed                                    0x20000170   Data          16  main.o(.bss..L_MergedGlobals)
    xPosPid                                  0x20000180   Data          32  main.o(.bss..L_MergedGlobals)
    yPosPid                                  0x200001a0   Data          32  main.o(.bss..L_MergedGlobals)
    zAnglePid                                0x200001c0   Data          32  main.o(.bss..L_MergedGlobals)
    Node_List                                0x200001e0   Data        1296  map.o(.bss.Node_List)
    acc                                      0x200006f0   Data          12  jy62.o(.bss.acc)
    angle                                    0x200006fc   Data          12  jy62.o(.bss.angle)
    barrier                                  0x20000708   Data         104  map.o(.bss.barrier)
    dij2prque                                0x20000770   Data         500  dijkstra.o(.bss.dij2prque)
    djq                                      0x20000964   Data        3202  dijkstra.o(.bss.djq)
    drive_order                              0x200015e8   Data        1960  drive.o(.bss.drive_order)
    e                                        0x20001d90   Data        4800  dijkstra.o(.bss.e)
    gameStatusMessage                        0x20003050   Data         150  zigbee_edc24.o(.bss.gameStatusMessage)
    hdma_usart2_rx                           0x200030e8   Data          96  usart.o(.bss.hdma_usart2_rx)
    hdma_usart3_rx                           0x20003148   Data          96  usart.o(.bss.hdma_usart3_rx)
    head                                     0x200031a8   Data        1600  dijkstra.o(.bss.head)
    height                                   0x200037e8   Data           4  jy62.o(.bss.height)
    htim1                                    0x200037ec   Data          72  tim.o(.bss.htim1)
    htim2                                    0x20003834   Data          72  tim.o(.bss.htim2)
    htim3                                    0x2000387c   Data          72  tim.o(.bss.htim3)
    htim4                                    0x200038c4   Data          72  tim.o(.bss.htim4)
    htim5                                    0x2000390c   Data          72  tim.o(.bss.htim5)
    htim7                                    0x20003954   Data          72  tim.o(.bss.htim7)
    htim8                                    0x2000399c   Data          72  tim.o(.bss.htim8)
    huart1                                   0x200039e4   Data          68  usart.o(.bss.huart1)
    huart2                                   0x20003a28   Data          68  usart.o(.bss.huart2)
    huart3                                   0x20003a6c   Data          68  usart.o(.bss.huart3)
    isOK                                     0x20003ab0   Data         289  map.o(.bss.isOK)
    jy62_buff                                0x20003bd1   Data         200  jy62.o(.bss.jy62_buff)
    jy62_uart                                0x20003c9c   Data           4  jy62.o(.bss.jy62_uart)
    minTree                                  0x20003ca0   Data         500  dijkstra.o(.bss.minTree)
    node                                     0x20003e94   Data        2312  map.o(.bss.node)
    speedPid                                 0x2000479c   Data         192  main.o(.bss.speedPid)
    stack                                    0x2000485c   Data         500  dijkstra.o(.bss.stack)
    uwTick                                   0x20004a50   Data           4  stm32f4xx_hal.o(.bss.uwTick)
    vel                                      0x20004a54   Data          12  jy62.o(.bss.vel)
    vis                                      0x20004a60   Data         250  dijkstra.o(.bss.vis)
    y_order                                  0x20004b5a   Data          36  map.o(.bss.y_order)
    zigbeeMessage                            0x20004b80   Data         200  zigbee_edc24.o(.bss.zigbeeMessage)
    __initial_sp                             0x20005048   Data           0  startup_stm32f407xx.o(STACK)



==============================================================================

Memory Map of the image

  Image Entry point : 0x08000189

  Load Region LR_IROM1 (Base: 0x08000000, Size: 0x00007190, Max: 0x00080000, ABSOLUTE)

    Execution Region ER_IROM1 (Exec base: 0x08000000, Load base: 0x08000000, Size: 0x0000714c, Max: 0x00080000, ABSOLUTE)

    Exec Addr    Load Addr    Size         Type   Attr      Idx    E Section Name        Object

    0x08000000   0x08000000   0x00000188   Data   RO            3    RESET               startup_stm32f407xx.o
    0x08000188   0x08000188   0x00000000   Code   RO         1208  * .ARM.Collect$$$$00000000  mc_w.l(entry.o)
    0x08000188   0x08000188   0x00000004   Code   RO         1273    .ARM.Collect$$$$00000001  mc_w.l(entry2.o)
    0x0800018c   0x0800018c   0x00000004   Code   RO         1276    .ARM.Collect$$$$00000004  mc_w.l(entry5.o)
    0x08000190   0x08000190   0x00000000   Code   RO         1278    .ARM.Collect$$$$00000008  mc_w.l(entry7b.o)
    0x08000190   0x08000190   0x00000000   Code   RO         1280    .ARM.Collect$$$$0000000A  mc_w.l(entry8b.o)
    0x08000190   0x08000190   0x00000008   Code   RO         1281    .ARM.Collect$$$$0000000B  mc_w.l(entry9a.o)
    0x08000198   0x08000198   0x00000000   Code   RO         1283    .ARM.Collect$$$$0000000D  mc_w.l(entry10a.o)
    0x08000198   0x08000198   0x00000000   Code   RO         1285    .ARM.Collect$$$$0000000F  mc_w.l(entry11a.o)
    0x08000198   0x08000198   0x00000004   Code   RO         1274    .ARM.Collect$$$$00002712  mc_w.l(entry2.o)
    0x0800019c   0x0800019c   0x00000024   Code   RO            4    .text               startup_stm32f407xx.o
    0x080001c0   0x080001c0   0x00000062   Code   RO         1211    .text               mc_w.l(uldiv.o)
    0x08000222   0x08000222   0x0000009c   Code   RO         1213    .text               mc_w.l(qsort.o)
    0x080002be   0x080002be   0x00000024   Code   RO         1215    .text               mc_w.l(memcpya.o)
    0x080002e2   0x080002e2   0x00000024   Code   RO         1217    .text               mc_w.l(memseta.o)
    0x08000306   0x08000306   0x0000000e   Code   RO         1219    .text               mc_w.l(strlen.o)
    0x08000314   0x08000314   0x0000014e   Code   RO         1251    .text               mf_w.l(dadd.o)
    0x08000462   0x08000462   0x000000e4   Code   RO         1253    .text               mf_w.l(dmul.o)
    0x08000546   0x08000546   0x000000de   Code   RO         1255    .text               mf_w.l(ddiv.o)
    0x08000624   0x08000624   0x00000036   Code   RO         1259    .text               mf_w.l(dcmplt.o)
    0x0800065a   0x0800065a   0x00000036   Code   RO         1261    .text               mf_w.l(dcmpge.o)
    0x08000690   0x08000690   0x00000022   Code   RO         1263    .text               mf_w.l(dflti.o)
    0x080006b2   0x080006b2   0x0000003e   Code   RO         1265    .text               mf_w.l(dfixi.o)
    0x080006f0   0x080006f0   0x00000032   Code   RO         1267    .text               mf_w.l(dfixui.o)
    0x08000722   0x08000722   0x00000026   Code   RO         1269    .text               mf_w.l(f2d.o)
    0x08000748   0x08000748   0x00000038   Code   RO         1271    .text               mf_w.l(d2f.o)
    0x08000780   0x08000780   0x0000002c   Code   RO         1301    .text               mc_w.l(uidiv.o)
    0x080007ac   0x080007ac   0x0000001e   Code   RO         1303    .text               mc_w.l(llshl.o)
    0x080007ca   0x080007ca   0x00000020   Code   RO         1305    .text               mc_w.l(llushr.o)
    0x080007ea   0x080007ea   0x00000024   Code   RO         1307    .text               mc_w.l(llsshr.o)
    0x0800080e   0x0800080e   0x00000000   Code   RO         1316    .text               mc_w.l(iusefp.o)
    0x0800080e   0x0800080e   0x0000006e   Code   RO         1317    .text               mf_w.l(fepilogue.o)
    0x0800087c   0x0800087c   0x000000ba   Code   RO         1319    .text               mf_w.l(depilogue.o)
    0x08000936   0x08000936   0x000000a2   Code   RO         1321    .text               mf_w.l(dsqrt.o)
    0x080009d8   0x080009d8   0x00000030   Code   RO         1323    .text               mf_w.l(dfixul.o)
    0x08000a08   0x08000a08   0x00000030   Code   RO         1325    .text               mf_w.l(cdrcmple.o)
    0x08000a38   0x08000a38   0x00000024   Code   RO         1327    .text               mc_w.l(init.o)
    0x08000a5c   0x08000a5c   0x000003ea   Code   RO          158    .text.BuildMap      map.o
    0x08000e46   0x08000e46   0x00000002   PAD
    0x08000e48   0x08000e48   0x00000002   Code   RO          333    .text.BusFault_Handler  stm32f4xx_it.o
    0x08000e4a   0x08000e4a   0x00000002   PAD
    0x08000e4c   0x08000e4c   0x0000000c   Code   RO          345    .text.DMA1_Stream1_IRQHandler  stm32f4xx_it.o
    0x08000e58   0x08000e58   0x0000000c   Code   RO          347    .text.DMA1_Stream5_IRQHandler  stm32f4xx_it.o
    0x08000e64   0x08000e64   0x00000002   Code   RO          339    .text.DebugMon_Handler  stm32f4xx_it.o
    0x08000e66   0x08000e66   0x00000002   PAD
    0x08000e68   0x08000e68   0x000003f4   Code   RO          189    .text.Dijkstra      dijkstra.o
    0x0800125c   0x0800125c   0x00000152   Code   RO           80    .text.Drive         drive.o
    0x080013ae   0x080013ae   0x00000002   PAD
    0x080013b0   0x080013b0   0x0000007c   Code   RO           72    .text.Drive_Charge  drive.o
    0x0800142c   0x0800142c   0x000000bc   Code   RO           76    .text.Drive_Deliver_Order  drive.o
    0x080014e8   0x080014e8   0x0000001e   Code   RO           60    .text.Drive_Init    drive.o
    0x08001506   0x08001506   0x00000002   PAD
    0x08001508   0x08001508   0x00000108   Code   RO           62    .text.Drive_Plan    drive.o
    0x08001610   0x08001610   0x00000280   Code   RO           70    .text.Drive_Update_Order_State  drive.o
    0x08001890   0x08001890   0x00000168   Code   RO           74    .text.Drive_Value   drive.o
    0x080019f8   0x080019f8   0x0000000a   Code   RO          216    .text.Error_Handler  main.o
    0x08001a02   0x08001a02   0x00000002   PAD
    0x08001a04   0x08001a04   0x00000220   Code   RO           64    .text.Go_to         drive.o
    0x08001c24   0x08001c24   0x00000092   Code   RO          845    .text.HAL_DMA_Abort  stm32f4xx_hal_dma.o
    0x08001cb6   0x08001cb6   0x00000002   PAD
    0x08001cb8   0x08001cb8   0x00000024   Code   RO          847    .text.HAL_DMA_Abort_IT  stm32f4xx_hal_dma.o
    0x08001cdc   0x08001cdc   0x000001c0   Code   RO          851    .text.HAL_DMA_IRQHandler  stm32f4xx_hal_dma.o
    0x08001e9c   0x08001e9c   0x00000162   Code   RO          837    .text.HAL_DMA_Init  stm32f4xx_hal_dma.o
    0x08001ffe   0x08001ffe   0x00000002   PAD
    0x08002000   0x08002000   0x0000009e   Code   RO          843    .text.HAL_DMA_Start_IT  stm32f4xx_hal_dma.o
    0x0800209e   0x0800209e   0x00000002   PAD
    0x080020a0   0x080020a0   0x00000028   Code   RO          998    .text.HAL_Delay     stm32f4xx_hal.o
    0x080020c8   0x080020c8   0x000001ba   Code   RO          799    .text.HAL_GPIO_Init  stm32f4xx_hal_gpio.o
    0x08002282   0x08002282   0x00000002   PAD
    0x08002284   0x08002284   0x0000000a   Code   RO          805    .text.HAL_GPIO_WritePin  stm32f4xx_hal_gpio.o
    0x0800228e   0x0800228e   0x00000002   PAD
    0x08002290   0x08002290   0x0000000c   Code   RO          990    .text.HAL_GetTick   stm32f4xx_hal.o
    0x0800229c   0x0800229c   0x0000001a   Code   RO          988    .text.HAL_IncTick   stm32f4xx_hal.o
    0x080022b6   0x080022b6   0x00000002   PAD
    0x080022b8   0x080022b8   0x00000036   Code   RO          978    .text.HAL_Init      stm32f4xx_hal.o
    0x080022ee   0x080022ee   0x00000002   PAD
    0x080022f0   0x080022f0   0x00000048   Code   RO          980    .text.HAL_InitTick  stm32f4xx_hal.o
    0x08002338   0x08002338   0x00000038   Code   RO          362    .text.HAL_MspInit   stm32f4xx_hal_msp.o
    0x08002370   0x08002370   0x00000020   Code   RO          936    .text.HAL_NVIC_EnableIRQ  stm32f4xx_hal_cortex.o
    0x08002390   0x08002390   0x00000056   Code   RO          934    .text.HAL_NVIC_SetPriority  stm32f4xx_hal_cortex.o
    0x080023e6   0x080023e6   0x00000002   PAD
    0x080023e8   0x080023e8   0x00000020   Code   RO          932    .text.HAL_NVIC_SetPriorityGrouping  stm32f4xx_hal_cortex.o
    0x08002408   0x08002408   0x00000160   Code   RO          693    .text.HAL_RCC_ClockConfig  stm32f4xx_hal_rcc.o
    0x08002568   0x08002568   0x00000026   Code   RO          705    .text.HAL_RCC_GetPCLK1Freq  stm32f4xx_hal_rcc.o
    0x0800258e   0x0800258e   0x00000002   PAD
    0x08002590   0x08002590   0x00000026   Code   RO          707    .text.HAL_RCC_GetPCLK2Freq  stm32f4xx_hal_rcc.o
    0x080025b6   0x080025b6   0x00000002   PAD
    0x080025b8   0x080025b8   0x0000006c   Code   RO          695    .text.HAL_RCC_GetSysClockFreq  stm32f4xx_hal_rcc.o
    0x08002624   0x08002624   0x00000378   Code   RO          691    .text.HAL_RCC_OscConfig  stm32f4xx_hal_rcc.o
    0x0800299c   0x0800299c   0x0000002c   Code   RO          944    .text.HAL_SYSTICK_Config  stm32f4xx_hal_cortex.o
    0x080029c8   0x080029c8   0x00000002   Code   RO          675    .text.HAL_TIMEx_BreakCallback  stm32f4xx_hal_tim_ex.o
    0x080029ca   0x080029ca   0x00000002   PAD
    0x080029cc   0x080029cc   0x00000002   Code   RO          671    .text.HAL_TIMEx_CommutCallback  stm32f4xx_hal_tim_ex.o
    0x080029ce   0x080029ce   0x00000002   PAD
    0x080029d0   0x080029d0   0x000000b6   Code   RO          665    .text.HAL_TIMEx_MasterConfigSynchronization  stm32f4xx_hal_tim_ex.o
    0x08002a86   0x08002a86   0x00000002   PAD
    0x08002a88   0x08002a88   0x0000005a   Code   RO          370    .text.HAL_TIM_Base_Init  stm32f4xx_hal_tim.o
    0x08002ae2   0x08002ae2   0x00000002   PAD
    0x08002ae4   0x08002ae4   0x0000004a   Code   RO          277    .text.HAL_TIM_Base_MspInit  tim.o
    0x08002b2e   0x08002b2e   0x00000002   PAD
    0x08002b30   0x08002b30   0x000000aa   Code   RO          384    .text.HAL_TIM_Base_Start_IT  stm32f4xx_hal_tim.o
    0x08002bda   0x08002bda   0x00000002   PAD
    0x08002bdc   0x08002bdc   0x000000b2   Code   RO          484    .text.HAL_TIM_Encoder_Init  stm32f4xx_hal_tim.o
    0x08002c8e   0x08002c8e   0x00000002   PAD
    0x08002c90   0x08002c90   0x00000212   Code   RO          273    .text.HAL_TIM_Encoder_MspInit  tim.o
    0x08002ea2   0x08002ea2   0x00000002   PAD
    0x08002ea4   0x08002ea4   0x000000bc   Code   RO          492    .text.HAL_TIM_Encoder_Start  stm32f4xx_hal_tim.o
    0x08002f60   0x08002f60   0x00000002   Code   RO          506    .text.HAL_TIM_IC_CaptureCallback  stm32f4xx_hal_tim.o
    0x08002f62   0x08002f62   0x00000002   PAD
    0x08002f64   0x08002f64   0x00000170   Code   RO          504    .text.HAL_TIM_IRQHandler  stm32f4xx_hal_tim.o
    0x080030d4   0x080030d4   0x00000002   Code   RO          508    .text.HAL_TIM_OC_DelayElapsedCallback  stm32f4xx_hal_tim.o
    0x080030d6   0x080030d6   0x00000002   PAD
    0x080030d8   0x080030d8   0x00000222   Code   RO          524    .text.HAL_TIM_PWM_ConfigChannel  stm32f4xx_hal_tim.o
    0x080032fa   0x080032fa   0x00000002   PAD
    0x080032fc   0x080032fc   0x0000005a   Code   RO          424    .text.HAL_TIM_PWM_Init  stm32f4xx_hal_tim.o
    0x08003356   0x08003356   0x00000002   PAD
    0x08003358   0x08003358   0x00000036   Code   RO          275    .text.HAL_TIM_PWM_MspInit  tim.o
    0x0800338e   0x0800338e   0x00000002   PAD
    0x08003390   0x08003390   0x00000002   Code   RO          510    .text.HAL_TIM_PWM_PulseFinishedCallback  stm32f4xx_hal_tim.o
    0x08003392   0x08003392   0x00000002   PAD
    0x08003394   0x08003394   0x00000112   Code   RO          432    .text.HAL_TIM_PWM_Start  stm32f4xx_hal_tim.o
    0x080034a6   0x080034a6   0x00000002   PAD
    0x080034a8   0x080034a8   0x00000774   Code   RO          220    .text.HAL_TIM_PeriodElapsedCallback  main.o
    0x08003c1c   0x08003c1c   0x00000002   Code   RO          514    .text.HAL_TIM_TriggerCallback  stm32f4xx_hal_tim.o
    0x08003c1e   0x08003c1e   0x00000002   PAD
    0x08003c20   0x08003c20   0x000001f6   Code   RO         1116    .text.HAL_UARTEx_ReceiveToIdle_DMA  stm32f4xx_hal_uart.o
    0x08003e16   0x08003e16   0x00000002   PAD
    0x08003e18   0x08003e18   0x00000470   Code   RO          222    .text.HAL_UARTEx_RxEventCallback  main.o
    0x08004288   0x08004288   0x00000034   Code   RO           98    .text.HAL_UART_ErrorCallback  zigbee_edc24.o
    0x080042bc   0x080042bc   0x00000558   Code   RO         1144    .text.HAL_UART_IRQHandler  stm32f4xx_hal_uart.o
    0x08004814   0x08004814   0x0000005e   Code   RO         1068    .text.HAL_UART_Init  stm32f4xx_hal_uart.o
    0x08004872   0x08004872   0x00000002   PAD
    0x08004874   0x08004874   0x000001de   Code   RO          306    .text.HAL_UART_MspInit  usart.o
    0x08004a52   0x08004a52   0x00000002   PAD
    0x08004a54   0x08004a54   0x00000002   Code   RO         1158    .text.HAL_UART_RxCpltCallback  stm32f4xx_hal_uart.o
    0x08004a56   0x08004a56   0x00000002   PAD
    0x08004a58   0x08004a58   0x00000002   Code   RO         1160    .text.HAL_UART_RxHalfCpltCallback  stm32f4xx_hal_uart.o
    0x08004a5a   0x08004a5a   0x00000002   PAD
    0x08004a5c   0x08004a5c   0x0000027e   Code   RO         1084    .text.HAL_UART_Transmit  stm32f4xx_hal_uart.o
    0x08004cda   0x08004cda   0x00000002   PAD
    0x08004cdc   0x08004cdc   0x00000002   Code   RO         1154    .text.HAL_UART_TxCpltCallback  stm32f4xx_hal_uart.o
    0x08004cde   0x08004cde   0x00000002   PAD
    0x08004ce0   0x08004ce0   0x00000002   Code   RO          329    .text.HardFault_Handler  stm32f4xx_it.o
    0x08004ce2   0x08004ce2   0x00000002   PAD
    0x08004ce4   0x08004ce4   0x00000454   Code   RO          154    .text.Init_Coordinate  map.o
    0x08005138   0x08005138   0x000001d6   Code   RO          156    .text.Judgement     map.o
    0x0800530e   0x0800530e   0x00000002   PAD
    0x08005310   0x08005310   0x00000048   Code   RO          248    .text.MX_DMA_Init   dma.o
    0x08005358   0x08005358   0x000000b6   Code   RO          239    .text.MX_GPIO_Init  gpio.o
    0x0800540e   0x0800540e   0x00000002   PAD
    0x08005410   0x08005410   0x0000006c   Code   RO          257    .text.MX_TIM1_Init  tim.o
    0x0800547c   0x0800547c   0x00000064   Code   RO          259    .text.MX_TIM2_Init  tim.o
    0x080054e0   0x080054e0   0x00000068   Code   RO          261    .text.MX_TIM3_Init  tim.o
    0x08005548   0x08005548   0x00000068   Code   RO          263    .text.MX_TIM4_Init  tim.o
    0x080055b0   0x080055b0   0x0000010a   Code   RO          265    .text.MX_TIM5_Init  tim.o
    0x080056ba   0x080056ba   0x00000002   PAD
    0x080056bc   0x080056bc   0x00000054   Code   RO          269    .text.MX_TIM7_Init  tim.o
    0x08005710   0x08005710   0x0000006e   Code   RO          271    .text.MX_TIM8_Init  tim.o
    0x0800577e   0x0800577e   0x00000002   PAD
    0x08005780   0x08005780   0x0000003c   Code   RO          300    .text.MX_USART1_UART_Init  usart.o
    0x080057bc   0x080057bc   0x0000003c   Code   RO          302    .text.MX_USART2_UART_Init  usart.o
    0x080057f8   0x080057f8   0x0000003c   Code   RO          304    .text.MX_USART3_UART_Init  usart.o
    0x08005834   0x08005834   0x00000002   Code   RO          331    .text.MemManage_Handler  stm32f4xx_it.o
    0x08005836   0x08005836   0x00000002   PAD
    0x08005838   0x08005838   0x00000002   Code   RO          327    .text.NMI_Handler   stm32f4xx_it.o
    0x0800583a   0x0800583a   0x00000002   PAD
    0x0800583c   0x0800583c   0x00000002   Code   RO          341    .text.PendSV_Handler  stm32f4xx_it.o
    0x0800583e   0x0800583e   0x00000002   PAD
    0x08005840   0x08005840   0x00000002   Code   RO          337    .text.SVC_Handler   stm32f4xx_it.o
    0x08005842   0x08005842   0x00000002   PAD
    0x08005844   0x08005844   0x00000004   Code   RO          343    .text.SysTick_Handler  stm32f4xx_it.o
    0x08005848   0x08005848   0x000000b0   Code   RO          214    .text.SystemClock_Config  main.o
    0x080058f8   0x080058f8   0x00000012   Code   RO         1188    .text.SystemInit    system_stm32f4xx.o
    0x0800590a   0x0800590a   0x00000002   PAD
    0x0800590c   0x0800590c   0x0000000c   Code   RO          353    .text.TIM7_IRQHandler  stm32f4xx_it.o
    0x08005918   0x08005918   0x0000013c   Code   RO          374    .text.TIM_Base_SetConfig  stm32f4xx_hal_tim.o
    0x08005a54   0x08005a54   0x0000000c   Code   RO         1148    .text.UART_DMAAbortOnError  stm32f4xx_hal_uart.o
    0x08005a60   0x08005a60   0x0000017c   Code   RO         1100    .text.UART_DMAError  stm32f4xx_hal_uart.o
    0x08005bdc   0x08005bdc   0x0000015a   Code   RO         1176    .text.UART_DMAReceiveCplt  stm32f4xx_hal_uart.o
    0x08005d36   0x08005d36   0x00000002   PAD
    0x08005d38   0x08005d38   0x00000014   Code   RO         1178    .text.UART_DMARxHalfCplt  stm32f4xx_hal_uart.o
    0x08005d4c   0x08005d4c   0x000000fe   Code   RO         1146    .text.UART_Receive_IT  stm32f4xx_hal_uart.o
    0x08005e4a   0x08005e4a   0x00000002   PAD
    0x08005e4c   0x08005e4c   0x000000e2   Code   RO         1072    .text.UART_SetConfig  stm32f4xx_hal_uart.o
    0x08005f2e   0x08005f2e   0x00000002   PAD
    0x08005f30   0x08005f30   0x0000000c   Code   RO          349    .text.USART2_IRQHandler  stm32f4xx_it.o
    0x08005f3c   0x08005f3c   0x0000000c   Code   RO          351    .text.USART3_IRQHandler  stm32f4xx_it.o
    0x08005f48   0x08005f48   0x00000002   Code   RO          335    .text.UsageFault_Handler  stm32f4xx_it.o
    0x08005f4a   0x08005f4a   0x00000002   PAD
    0x08005f4c   0x08005f4c   0x0000003e   Code   RO          191    .text.add           dijkstra.o
    0x08005f8a   0x08005f8a   0x00000002   PAD
    0x08005f8c   0x08005f8c   0x00000020   Code   RO          193    .text.clear_edge    dijkstra.o
    0x08005fac   0x08005fac   0x0000000c   Code   RO          152    .text.cmp           map.o
    0x08005fb8   0x08005fb8   0x0000000c   Code   RO          120    .text.getGameStage  zigbee_edc24.o
    0x08005fc4   0x08005fc4   0x00000012   Code   RO          106    .text.getGameStatus  zigbee_edc24.o
    0x08005fd6   0x08005fd6   0x00000002   PAD
    0x08005fd8   0x08005fd8   0x0000000e   Code   RO          104    .text.getGameTime   zigbee_edc24.o
    0x08005fe6   0x08005fe6   0x00000002   PAD
    0x08005fe8   0x08005fe8   0x00000032   Code   RO          118    .text.getLatestPendingOrder  zigbee_edc24.o
    0x0800601a   0x0800601a   0x00000002   PAD
    0x0800601c   0x0800601c   0x0000001a   Code   RO          122    .text.getOneBarrier  zigbee_edc24.o
    0x08006036   0x08006036   0x00000002   PAD
    0x08006038   0x08006038   0x00000030   Code   RO          116    .text.getOneOrder   zigbee_edc24.o
    0x08006068   0x08006068   0x00000012   Code   RO          130    .text.getOneOwnPile  zigbee_edc24.o
    0x0800607a   0x0800607a   0x00000002   PAD
    0x0800607c   0x0800607c   0x0000000c   Code   RO          114    .text.getOrderNum   zigbee_edc24.o
    0x08006088   0x08006088   0x0000000e   Code   RO          126    .text.getOwnChargingPileNum  zigbee_edc24.o
    0x08006096   0x08006096   0x00000002   PAD
    0x08006098   0x08006098   0x0000000e   Code   RO          112    .text.getRemainDist  zigbee_edc24.o
    0x080060a6   0x080060a6   0x00000002   PAD
    0x080060a8   0x080060a8   0x0000000e   Code   RO          110    .text.getVehiclePos  zigbee_edc24.o
    0x080060b6   0x080060b6   0x00000002   PAD
    0x080060b8   0x080060b8   0x0000001c   Code   RO           33    .text.initAngle     jy62.o
    0x080060d4   0x080060d4   0x0000000c   Code   RO           25    .text.jy62_init     jy62.o
    0x080060e0   0x080060e0   0x00000274   Code   RO          212    .text.main          main.o
    0x08006354   0x08006354   0x00000078   Code   RO           15    .text.pid_calculate  pid.o
    0x080063cc   0x080063cc   0x00000012   Code   RO           13    .text.pid_init      pid.o
    0x080063de   0x080063de   0x00000002   PAD
    0x080063e0   0x080063e0   0x000000cc   Code   RO          185    .text.priority_queue_down  dijkstra.o
    0x080064ac   0x080064ac   0x0000001c   Code   RO          134    .text.reqGameInfo   zigbee_edc24.o
    0x080064c8   0x080064c8   0x0000001e   Code   RO          136    .text.setChargingPile  zigbee_edc24.o
    0x080064e6   0x080064e6   0x00000002   PAD
    0x080064e8   0x080064e8   0x0000003e   Code   RO          312    .text.u1_printf     usart.o
    0x08006526   0x08006526   0x00000002   PAD
    0x08006528   0x08006528   0x0000014c   Code   RO          102    .text.zigbeeMessageRecord  zigbee_edc24.o
    0x08006674   0x08006674   0x00000048   Code   RO          100    .text.zigbee_Init   zigbee_edc24.o
    0x080066bc   0x080066bc   0x00000024   Code   RO         1230    i.__0vsprintf       mc_w.l(printfa.o)
    0x080066e0   0x080066e0   0x0000007a   Code   RO         1202    i.__hardfp_sqrt     m_wm.l(sqrt.o)
    0x0800675a   0x0800675a   0x0000000e   Code   RO         1333    i.__scatterload_copy  mc_w.l(handlers.o)
    0x08006768   0x08006768   0x00000002   Code   RO         1334    i.__scatterload_null  mc_w.l(handlers.o)
    0x0800676a   0x0800676a   0x0000000e   Code   RO         1335    i.__scatterload_zeroinit  mc_w.l(handlers.o)
    0x08006778   0x08006778   0x0000000c   Code   RO         1311    i.__set_errno       mc_w.l(errno.o)
    0x08006784   0x08006784   0x00000184   Code   RO         1231    i._fp_digits        mc_w.l(printfa.o)
    0x08006908   0x08006908   0x000006dc   Code   RO         1232    i._printf_core      mc_w.l(printfa.o)
    0x08006fe4   0x08006fe4   0x00000024   Code   RO         1233    i._printf_post_padding  mc_w.l(printfa.o)
    0x08007008   0x08007008   0x0000002e   Code   RO         1234    i._printf_pre_padding  mc_w.l(printfa.o)
    0x08007036   0x08007036   0x0000000a   Code   RO         1236    i._sputc            mc_w.l(printfa.o)
    0x08007040   0x08007040   0x00000010   Data   RO         1193    .rodata.AHBPrescTable  system_stm32f4xx.o
    0x08007050   0x08007050   0x00000008   Data   RO         1194    .rodata.APBPrescTable  system_stm32f4xx.o
    0x08007058   0x08007058   0x00000008   Data   RO          861    .rodata.cst8        stm32f4xx_hal_dma.o
    0x08007060   0x08007060   0x000000cc   Data   RO           83    .rodata.str1.1      drive.o
    0x0800712c   0x0800712c   0x00000020   Data   RO         1332    Region$$Table       anon$$obj.o


    Execution Region RW_IRAM1 (Exec base: 0x20000000, Load base: 0x08007150, Size: 0x00005048, Max: 0x0001c000, ABSOLUTE)

    Exec Addr    Load Addr    Size         Type   Attr      Idx    E Section Name        Object

    0x20000000   0x08007150   0x00000004   Data   RW         1312    .data               mc_w.l(errno.o)
    0x20000004   0x08007154   0x00000008   Data   RW         1033    .data..L_MergedGlobals  stm32f4xx_hal.o
    0x2000000c   0x0800715c   0x00000004   Data   RW         1192    .data.SystemCoreClock  system_stm32f4xx.o
    0x20000010   0x08007160   0x0000000c   Data   RW           82    .data.charge_pile   drive.o
    0x2000001c   0x0800716c   0x00000004   Data   RW          224    .data.coff          main.o
    0x20000020   0x08007170   0x00000002   Data   RW          202    .data.edge_cnt      dijkstra.o
    0x20000022   0x08007172   0x00000002   PAD
    0x20000024   0x08007174   0x00000004   Data   RW           42    .data.g             jy62.o
    0x20000028   0x08007178   0x00000003   Data   RW           35    .data.initAngle_pack  jy62.o
    0x2000002b   0x0800717b   0x00000001   PAD
    0x2000002c   0x0800717c   0x00000004   Data   RW           85    .data.max_value     drive.o
    0x20000030   0x08007180   0x00000001   Data   RW          225    .data.state         main.o
    0x20000031   0x08007181   0x0000000c   Data   RW          138    .data.zigbeeSend    zigbee_edc24.o
    0x2000003d   0x0800718d   0x00000003   PAD
    0x20000040        -       0x0000004c   Zero   RW           89    .bss..L_MergedGlobals  drive.o
    0x2000008c        -       0x0000006c   Zero   RW          141    .bss..L_MergedGlobals  zigbee_edc24.o
    0x200000f8        -       0x00000070   Zero   RW          166    .bss..L_MergedGlobals  map.o
    0x20000168        -       0x00000004   Zero   RW          203    .bss..L_MergedGlobals  dijkstra.o
    0x2000016c        -       0x00000074   Zero   RW          230    .bss..L_MergedGlobals  main.o
    0x200001e0        -       0x00000510   Zero   RW          163    .bss.Node_List      map.o
    0x200006f0        -       0x0000000c   Zero   RW           44    .bss.acc            jy62.o
    0x200006fc        -       0x0000000c   Zero   RW           45    .bss.angle          jy62.o
    0x20000708        -       0x00000068   Zero   RW          160    .bss.barrier        map.o
    0x20000770        -       0x000001f4   Zero   RW          195    .bss.dij2prque      dijkstra.o
    0x20000964        -       0x00000c82   Zero   RW          196    .bss.djq            dijkstra.o
    0x200015e6   0x0800718d   0x00000002   PAD
    0x200015e8        -       0x000007a8   Zero   RW           84    .bss.drive_order    drive.o
    0x20001d90        -       0x000012c0   Zero   RW          200    .bss.e              dijkstra.o
    0x20003050        -       0x00000096   Zero   RW          140    .bss.gameStatusMessage  zigbee_edc24.o
    0x200030e6   0x0800718d   0x00000002   PAD
    0x200030e8        -       0x00000060   Zero   RW          317    .bss.hdma_usart2_rx  usart.o
    0x20003148        -       0x00000060   Zero   RW          318    .bss.hdma_usart3_rx  usart.o
    0x200031a8        -       0x00000640   Zero   RW          199    .bss.head           dijkstra.o
    0x200037e8        -       0x00000004   Zero   RW           47    .bss.height         jy62.o
    0x200037ec        -       0x00000048   Zero   RW          285    .bss.htim1          tim.o
    0x20003834        -       0x00000048   Zero   RW          286    .bss.htim2          tim.o
    0x2000387c        -       0x00000048   Zero   RW          287    .bss.htim3          tim.o
    0x200038c4        -       0x00000048   Zero   RW          288    .bss.htim4          tim.o
    0x2000390c        -       0x00000048   Zero   RW          289    .bss.htim5          tim.o
    0x20003954        -       0x00000048   Zero   RW          290    .bss.htim7          tim.o
    0x2000399c        -       0x00000048   Zero   RW          291    .bss.htim8          tim.o
    0x200039e4        -       0x00000044   Zero   RW          314    .bss.huart1         usart.o
    0x20003a28        -       0x00000044   Zero   RW          315    .bss.huart2         usart.o
    0x20003a6c        -       0x00000044   Zero   RW          316    .bss.huart3         usart.o
    0x20003ab0        -       0x00000121   Zero   RW          164    .bss.isOK           map.o
    0x20003bd1        -       0x000000c8   Zero   RW           48    .bss.jy62_buff      jy62.o
    0x20003c99   0x0800718d   0x00000003   PAD
    0x20003c9c        -       0x00000004   Zero   RW           43    .bss.jy62_uart      jy62.o
    0x20003ca0        -       0x000001f4   Zero   RW          198    .bss.minTree        dijkstra.o
    0x20003e94        -       0x00000908   Zero   RW          162    .bss.node           map.o
    0x2000479c        -       0x000000c0   Zero   RW          226    .bss.speedPid       main.o
    0x2000485c        -       0x000001f4   Zero   RW          201    .bss.stack          dijkstra.o
    0x20004a50        -       0x00000004   Zero   RW         1032    .bss.uwTick         stm32f4xx_hal.o
    0x20004a54        -       0x0000000c   Zero   RW           46    .bss.vel            jy62.o
    0x20004a60        -       0x000000fa   Zero   RW          197    .bss.vis            dijkstra.o
    0x20004b5a        -       0x00000024   Zero   RW          161    .bss.y_order        map.o
    0x20004b7e   0x0800718d   0x00000002   PAD
    0x20004b80        -       0x000000c8   Zero   RW          139    .bss.zigbeeMessage  zigbee_edc24.o
    0x20004c48        -       0x00000400   Zero   RW            1    STACK               startup_stm32f407xx.o


==============================================================================

Image component sizes


      Code (inc. data)   RO Data    RW Data    ZI Data      Debug   Object Name

      1310          0          0          2      11356       8333   dijkstra.o
        72          0          0          0          0       3460   dma.o
      2488         60        204         16       2036       9926   drive.o
       182          0          0          0          0       2206   gpio.o
        40          0          0          7        244       4229   jy62.o
      3858        188          0          5        308      12681   main.o
      2592          0          0          0       4149       5349   map.o
       138          8          0          0          0       1166   pid.o
        36          8        392          0       1024        832   startup_stm32f407xx.o
       204          0          0          8          4       7289   stm32f4xx_hal.o
       194          0          0          0          0      10487   stm32f4xx_hal_cortex.o
      1142          6          8          0          0      10577   stm32f4xx_hal_dma.o
       452          0          0          0          0       5281   stm32f4xx_hal_gpio.o
        56          0          0          0          0       1450   stm32f4xx_hal_msp.o
      1424          0          0          0          0       7408   stm32f4xx_hal_rcc.o
      2228          4          0          0          0      55008   stm32f4xx_hal_tim.o
       186          0          0          0          0      21235   stm32f4xx_hal_tim_ex.o
      3846          0          0          0          0      31987   stm32f4xx_hal_uart.o
        80          0          0          0          0       6020   stm32f4xx_it.o
        18          0         24          4          0       2626   system_stm32f4xx.o
      1534          0          0          0        504      11232   tim.o
       720          0          0          0        396       8442   usart.o
       754          0          0         12        458       8105   zigbee_edc24.o

    ----------------------------------------------------------------------
     23684        274        660         60      20488     235329   Object Totals
         0          0         32          0          0          0   (incl. Generated)
       130          0          0          6          9          0   (incl. Padding)

    ----------------------------------------------------------------------

      Code (inc. data)   RO Data    RW Data    ZI Data      Debug   Library Member Name

       122          0          0          0          0        148   sqrt.o
         0          0          0          0          0          0   entry.o
         0          0          0          0          0          0   entry10a.o
         0          0          0          0          0          0   entry11a.o
         8          4          0          0          0          0   entry2.o
         4          0          0          0          0          0   entry5.o
         0          0          0          0          0          0   entry7b.o
         0          0          0          0          0          0   entry8b.o
         8          4          0          0          0          0   entry9a.o
        12          6          0          4          0         68   errno.o
        30          0          0          0          0          0   handlers.o
        36          8          0          0          0         68   init.o
         0          0          0          0          0          0   iusefp.o
        30          0          0          0          0         68   llshl.o
        36          0          0          0          0         68   llsshr.o
        32          0          0          0          0         68   llushr.o
        36          0          0          0          0         68   memcpya.o
        36          0          0          0          0        108   memseta.o
      2272         86          0          0          0        516   printfa.o
       156          0          0          0          0         88   qsort.o
        14          0          0          0          0         68   strlen.o
        44          0          0          0          0         80   uidiv.o
        98          0          0          0          0         92   uldiv.o
        48          0          0          0          0         68   cdrcmple.o
        56          0          0          0          0         88   d2f.o
       334          0          0          0          0        148   dadd.o
        54          0          0          0          0         80   dcmpge.o
        54          0          0          0          0         80   dcmplt.o
       222          0          0          0          0        100   ddiv.o
       186          0          0          0          0        176   depilogue.o
        62          0          0          0          0         80   dfixi.o
        50          0          0          0          0         76   dfixui.o
        48          0          0          0          0         68   dfixul.o
        34          0          0          0          0         76   dflti.o
       228          0          0          0          0         96   dmul.o
       162          0          0          0          0        100   dsqrt.o
        38          0          0          0          0         68   f2d.o
       110          0          0          0          0        168   fepilogue.o

    ----------------------------------------------------------------------
      4660        108          0          4          0       2980   Library Totals
         0          0          0          0          0          0   (incl. Padding)

    ----------------------------------------------------------------------

      Code (inc. data)   RO Data    RW Data    ZI Data      Debug   Library Name

       122          0          0          0          0        148   m_wm.l
      2852        108          0          4          0       1360   mc_w.l
      1686          0          0          0          0       1472   mf_w.l

    ----------------------------------------------------------------------
      4660        108          0          4          0       2980   Library Totals

    ----------------------------------------------------------------------

==============================================================================


      Code (inc. data)   RO Data    RW Data    ZI Data      Debug   

     28344        382        660         64      20488     236585   Grand Totals
     28344        382        660         64      20488     236585   ELF Image Totals
     28344        382        660         64          0          0   ROM Totals

==============================================================================

    Total RO  Size (Code + RO Data)                29004 (  28.32kB)
    Total RW  Size (RW Data + ZI Data)             20552 (  20.07kB)
    Total ROM Size (Code + RO Data + RW Data)      29068 (  28.39kB)

==============================================================================

